ARM Linker, 5.03 [Build 76] [MDK-ARM Professional][RL-ARM]

==============================================================================

Section Cross References

    system_stm32f10x.o(.text) refers to system_stm32f10x.o(.data) for SystemCoreClock
    startup_stm32f10x_md.o(RESET) refers to startup_stm32f10x_md.o(STACK) for __initial_sp
    startup_stm32f10x_md.o(RESET) refers to startup_stm32f10x_md.o(.text) for Reset_Handler
    startup_stm32f10x_md.o(RESET) refers to stm32f10x_it.o(.text) for NMI_Handler
    startup_stm32f10x_md.o(RESET) refers to hal_cm3.o(.emb_text) for SVC_Handler
    startup_stm32f10x_md.o(.text) refers to system_stm32f10x.o(.text) for SystemInit
    startup_stm32f10x_md.o(.text) refers to entry.o(.ARM.Collect$$$$00000000) for __main
    stm32f10x_gpio.o(.text) refers to stm32f10x_rcc.o(.text) for RCC_APB2PeriphResetCmd
    stm32f10x_rcc.o(.text) refers to stm32f10x_rcc.o(.data) for APBAHBPrescTable
    stm32f10x_spi.o(.text) refers to stm32f10x_rcc.o(.text) for RCC_APB2PeriphResetCmd
    stm32f10x_tim.o(.text) refers to stm32f10x_rcc.o(.text) for RCC_APB2PeriphResetCmd
    stm32f10x_usart.o(.text) refers to stm32f10x_rcc.o(.text) for RCC_APB2PeriphResetCmd
    function.o(.text) refers to module.o(.text) for RCC_Config
    function.o(.text) refers to app_config.o(.text) for app_tim
    function.o(.text) refers to memcpya.o(.text) for __aeabi_memcpy4
    function.o(.text) refers to stm32f10x_usart.o(.text) for USART_SendData
    pack.o(.text) refers to stm32f10x_usart.o(.text) for USART_ClearFlag
    pack.o(.text) refers to strlen.o(.text) for strlen
    pack.o(.text) refers to stm32f10x_tim.o(.text) for TIM_Cmd
    pack.o(.text) refers to memseta.o(.text) for __aeabi_memclr
    pack.o(.text) refers to stm32f10x_flash.o(.text) for FLASH_UnlockBank1
    pack.o(.text) refers to memcmp.o(.text) for memcmp
    pack.o(.text) refers to stm32f10x_gpio.o(.text) for GPIO_ResetBits
    pack.o(.text) refers to stm32f10x_spi.o(.text) for SPI_I2S_GetFlagStatus
    pack.o(.text) refers to rt_time.o(i.rt_dly_wait) for rt_dly_wait
    pack.o(.text) refers to pack.o(.data) for u1_count
    pack.o(.text) refers to pack.o(.bss) for u1rec_buff
    stm32f10x_it.o(.text) refers to stm32f10x_usart.o(.text) for USART_GetITStatus
    stm32f10x_it.o(.text) refers to stm32f10x_tim.o(.text) for TIM_Cmd
    stm32f10x_it.o(.text) refers to pack.o(.data) for u1_count
    stm32f10x_it.o(.text) refers to pack.o(.bss) for u1rec_buff
    main.o(.text) refers to function.o(.text) for Init_sys
    main.o(.text) refers to hal_cm3.o(.emb_text) for os_set_env
    main.o(.text) refers to task_list.o(.text) for Init_task
    main.o(.text) refers to rt_task.o(i.rt_sys_init) for rt_sys_init
    module.o(.text) refers to stm32f10x_rcc.o(.text) for RCC_DeInit
    module.o(.text) refers to stm32f10x_flash.o(.text) for FLASH_SetLatency
    module.o(.text) refers to stm32f10x_gpio.o(.text) for GPIO_Init
    module.o(.text) refers to app_config.o(.text) for app_gpio
    module.o(.text) refers to stm32f10x_usart.o(.text) for USART_Init
    module.o(.text) refers to memcmp.o(.text) for memcmp
    module.o(.text) refers to stm32f10x_spi.o(.text) for SPI_Init
    module.o(.text) refers to misc.o(.text) for NVIC_SetVectorTable
    module.o(.text) refers to stm32f10x_tim.o(.text) for TIM_DeInit
    app_config.o(.text) refers to stm32f10x_gpio.o(.text) for GPIO_Init
    app_config.o(.text) refers to module.o(.text) for TIM_Config
    app_plug.o(.text) refers to printf1.o(i.__0printf$1) for __2printf
    app_plug.o(.text) refers to function.o(.text) for mcu_reset
    app_plug.o(.text) refers to malloc.o(i.malloc) for malloc
    app_plug.o(.text) refers to memseta.o(.text) for __aeabi_memclr4
    app_plug.o(.text) refers to pack.o(.text) for usart_rec_data
    app_plug.o(.text) refers to strncmp.o(.text) for strncmp
    app_plug.o(.text) refers to app_plug.o(.constdata) for .constdata
    app_plug.o(.text) refers to rt_time.o(i.rt_dly_wait) for rt_dly_wait
    application.o(.text) refers to app_lib.o(.text) for signal_state
    application.o(.text) refers to memseta.o(.text) for __aeabi_memclr
    application.o(.text) refers to app_plug.o(.text) for default_setting
    application.o(.text) refers to rt_time.o(i.rt_dly_wait) for rt_dly_wait
    application.o(.text) refers to app_config.o(.data) for u1recsem
    application.o(.text) refers to rt_semaphore.o(i.rt_sem_init) for rt_sem_init
    application.o(.text) refers to pack.o(.bss) for u1rec_buff
    application.o(.text) refers to rt_semaphore.o(i.rt_sem_wait) for rt_sem_wait
    application.o(.text) refers to application.o(.data) for timer
    task_list.o(.text) refers to application.o(.text) for app_485
    task_list.o(.text) refers to rt_task.o(i.rt_tsk_prio) for rt_tsk_prio
    task_list.o(.text) refers to rt_task.o(i.rt_tsk_create) for rt_tsk_create
    task_list.o(.text) refers to rt_task.o(i.rt_tsk_delete) for rt_tsk_delete
[...]
    entry2.o(__vectab_stack_and_reset_area) refers to entry.o(.ARM.Collect$$$$00000000) for __main
    entry5.o(.ARM.Collect$$$$00000004) refers to init.o(.text) for __scatterload
    entry9a.o(.ARM.Collect$$$$0000000B) refers to main.o(.text) for main
    entry9b.o(.ARM.Collect$$$$0000000C) refers to main.o(.text) for main
    uldiv.o(.text) refers to llushr.o(.text) for __aeabi_llsr
    uldiv.o(.text) refers to llshl.o(.text) for __aeabi_llsl
    dadd.o(.text) refers to llshl.o(.text) for __aeabi_llsl
    dadd.o(.text) refers to llsshr.o(.text) for __aeabi_lasr
    dadd.o(.text) refers to depilogue.o(.text) for _double_epilogue
    dmul.o(.text) refers to depilogue.o(.text) for _double_epilogue
    ddiv.o(.text) refers to depilogue.o(.text) for _double_round
    dfixul.o(.text) refers to llushr.o(.text) for __aeabi_llsr
    dfixul.o(.text) refers to llshl.o(.text) for __aeabi_llsl
    init.o(.text) refers to entry5.o(.ARM.Collect$$$$00000004) for __main_after_scatterload
    depilogue.o(.text) refers to llshl.o(.text) for __aeabi_llsl
    depilogue.o(.text) refers to llushr.o(.text) for __aeabi_llsr


==============================================================================

Removing Unused input sections from the image.

    Removing core_cm3.o(.emb_text), (32 bytes).
    Removing stm32f10x_exti.o(.text), (284 bytes).
    Removing function.o(.bss), (40 bytes).
    Removing gps_gprs.o(.text), (556 bytes).
    Removing gps_gprs.o(.constdata), (20 bytes).
    Removing gps_gprs_lib.o(.text), (972 bytes).
    Removing gps_gprs_lib.o(.bss), (325 bytes).
    Removing gps_gprs_lib.o(.data), (2 bytes).
    Removing rt_task.o(i.rt_tsk_pass), (48 bytes).
    Removing rt_task.o(i.rt_tsk_self), (16 bytes).
    Removing rt_semaphore.o(i.isr_sem_send), (16 bytes).
    Removing rt_time.o(i.rt_itv_set), (24 bytes).
    Removing rt_time.o(i.rt_itv_wait), (44 bytes).
    Removing rt_time.o(i.rt_time_get), (12 bytes).
    Removing rt_system.o(.emb_text), (0 bytes).
    Removing rt_system.o(i.rt_psh_req), (32 bytes).
    Removing rt_system.o(i.rt_resume), (176 bytes).
    Removing rt_system.o(i.rt_suspend), (44 bytes).
    Removing rt_system.o(i.rt_tsk_lock), (80 bytes).
    Removing rt_system.o(i.rt_tsk_unlock), (80 bytes).
    Removing rt_list.o(i.rt_get_same_rdy_prio), (36 bytes).
    Removing rt_list.o(i.rt_psq_enq), (88 bytes).
    Removing rt_membox.o(i._calloc_box), (30 bytes).
    Removing rt_event.o(i.isr_evt_set), (40 bytes).
    Removing rt_event.o(i.rt_evt_clr), (28 bytes).
    Removing rt_event.o(i.rt_evt_get), (12 bytes).
    Removing rt_event.o(i.rt_evt_set), (96 bytes).
    Removing rt_event.o(i.rt_evt_wait), (60 bytes).
    Removing rt_mailbox.o(i.isr_mbx_receive), (84 bytes).
    Removing rt_mailbox.o(i.isr_mbx_send), (14 bytes).
    Removing rt_mailbox.o(i.rt_mbx_check), (8 bytes).
    Removing rt_mailbox.o(i.rt_mbx_init), (26 bytes).
    Removing rt_mailbox.o(i.rt_mbx_send), (164 bytes).
    Removing rt_mailbox.o(i.rt_mbx_wait), (184 bytes).
    Removing rt_timer.o(i.rt_tmr_create), (80 bytes).
    Removing rt_timer.o(i.rt_tmr_kill), (52 bytes).
    Removing dadd.o(.text), (334 bytes).
    Removing dmul.o(.text), (228 bytes).
    Removing ddiv.o(.text), (222 bytes).
    Removing dfixul.o(.text), (48 bytes).
    Removing cdrcmple.o(.text), (40 bytes).
    Removing depilogue.o(.text), (190 bytes).

42 unused section(s) (total 4867 bytes) removed from the image.

==============================================================================

Image Symbol Table

    Local Symbols

    Symbol Name                              Value     Ov Type        Size  Object(Section)

    ../clib/microlib/division.c              0x00000000   Number         0  uidiv.o ABSOLUTE
    ../clib/microlib/division.c              0x00000000   Number         0  uldiv.o ABSOLUTE
    ../clib/microlib/init/entry.s            0x00000000   Number         0  entry11a.o ABSOLUTE
    ../clib/microlib/init/entry.s            0x00000000   Number         0  entry.o ABSOLUTE
    ../clib/microlib/init/entry.s            0x00000000   Number         0  entry11b.o ABSOLUTE
    ../clib/microlib/init/entry.s            0x00000000   Number         0  entry2.o ABSOLUTE
    ../clib/microlib/init/entry.s            0x00000000   Number         0  entry5.o ABSOLUTE
    ../clib/microlib/init/entry.s            0x00000000   Number         0  entry7b.o ABSOLUTE
    ../clib/microlib/init/entry.s            0x00000000   Number         0  entry8a.o ABSOLUTE
    ../clib/microlib/init/entry.s            0x00000000   Number         0  entry8b.o ABSOLUTE
    ../clib/microlib/init/entry.s            0x00000000   Number         0  entry7a.o ABSOLUTE
    ../clib/microlib/init/entry.s            0x00000000   Number         0  entry9a.o ABSOLUTE
    ../clib/microlib/init/entry.s            0x00000000   Number         0  entry10b.o ABSOLUTE
    ../clib/microlib/init/entry.s            0x00000000   Number         0  entry9b.o ABSOLUTE
    ../clib/microlib/init/entry.s            0x00000000   Number         0  entry10a.o ABSOLUTE
    ../clib/microlib/longlong.c              0x00000000   Number         0  llsshr.o ABSOLUTE
    ../clib/microlib/longlong.c              0x00000000   Number         0  llushr.o ABSOLUTE
    ../clib/microlib/longlong.c              0x00000000   Number         0  llshl.o ABSOLUTE
    ../clib/microlib/malloc/malloc.c         0x00000000   Number         0  malloc.o ABSOLUTE
    ../clib/microlib/malloc/malloc.c         0x00000000   Number         0  mallocra.o ABSOLUTE
    ../clib/microlib/malloc/malloc.c         0x00000000   Number         0  malloca.o ABSOLUTE
    ../clib/microlib/malloc/malloc.c         0x00000000   Number         0  mallocr.o ABSOLUTE
    ../clib/microlib/malloc/mvars.c          0x00000000   Number         0  mvars.o ABSOLUTE
    ../clib/microlib/printf/printf.c         0x00000000   Number         0  printf7.o ABSOLUTE
    ../clib/microlib/printf/printf.c         0x00000000   Number         0  printfa.o ABSOLUTE
    ../clib/microlib/printf/printf.c         0x00000000   Number         0  printfb.o ABSOLUTE
    ../clib/microlib/printf/printf.c         0x00000000   Number         0  printf0.o ABSOLUTE
    ../clib/microlib/printf/printf.c         0x00000000   Number         0  printf6.o ABSOLUTE
    ../clib/microlib/printf/printf.c         0x00000000   Number         0  printf1.o ABSOLUTE
    ../clib/microlib/printf/printf.c         0x00000000   Number         0  printf8.o ABSOLUTE
    ../clib/microlib/printf/printf.c         0x00000000   Number         0  printf2.o ABSOLUTE
    ../clib/microlib/printf/printf.c         0x00000000   Number         0  printf3.o ABSOLUTE
    ../clib/microlib/printf/printf.c         0x00000000   Number         0  printf4.o ABSOLUTE
    ../clib/microlib/printf/printf.c         0x00000000   Number         0  printf5.o ABSOLUTE
    ../clib/microlib/printf/stubs.s          0x00000000   Number         0  stubs.o ABSOLUTE
    ../clib/microlib/stdio/streams.c         0x00000000   Number         0  stdout.o ABSOLUTE
    ../clib/microlib/string/memcmp.c         0x00000000   Number         0  memcmp.o ABSOLUTE
    ../clib/microlib/string/memcpy.c         0x00000000   Number         0  memcpya.o ABSOLUTE
    ../clib/microlib/string/memcpy.c         0x00000000   Number         0  memcpyb.o ABSOLUTE
    ../clib/microlib/string/memset.c         0x00000000   Number         0  memseta.o ABSOLUTE
    ../clib/microlib/string/strcat.c         0x00000000   Number         0  strcat.o ABSOLUTE
    ../clib/microlib/string/strcmp.c         0x00000000   Number         0  strcmp.o ABSOLUTE
    ../clib/microlib/string/strcpy.c         0x00000000   Number         0  strcpy.o ABSOLUTE
    ../clib/microlib/string/strlen.c         0x00000000   Number         0  strlen.o ABSOLUTE
    ../clib/microlib/string/strncmp.c        0x00000000   Number         0  strncmp.o ABSOLUTE
    ../clib/microlib/string/strtok.c         0x00000000   Number         0  strtok.o ABSOLUTE
    ../clib/microlib/string/strtok.c         0x00000000   Number         0  strtok_r.o ABSOLUTE
    ../clib/microlib/stubs.s                 0x00000000   Number         0  iusefp.o ABSOLUTE
    ../fplib/microlib/fpadd.c                0x00000000   Number         0  dadd.o ABSOLUTE
    ../fplib/microlib/fpdiv.c                0x00000000   Number         0  ddiv.o ABSOLUTE
    ../fplib/microlib/fpepilogue.c           0x00000000   Number         0  depilogue.o ABSOLUTE
    ../fplib/microlib/fpfix.c                0x00000000   Number         0  dfixul.o ABSOLUTE
    ../fplib/microlib/fpmul.c                0x00000000   Number         0  dmul.o ABSOLUTE
    App\app_config.c                         0x00000000   Number         0  app_config.o ABSOLUTE
    App\app_plug.c                           0x00000000   Number         0  app_plug.o ABSOLUTE
    App\application.c                        0x00000000   Number         0  application.o ABSOLUTE
    App\projectCode\app_lib.c                0x00000000   Number         0  app_lib.o ABSOLUTE
    App\task_list.c                          0x00000000   Number         0  task_list.o ABSOLUTE
    CMSIS\\core_cm3.c                        0x00000000   Number         0  core_cm3.o ABSOLUTE
    CMSIS\core_cm3.c                         0x00000000   Number         0  core_cm3.o ABSOLUTE
    CMSIS\system_stm32f10x.c                 0x00000000   Number         0  system_stm32f10x.o ABSOLUTE
    GPS_GPRS\gps_gprs.c                      0x00000000   Number         0  gps_gprs.o ABSOLUTE
    GPS_GPRS\gps_gprs_lib.c                  0x00000000   Number         0  gps_gprs_lib.o ABSOLUTE
    SRC\CM\HAL_CM3.c                         0x00000000   Number         0  hal_cm3.o ABSOLUTE
    SRC\CM\SVC_Table.s                       0x00000000   Number         0  SVC_Table.o ABSOLUTE
    SRC\CM\rt_Event.c                        0x00000000   Number         0  rt_event.o ABSOLUTE
    SRC\CM\rt_List.c                         0x00000000   Number         0  rt_list.o ABSOLUTE
    SRC\CM\rt_Mailbox.c                      0x00000000   Number         0  rt_mailbox.o ABSOLUTE
    SRC\CM\rt_MemBox.c                       0x00000000   Number         0  rt_membox.o ABSOLUTE
    SRC\CM\rt_Robin.c                        0x00000000   Number         0  rt_robin.o ABSOLUTE
    SRC\CM\rt_Semaphore.c                    0x00000000   Number         0  rt_semaphore.o ABSOLUTE
    SRC\CM\rt_System.c                       0x00000000   Number         0  rt_system.o ABSOLUTE
    SRC\CM\rt_Task.c                         0x00000000   Number         0  rt_task.o ABSOLUTE
    SRC\CM\rt_Time.c                         0x00000000   Number         0  rt_time.o ABSOLUTE
    SRC\CM\rt_Timer.c                        0x00000000   Number         0  rt_timer.o ABSOLUTE
    SRC\\CM\\HAL_CM3.c                       0x00000000   Number         0  hal_cm3.o ABSOLUTE
    SRC\\CM\\rt_System.c                     0x00000000   Number         0  rt_system.o ABSOLUTE
    StartUp\RTX_Conf_CM.c                    0x00000000   Number         0  rtx_conf_cm.o ABSOLUTE
    StartUp\startup_stm32f10x_md.s           0x00000000   Number         0  startup_stm32f10x_md.o ABSOLUTE
    StdPeriph_Driver\src\misc.c              0x00000000   Number         0  misc.o ABSOLUTE
    StdPeriph_Driver\src\stm32f10x_exti.c    0x00000000   Number         0  stm32f10x_exti.o ABSOLUTE
    StdPeriph_Driver\src\stm32f10x_flash.c   0x00000000   Number         0  stm32f10x_flash.o ABSOLUTE
    StdPeriph_Driver\src\stm32f10x_gpio.c    0x00000000   Number         0  stm32f10x_gpio.o ABSOLUTE
    StdPeriph_Driver\src\stm32f10x_rcc.c     0x00000000   Number         0  stm32f10x_rcc.o ABSOLUTE
    StdPeriph_Driver\src\stm32f10x_spi.c     0x00000000   Number         0  stm32f10x_spi.o ABSOLUTE
    StdPeriph_Driver\src\stm32f10x_tim.c     0x00000000   Number         0  stm32f10x_tim.o ABSOLUTE
    StdPeriph_Driver\src\stm32f10x_usart.c   0x00000000   Number         0  stm32f10x_usart.o ABSOLUTE
    System\function.c                        0x00000000   Number         0  function.o ABSOLUTE
    System\main.c                            0x00000000   Number         0  main.o ABSOLUTE
    System\module.c                          0x00000000   Number         0  module.o ABSOLUTE
    System\pack.c                            0x00000000   Number         0  pack.o ABSOLUTE
    System\stm32f10x_it.c                    0x00000000   Number         0  stm32f10x_it.o ABSOLUTE
    cdrcmple.s                               0x00000000   Number         0  cdrcmple.o ABSOLUTE
    dc.s                                     0x00000000   Number         0  dc.o ABSOLUTE
    handlers.s                               0x00000000   Number         0  handlers.o ABSOLUTE
    init.s                                   0x00000000   Number         0  init.o ABSOLUTE
    RESET                                    0x08002000   Section      236  startup_stm32f10x_md.o(RESET)
    .ARM.Collect$$$$00000000                 0x080020ec   Section        0  entry.o(.ARM.Collect$$$$00000000)
    .ARM.Collect$$$$00000001                 0x080020ec   Section        4  entry2.o(.ARM.Collect$$$$00000001)
    .ARM.Collect$$$$00000004                 0x080020f0   Section        4  entry5.o(.ARM.Collect$$$$00000004)
    .ARM.Collect$$$$00000008                 0x080020f4   Section        0  entry7b.o(.ARM.Collect$$$$00000008)
    .ARM.Collect$$$$0000000A                 0x080020f4   Section        0  entry8b.o(.ARM.Collect$$$$0000000A)
    .ARM.Collect$$$$0000000B                 0x080020f4   Section        8  entry9a.o(.ARM.Collect$$$$0000000B)
    .ARM.Collect$$$$0000000D                 0x080020fc   Section        0  entry10a.o(.ARM.Collect$$$$0000000D)
    .ARM.Collect$$$$0000000F                 0x080020fc   Section        0  entry11a.o(.ARM.Collect$$$$0000000F)
    .ARM.Collect$$$$00002712                 0x080020fc   Section        4  entry2.o(.ARM.Collect$$$$00002712)
    __lit__00000000                          0x080020fc   Data           4  entry2.o(.ARM.Collect$$$$00002712)
    .emb_text                                0x08002100   Section      340  hal_cm3.o(.emb_text)
    .text                                    0x08002254   Section        0  system_stm32f10x.o(.text)
    SetSysClockTo72                          0x08002255   Thumb Code   212  system_stm32f10x.o(.text)
    SetSysClock                              0x08002329   Thumb Code     8  system_stm32f10x.o(.text)
    .text                                    0x0800243c   Section        0  rtx_conf_cm.o(.text)
    .text                                    0x08002448   Section       36  startup_stm32f10x_md.o(.text)
    .text                                    0x0800246c   Section        0  misc.o(.text)
    .text                                    0x08002548   Section        0  stm32f10x_flash.o(.text)
    .text                                    0x08002b04   Section        0  stm32f10x_gpio.o(.text)
    .text                                    0x08002e5c   Section        0  stm32f10x_rcc.o(.text)
    .text                                    0x08003208   Section        0  stm32f10x_spi.o(.text)
    .text                                    0x08003514   Section        0  stm32f10x_tim.o(.text)
    TI4_Config                               0x080039bb   Thumb Code   130  stm32f10x_tim.o(.text)
    TI3_Config                               0x08003a4f   Thumb Code   122  stm32f10x_tim.o(.text)
    TI2_Config                               0x08003ae3   Thumb Code   130  stm32f10x_tim.o(.text)
    TI1_Config                               0x08003b77   Thumb Code   108  stm32f10x_tim.o(.text)
    .text                                    0x08004330   Section        0  stm32f10x_usart.o(.text)
    .text                                    0x08004738   Section        0  function.o(.text)
    .text                                    0x08004858   Section        0  pack.o(.text)
    .text                                    0x08004adc   Section        0  stm32f10x_it.o(.text)
    .text                                    0x08004c1c   Section        0  main.o(.text)
    .text                                    0x08004c3c   Section        0  module.o(.text)
    .text                                    0x08004ff4   Section        0  app_config.o(.text)
    .text                                    0x080050a4   Section        0  app_plug.o(.text)
    .text                                    0x080055f4   Section        0  application.o(.text)
    .text                                    0x08005768   Section        0  task_list.o(.text)
    .text                                    0x0800580c   Section        0  app_lib.o(.text)
    .text                                    0x08005b8c   Section        0  memcpya.o(.text)
    .text                                    0x08005bb0   Section        0  memseta.o(.text)
    .text                                    0x08005bd4   Section        0  strlen.o(.text)
    .text                                    0x08005be2   Section        0  memcmp.o(.text)
    .text                                    0x08005bfc   Section        0  strncmp.o(.text)
    .text                                    0x08005c1a   Section        0  uidiv.o(.text)
    .text                                    0x08005c48   Section       36  init.o(.text)
    SVC_TABLE                                0x08005c6c   Section        4  SVC_Table.o(SVC_TABLE)
    i.__0printf$1                            0x08005c70   Section        0  printf1.o(i.__0printf$1)
    i.__scatterload_copy                     0x08005c90   Section       14  handlers.o(i.__scatterload_copy)
    i.__scatterload_null                     0x08005c9e   Section        2  handlers.o(i.__scatterload_null)
    i.__scatterload_zeroinit                 0x08005ca0   Section       14  handlers.o(i.__scatterload_zeroinit)
    i._init_box                              0x08005cae   Section        0  rt_membox.o(i._init_box)
    i._printf_core                           0x08005cf4   Section        0  printf1.o(i._printf_core)
    _printf_core                             0x08005cf5   Thumb Code   334  printf1.o(i._printf_core)
    i.dbg_init                               0x08005e48   Section        0  hal_cm3.o(i.dbg_init)
    i.dbg_task_notify                        0x08005e78   Section        0  hal_cm3.o(i.dbg_task_notify)
    i.dbg_task_switch                        0x08005e98   Section        0  hal_cm3.o(i.dbg_task_switch)
    i.malloc                                 0x08005ea8   Section        0  malloc.o(i.malloc)
    i.os_tick_init                           0x08005f14   Section        0  rt_system.o(i.os_tick_init)
    i.os_tick_irqack                         0x08005f3c   Section        0  rt_system.o(i.os_tick_irqack)
    i.rt_alloc_box                           0x08005f3e   Section        0  rt_membox.o(i.rt_alloc_box)
    i.rt_block                               0x08005f58   Section        0  rt_task.o(i.rt_block)
    i.rt_chk_robin                           0x08005f90   Section        0  rt_robin.o(i.rt_chk_robin)
    i.rt_dec_dly                             0x08005fd8   Section        0  rt_list.o(i.rt_dec_dly)
    i.rt_dispatch                            0x0800604c   Section        0  rt_task.o(i.rt_dispatch)
    i.rt_dly_wait                            0x08006090   Section        0  rt_time.o(i.rt_dly_wait)
    i.rt_evt_psh                             0x08006098   Section        0  rt_event.o(i.rt_evt_psh)
    i.rt_free_box                            0x080060e4   Section        0  rt_membox.o(i.rt_free_box)
    i.rt_get_first                           0x08006104   Section        0  rt_list.o(i.rt_get_first)
    i.rt_init_context                        0x0800612c   Section        0  rt_task.o(i.rt_init_context)
    rt_init_context                          0x0800612d   Thumb Code    70  rt_task.o(i.rt_init_context)
    i.rt_init_robin                          0x08006178   Section        0  rt_robin.o(i.rt_init_robin)
    i.rt_init_stack                          0x08006190   Section        0  hal_cm3.o(i.rt_init_stack)
    i.rt_mbx_psh                             0x080061e0   Section        0  rt_mailbox.o(i.rt_mbx_psh)
    i.rt_pop_req                             0x080062a0   Section        0  rt_system.o(i.rt_pop_req)
    i.rt_put_dly                             0x0800631c   Section        0  rt_list.o(i.rt_put_dly)
    i.rt_put_prio                            0x08006364   Section        0  rt_list.o(i.rt_put_prio)
    i.rt_put_rdy_first                       0x0800639c   Section        0  rt_list.o(i.rt_put_rdy_first)
    i.rt_resort_prio                         0x080063b0   Section        0  rt_list.o(i.rt_resort_prio)
    i.rt_rmv_dly                             0x080063e4   Section        0  rt_list.o(i.rt_rmv_dly)
    i.rt_rmv_list                            0x0800640c   Section        0  rt_list.o(i.rt_rmv_list)
    i.rt_sem_init                            0x0800643c   Section        0  rt_semaphore.o(i.rt_sem_init)
    i.rt_sem_psh                             0x08006448   Section        0  rt_semaphore.o(i.rt_sem_psh)
    i.rt_sem_send                            0x0800647c   Section        0  rt_semaphore.o(i.rt_sem_send)
    i.rt_sem_wait                            0x080064b4   Section        0  rt_semaphore.o(i.rt_sem_wait)
    i.rt_stk_check                           0x080064f4   Section        0  rt_system.o(i.rt_stk_check)
    i.rt_switch_req                          0x08006518   Section        0  rt_task.o(i.rt_switch_req)
    i.rt_sys_init                            0x08006540   Section        0  rt_task.o(i.rt_sys_init)
    i.rt_systick                             0x08006698   Section        0  rt_system.o(i.rt_systick)
    i.rt_tmr_tick                            0x080066d8   Section        0  rt_timer.o(i.rt_tmr_tick)
    i.rt_tsk_create                          0x08006718   Section        0  rt_task.o(i.rt_tsk_create)
    i.rt_tsk_delete                          0x080067ac   Section        0  rt_task.o(i.rt_tsk_delete)
    i.rt_tsk_prio                            0x08006918   Section        0  rt_task.o(i.rt_tsk_prio)
    .constdata                               0x080069a4   Section       40  rtx_conf_cm.o(.constdata)
    __tagsym$$used                           0x080069b8   Number         0  rtx_conf_cm.o(.constdata)
    __tagsym$$used                           0x080069bc   Number         0  rtx_conf_cm.o(.constdata)
    .constdata                               0x080069cc   Section      614  app_plug.o(.constdata)
    .constdata                               0x08006c34   Section        4  rt_system.o(.constdata)
    __tagsym$$used                           0x08006c34   Number         0  rt_system.o(.constdata)
    .data                                    0x20000000   Section       20  system_stm32f10x.o(.data)
    .data                                    0x20000014   Section        4  rtx_conf_cm.o(.data)
    .data                                    0x20000018   Section       20  stm32f10x_rcc.o(.data)
    APBAHBPrescTable                         0x20000018   Data          16  stm32f10x_rcc.o(.data)
    ADCPrescTable                            0x20000028   Data           4  stm32f10x_rcc.o(.data)
    .data                                    0x2000002c   Section       22  pack.o(.data)
    .data                                    0x20000044   Section       16  app_config.o(.data)
    .data                                    0x20000054   Section       18  application.o(.data)
    .data                                    0x20000068   Section        8  rt_task.o(.data)
    .data                                    0x20000070   Section        4  rt_time.o(.data)
    .data                                    0x20000074   Section        1  hal_cm3.o(.data)
    .data                                    0x20000078   Section        8  rt_system.o(.data)
    os_lock                                  0x20000078   Data           1  rt_system.o(.data)
    os_psh_flag                              0x20000079   Data           1  rt_system.o(.data)
    pend_flags                               0x2000007a   Data           1  rt_system.o(.data)
    .data                                    0x20000080   Section        8  rt_robin.o(.data)
    .data                                    0x20000088   Section        8  rt_timer.o(.data)
    .data                                    0x20000090   Section        4  stdout.o(.data)
    .data                                    0x20000094   Section        4  mvars.o(.data)
    .data                                    0x20000098   Section        4  mvars.o(.data)
    .bss                                     0x200000a0   Section     6140  rtx_conf_cm.o(.bss)
    .bss                                     0x2000189c   Section       40  pack.o(.bss)
    .bss                                     0x200018c4   Section       56  rt_task.o(.bss)
    .bss                                     0x200018fc   Section       48  rt_list.o(.bss)
    HEAP                                     0x20001930   Section      512  startup_stm32f10x_md.o(HEAP)
    STACK                                    0x20001b30   Section     1024  startup_stm32f10x_md.o(STACK)

    Global Symbols

    Symbol Name                              Value     Ov Type        Size  Object(Section)

    BuildAttributes$$THM_ISAv4$P$D$K$B$S$PE$A:L22UL41UL21$X:L11$S22US41US21$IEEE1$IW$USESV6$~STKCKD$USESV7$~SHL$OSPACE$ROPI$EBA8$MICROLIB$REQ8$PRES8$EABIv2 0x00000000   Number         0  anon$$obj.o ABSOLUTE
    __ARM_use_no_argv                        0x00000000   Number         0  main.o ABSOLUTE
    _printf_a                                0x00000000   Number         0  stubs.o ABSOLUTE
    _printf_c                                0x00000000   Number         0  stubs.o ABSOLUTE
    _printf_charcount                        0x00000000   Number         0  stubs.o ABSOLUTE
    _printf_d                                0x00000000   Number         0  stubs.o ABSOLUTE
    _printf_e                                0x00000000   Number         0  stubs.o ABSOLUTE
    _printf_f                                0x00000000   Number         0  stubs.o ABSOLUTE
    _printf_flags                            0x00000000   Number         0  stubs.o ABSOLUTE
    _printf_fp_dec                           0x00000000   Number         0  stubs.o ABSOLUTE
    _printf_fp_hex                           0x00000000   Number         0  stubs.o ABSOLUTE
    _printf_g                                0x00000000   Number         0  stubs.o ABSOLUTE
    _printf_i                                0x00000000   Number         0  stubs.o ABSOLUTE
    _printf_int_dec                          0x00000000   Number         0  stubs.o ABSOLUTE
    _printf_l                                0x00000000   Number         0  stubs.o ABSOLUTE
    _printf_lc                               0x00000000   Number         0  stubs.o ABSOLUTE
    _printf_ll                               0x00000000   Number         0  stubs.o ABSOLUTE
    _printf_lld                              0x00000000   Number         0  stubs.o ABSOLUTE
    _printf_lli                              0x00000000   Number         0  stubs.o ABSOLUTE
    _printf_llo                              0x00000000   Number         0  stubs.o ABSOLUTE
    _printf_llu                              0x00000000   Number         0  stubs.o ABSOLUTE
    _printf_llx                              0x00000000   Number         0  stubs.o ABSOLUTE
    _printf_longlong_dec                     0x00000000   Number         0  stubs.o ABSOLUTE
    _printf_longlong_hex                     0x00000000   Number         0  stubs.o ABSOLUTE
    _printf_longlong_oct                     0x00000000   Number         0  stubs.o ABSOLUTE
    _printf_ls                               0x00000000   Number         0  stubs.o ABSOLUTE
    _printf_mbtowc                           0x00000000   Number         0  stubs.o ABSOLUTE
    _printf_n                                0x00000000   Number         0  stubs.o ABSOLUTE
    _printf_o                                0x00000000   Number         0  stubs.o ABSOLUTE
    _printf_p                                0x00000000   Number         0  stubs.o ABSOLUTE
    _printf_percent                          0x00000000   Number         0  stubs.o ABSOLUTE
    _printf_pre_padding                      0x00000000   Number         0  stubs.o ABSOLUTE
    _printf_return_value                     0x00000000   Number         0  stubs.o ABSOLUTE
    _printf_s                                0x00000000   Number         0  stubs.o ABSOLUTE
    _printf_sizespec                         0x00000000   Number         0  stubs.o ABSOLUTE
    _printf_str                              0x00000000   Number         0  stubs.o ABSOLUTE
    _printf_truncate_signed                  0x00000000   Number         0  stubs.o ABSOLUTE
    _printf_truncate_unsigned                0x00000000   Number         0  stubs.o ABSOLUTE
    _printf_u                                0x00000000   Number         0  stubs.o ABSOLUTE
    _printf_wc                               0x00000000   Number         0  stubs.o ABSOLUTE
    _printf_wctomb                           0x00000000   Number         0  stubs.o ABSOLUTE
    _printf_widthprec                        0x00000000   Number         0  stubs.o ABSOLUTE
    _printf_x                                0x00000000   Number         0  stubs.o ABSOLUTE
    __cpp_initialize__aeabi_                  - Undefined Weak Reference
    __cxa_finalize                            - Undefined Weak Reference
    __decompress                              - Undefined Weak Reference
    _clock_init                               - Undefined Weak Reference
    _microlib_exit                            - Undefined Weak Reference
    __Vectors_Size                           0x000000ec   Number         0  startup_stm32f10x_md.o ABSOLUTE
    __RL_RTX_VER                             0x00000473   Number         0  rt_system.o ABSOLUTE
    __Vectors                                0x08002000   Data           4  startup_stm32f10x_md.o(RESET)
    __Vectors_End                            0x080020ec   Data           0  startup_stm32f10x_md.o(RESET)
    __main                                   0x080020ed   Thumb Code     0  entry.o(.ARM.Collect$$$$00000000)
    _main_stk                                0x080020ed   Thumb Code     0  entry2.o(.ARM.Collect$$$$00000001)
    _main_scatterload                        0x080020f1   Thumb Code     0  entry5.o(.ARM.Collect$$$$00000004)
    __main_after_scatterload                 0x080020f5   Thumb Code     0  entry5.o(.ARM.Collect$$$$00000004)
    _main_clock                              0x080020f5   Thumb Code     0  entry7b.o(.ARM.Collect$$$$00000008)
    _main_cpp_init                           0x080020f5   Thumb Code     0  entry8b.o(.ARM.Collect$$$$0000000A)
    _main_init                               0x080020f5   Thumb Code     0  entry9a.o(.ARM.Collect$$$$0000000B)
    __rt_final_cpp                           0x080020fd   Thumb Code     0  entry10a.o(.ARM.Collect$$$$0000000D)
    __rt_final_exit                          0x080020fd   Thumb Code     0  entry11a.o(.ARM.Collect$$$$0000000F)
    rt_set_PSP                               0x08002101   Thumb Code     6  hal_cm3.o(.emb_text)
    rt_get_PSP                               0x08002107   Thumb Code     6  hal_cm3.o(.emb_text)
    os_set_env                               0x0800210d   Thumb Code    24  hal_cm3.o(.emb_text)
    _alloc_box                               0x08002129   Thumb Code    28  hal_cm3.o(.emb_text)
    _free_box                                0x08002149   Thumb Code    28  hal_cm3.o(.emb_text)
    SVC_Handler                              0x08002169   Thumb Code   124  hal_cm3.o(.emb_text)
    PendSV_Handler                           0x080021f1   Thumb Code    76  hal_cm3.o(.emb_text)
    SysTick_Handler                          0x08002241   Thumb Code     8  hal_cm3.o(.emb_text)
    OS_Tick_Handler                          0x08002249   Thumb Code    12  hal_cm3.o(.emb_text)
    SystemInit                               0x08002331   Thumb Code    76  system_stm32f10x.o(.text)
    SystemCoreClockUpdate                    0x0800237d   Thumb Code   142  system_stm32f10x.o(.text)
    os_idle_demon                            0x0800243d   Thumb Code     4  rtx_conf_cm.o(.text)
    os_tmr_call                              0x08002441   Thumb Code     2  rtx_conf_cm.o(.text)
    os_error                                 0x08002443   Thumb Code     4  rtx_conf_cm.o(.text)
    Reset_Handler                            0x08002449   Thumb Code     8  startup_stm32f10x_md.o(.text)
    ADC1_2_IRQHandler                        0x08002463   Thumb Code     0  startup_stm32f10x_md.o(.text)
    CAN1_RX1_IRQHandler                      0x08002463   Thumb Code     0  startup_stm32f10x_md.o(.text)
    CAN1_SCE_IRQHandler                      0x08002463   Thumb Code     0  startup_stm32f10x_md.o(.text)
    DMA1_Channel1_IRQHandler                 0x08002463   Thumb Code     0  startup_stm32f10x_md.o(.text)
    DMA1_Channel2_IRQHandler                 0x08002463   Thumb Code     0  startup_stm32f10x_md.o(.text)
    DMA1_Channel3_IRQHandler                 0x08002463   Thumb Code     0  startup_stm32f10x_md.o(.text)
    DMA1_Channel4_IRQHandler                 0x08002463   Thumb Code     0  startup_stm32f10x_md.o(.text)
    DMA1_Channel5_IRQHandler                 0x08002463   Thumb Code     0  startup_stm32f10x_md.o(.text)
    DMA1_Channel6_IRQHandler                 0x08002463   Thumb Code     0  startup_stm32f10x_md.o(.text)
    DMA1_Channel7_IRQHandler                 0x08002463   Thumb Code     0  startup_stm32f10x_md.o(.text)
    EXTI0_IRQHandler                         0x08002463   Thumb Code     0  startup_stm32f10x_md.o(.text)
    EXTI15_10_IRQHandler                     0x08002463   Thumb Code     0  startup_stm32f10x_md.o(.text)
    EXTI1_IRQHandler                         0x08002463   Thumb Code     0  startup_stm32f10x_md.o(.text)
    EXTI2_IRQHandler                         0x08002463   Thumb Code     0  startup_stm32f10x_md.o(.text)
    EXTI3_IRQHandler                         0x08002463   Thumb Code     0  startup_stm32f10x_md.o(.text)
    EXTI4_IRQHandler                         0x08002463   Thumb Code     0  startup_stm32f10x_md.o(.text)
    EXTI9_5_IRQHandler                       0x08002463   Thumb Code     0  startup_stm32f10x_md.o(.text)
    FLASH_IRQHandler                         0x08002463   Thumb Code     0  startup_stm32f10x_md.o(.text)
    I2C1_ER_IRQHandler                       0x08002463   Thumb Code     0  startup_stm32f10x_md.o(.text)
    I2C1_EV_IRQHandler                       0x08002463   Thumb Code     0  startup_stm32f10x_md.o(.text)
    I2C2_ER_IRQHandler                       0x08002463   Thumb Code     0  startup_stm32f10x_md.o(.text)
    I2C2_EV_IRQHandler                       0x08002463   Thumb Code     0  startup_stm32f10x_md.o(.text)
    PVD_IRQHandler                           0x08002463   Thumb Code     0  startup_stm32f10x_md.o(.text)
    RCC_IRQHandler                           0x08002463   Thumb Code     0  startup_stm32f10x_md.o(.text)
    RTCAlarm_IRQHandler                      0x08002463   Thumb Code     0  startup_stm32f10x_md.o(.text)
    RTC_IRQHandler                           0x08002463   Thumb Code     0  startup_stm32f10x_md.o(.text)
    SPI1_IRQHandler                          0x08002463   Thumb Code     0  startup_stm32f10x_md.o(.text)
    SPI2_IRQHandler                          0x08002463   Thumb Code     0  startup_stm32f10x_md.o(.text)
    TAMPER_IRQHandler                        0x08002463   Thumb Code     0  startup_stm32f10x_md.o(.text)
    TIM1_BRK_IRQHandler                      0x08002463   Thumb Code     0  startup_stm32f10x_md.o(.text)
    TIM1_CC_IRQHandler                       0x08002463   Thumb Code     0  startup_stm32f10x_md.o(.text)
    TIM1_TRG_COM_IRQHandler                  0x08002463   Thumb Code     0  startup_stm32f10x_md.o(.text)
    TIM1_UP_IRQHandler                       0x08002463   Thumb Code     0  startup_stm32f10x_md.o(.text)
    USART3_IRQHandler                        0x08002463   Thumb Code     0  startup_stm32f10x_md.o(.text)
    USBWakeUp_IRQHandler                     0x08002463   Thumb Code     0  startup_stm32f10x_md.o(.text)
    USB_HP_CAN1_TX_IRQHandler                0x08002463   Thumb Code     0  startup_stm32f10x_md.o(.text)
    USB_LP_CAN1_RX0_IRQHandler               0x08002463   Thumb Code     0  startup_stm32f10x_md.o(.text)
    WWDG_IRQHandler                          0x08002463   Thumb Code     0  startup_stm32f10x_md.o(.text)
    NVIC_PriorityGroupConfig                 0x0800246d   Thumb Code    10  misc.o(.text)
    NVIC_Init                                0x08002477   Thumb Code   102  misc.o(.text)
    NVIC_SetVectorTable                      0x080024dd   Thumb Code    14  misc.o(.text)
    NVIC_SystemLPConfig                      0x080024eb   Thumb Code    34  misc.o(.text)
    SysTick_CLKSourceConfig                  0x0800250d   Thumb Code    40  misc.o(.text)
    FLASH_SetLatency                         0x08002549   Thumb Code    18  stm32f10x_flash.o(.text)
    FLASH_HalfCycleAccessCmd                 0x0800255b   Thumb Code    22  stm32f10x_flash.o(.text)
    FLASH_PrefetchBufferCmd                  0x08002571   Thumb Code    22  stm32f10x_flash.o(.text)
    FLASH_Unlock                             0x08002587   Thumb Code    12  stm32f10x_flash.o(.text)
    FLASH_UnlockBank1                        0x08002593   Thumb Code    12  stm32f10x_flash.o(.text)
    FLASH_Lock                               0x0800259f   Thumb Code    14  stm32f10x_flash.o(.text)
    FLASH_LockBank1                          0x080025ad   Thumb Code    14  stm32f10x_flash.o(.text)
    FLASH_GetBank1Status                     0x080025bb   Thumb Code    48  stm32f10x_flash.o(.text)
    FLASH_WaitForLastOperation               0x080025eb   Thumb Code    38  stm32f10x_flash.o(.text)
    FLASH_ErasePage                          0x08002611   Thumb Code    72  stm32f10x_flash.o(.text)
    FLASH_EraseAllPages                      0x08002659   Thumb Code    68  stm32f10x_flash.o(.text)
    FLASH_WaitForLastBank1Operation          0x0800269d   Thumb Code    38  stm32f10x_flash.o(.text)
    FLASH_EraseAllBank1Pages                 0x080026c3   Thumb Code    68  stm32f10x_flash.o(.text)
    FLASH_GetReadOutProtectionStatus         0x08002707   Thumb Code    20  stm32f10x_flash.o(.text)
    FLASH_EraseOptionBytes                   0x0800271b   Thumb Code   150  stm32f10x_flash.o(.text)
    FLASH_ProgramWord                        0x080027b1   Thumb Code   102  stm32f10x_flash.o(.text)
    FLASH_ProgramHalfWord                    0x08002817   Thumb Code    60  stm32f10x_flash.o(.text)
    FLASH_ProgramOptionByteData              0x08002853   Thumb Code    72  stm32f10x_flash.o(.text)
    FLASH_EnableWriteProtection              0x0800289b   Thumb Code   200  stm32f10x_flash.o(.text)
    FLASH_ReadOutProtection                  0x08002963   Thumb Code   156  stm32f10x_flash.o(.text)
    FLASH_UserOptionByteConfig               0x080029ff   Thumb Code    88  stm32f10x_flash.o(.text)
    FLASH_GetUserOptionByte                  0x08002a57   Thumb Code     8  stm32f10x_flash.o(.text)
    FLASH_GetWriteProtectionOptionByte       0x08002a5f   Thumb Code     6  stm32f10x_flash.o(.text)
    FLASH_GetPrefetchBufferStatus            0x08002a65   Thumb Code    20  stm32f10x_flash.o(.text)
    FLASH_ITConfig                           0x08002a79   Thumb Code    26  stm32f10x_flash.o(.text)
    FLASH_GetFlagStatus                      0x08002a93   Thumb Code    42  stm32f10x_flash.o(.text)
    FLASH_ClearFlag                          0x08002abd   Thumb Code     6  stm32f10x_flash.o(.text)
    FLASH_GetStatus                          0x08002ac3   Thumb Code    48  stm32f10x_flash.o(.text)
    GPIO_DeInit                              0x08002b05   Thumb Code   172  stm32f10x_gpio.o(.text)
    GPIO_AFIODeInit                          0x08002bb1   Thumb Code    20  stm32f10x_gpio.o(.text)
    GPIO_Init                                0x08002bc5   Thumb Code   274  stm32f10x_gpio.o(.text)
    GPIO_StructInit                          0x08002cd7   Thumb Code    16  stm32f10x_gpio.o(.text)
    GPIO_ReadInputDataBit                    0x08002ce7   Thumb Code    18  stm32f10x_gpio.o(.text)
    GPIO_ReadInputData                       0x08002cf9   Thumb Code     8  stm32f10x_gpio.o(.text)
    GPIO_ReadOutputDataBit                   0x08002d01   Thumb Code    18  stm32f10x_gpio.o(.text)
    GPIO_ReadOutputData                      0x08002d13   Thumb Code     8  stm32f10x_gpio.o(.text)
    GPIO_SetBits                             0x08002d1b   Thumb Code     4  stm32f10x_gpio.o(.text)
    GPIO_ResetBits                           0x08002d1f   Thumb Code     4  stm32f10x_gpio.o(.text)
    GPIO_WriteBit                            0x08002d23   Thumb Code    10  stm32f10x_gpio.o(.text)
    GPIO_Write                               0x08002d2d   Thumb Code     4  stm32f10x_gpio.o(.text)
    GPIO_PinLockConfig                       0x08002d31   Thumb Code    18  stm32f10x_gpio.o(.text)
    GPIO_EventOutputConfig                   0x08002d43   Thumb Code    26  stm32f10x_gpio.o(.text)
    GPIO_EventOutputCmd                      0x08002d5d   Thumb Code     6  stm32f10x_gpio.o(.text)
    GPIO_PinRemapConfig                      0x08002d63   Thumb Code   138  stm32f10x_gpio.o(.text)
    GPIO_EXTILineConfig                      0x08002ded   Thumb Code    66  stm32f10x_gpio.o(.text)
    GPIO_ETH_MediaInterfaceConfig            0x08002e2f   Thumb Code     6  stm32f10x_gpio.o(.text)
    RCC_DeInit                               0x08002e5d   Thumb Code    64  stm32f10x_rcc.o(.text)
    RCC_HSEConfig                            0x08002e9d   Thumb Code    70  stm32f10x_rcc.o(.text)
    RCC_GetFlagStatus                        0x08002ee3   Thumb Code    56  stm32f10x_rcc.o(.text)
    RCC_WaitForHSEStartUp                    0x08002f1b   Thumb Code    56  stm32f10x_rcc.o(.text)
    RCC_AdjustHSICalibrationValue            0x08002f53   Thumb Code    20  stm32f10x_rcc.o(.text)
    RCC_HSICmd                               0x08002f67   Thumb Code     6  stm32f10x_rcc.o(.text)
    RCC_PLLConfig                            0x08002f6d   Thumb Code    24  stm32f10x_rcc.o(.text)
    RCC_PLLCmd                               0x08002f85   Thumb Code     6  stm32f10x_rcc.o(.text)
    RCC_SYSCLKConfig                         0x08002f8b   Thumb Code    18  stm32f10x_rcc.o(.text)
    RCC_GetSYSCLKSource                      0x08002f9d   Thumb Code    10  stm32f10x_rcc.o(.text)
    RCC_HCLKConfig                           0x08002fa7   Thumb Code    18  stm32f10x_rcc.o(.text)
    RCC_PCLK1Config                          0x08002fb9   Thumb Code    18  stm32f10x_rcc.o(.text)
    RCC_PCLK2Config                          0x08002fcb   Thumb Code    20  stm32f10x_rcc.o(.text)
    RCC_ITConfig                             0x08002fdf   Thumb Code    26  stm32f10x_rcc.o(.text)
    RCC_USBCLKConfig                         0x08002ff9   Thumb Code     6  stm32f10x_rcc.o(.text)
    RCC_ADCCLKConfig                         0x08002fff   Thumb Code    18  stm32f10x_rcc.o(.text)
    RCC_LSEConfig                            0x08003011   Thumb Code    44  stm32f10x_rcc.o(.text)
    RCC_LSICmd                               0x0800303d   Thumb Code     6  stm32f10x_rcc.o(.text)
    RCC_RTCCLKConfig                         0x08003043   Thumb Code    12  stm32f10x_rcc.o(.text)
    RCC_RTCCLKCmd                            0x0800304f   Thumb Code     8  stm32f10x_rcc.o(.text)
    RCC_GetClocksFreq                        0x08003057   Thumb Code   192  stm32f10x_rcc.o(.text)
    RCC_AHBPeriphClockCmd                    0x08003117   Thumb Code    26  stm32f10x_rcc.o(.text)
    RCC_APB2PeriphClockCmd                   0x08003131   Thumb Code    26  stm32f10x_rcc.o(.text)
    RCC_APB1PeriphClockCmd                   0x0800314b   Thumb Code    26  stm32f10x_rcc.o(.text)
    RCC_APB2PeriphResetCmd                   0x08003165   Thumb Code    26  stm32f10x_rcc.o(.text)
    RCC_APB1PeriphResetCmd                   0x0800317f   Thumb Code    26  stm32f10x_rcc.o(.text)
    RCC_BackupResetCmd                       0x08003199   Thumb Code     8  stm32f10x_rcc.o(.text)
    RCC_ClockSecuritySystemCmd               0x080031a1   Thumb Code     6  stm32f10x_rcc.o(.text)
    RCC_MCOConfig                            0x080031a7   Thumb Code     6  stm32f10x_rcc.o(.text)
    RCC_ClearFlag                            0x080031ad   Thumb Code    14  stm32f10x_rcc.o(.text)
    RCC_GetITStatus                          0x080031bb   Thumb Code    20  stm32f10x_rcc.o(.text)
    RCC_ClearITPendingBit                    0x080031cf   Thumb Code     6  stm32f10x_rcc.o(.text)
    SPI_I2S_DeInit                           0x08003209   Thumb Code    76  stm32f10x_spi.o(.text)
    SPI_Init                                 0x08003255   Thumb Code    60  stm32f10x_spi.o(.text)
    I2S_Init                                 0x08003291   Thumb Code   226  stm32f10x_spi.o(.text)
    SPI_StructInit                           0x08003373   Thumb Code    24  stm32f10x_spi.o(.text)
    I2S_StructInit                           0x0800338b   Thumb Code    20  stm32f10x_spi.o(.text)
    SPI_Cmd                                  0x0800339f   Thumb Code    24  stm32f10x_spi.o(.text)
    I2S_Cmd                                  0x080033b7   Thumb Code    24  stm32f10x_spi.o(.text)
    SPI_I2S_ITConfig                         0x080033cf   Thumb Code    32  stm32f10x_spi.o(.text)
    SPI_I2S_DMACmd                           0x080033ef   Thumb Code    18  stm32f10x_spi.o(.text)
    SPI_I2S_SendData                         0x08003401   Thumb Code     4  stm32f10x_spi.o(.text)
    SPI_I2S_ReceiveData                      0x08003405   Thumb Code     6  stm32f10x_spi.o(.text)
    SPI_NSSInternalSoftwareConfig            0x0800340b   Thumb Code    30  stm32f10x_spi.o(.text)
    SPI_SSOutputCmd                          0x08003429   Thumb Code    24  stm32f10x_spi.o(.text)
    SPI_DataSizeConfig                       0x08003441   Thumb Code    18  stm32f10x_spi.o(.text)
    SPI_TransmitCRC                          0x08003453   Thumb Code    10  stm32f10x_spi.o(.text)
    SPI_CalculateCRC                         0x0800345d   Thumb Code    24  stm32f10x_spi.o(.text)
    SPI_GetCRC                               0x08003475   Thumb Code    16  stm32f10x_spi.o(.text)
    SPI_GetCRCPolynomial                     0x08003485   Thumb Code     6  stm32f10x_spi.o(.text)
    SPI_BiDirectionalLineConfig              0x0800348b   Thumb Code    28  stm32f10x_spi.o(.text)
    SPI_I2S_GetFlagStatus                    0x080034a7   Thumb Code    18  stm32f10x_spi.o(.text)
    SPI_I2S_ClearFlag                        0x080034b9   Thumb Code     6  stm32f10x_spi.o(.text)
    SPI_I2S_GetITStatus                      0x080034bf   Thumb Code    52  stm32f10x_spi.o(.text)
    SPI_I2S_ClearITPendingBit                0x080034f3   Thumb Code    20  stm32f10x_spi.o(.text)
    TIM_DeInit                               0x08003515   Thumb Code   424  stm32f10x_tim.o(.text)
    TIM_TimeBaseInit                         0x080036bd   Thumb Code   122  stm32f10x_tim.o(.text)
    TIM_OC1Init                              0x08003737   Thumb Code   132  stm32f10x_tim.o(.text)
    TIM_OC2Init                              0x080037bb   Thumb Code   154  stm32f10x_tim.o(.text)
    TIM_OC3Init                              0x08003855   Thumb Code   150  stm32f10x_tim.o(.text)
    TIM_OC4Init                              0x080038eb   Thumb Code   182  stm32f10x_tim.o(.text)
    TIM_SetIC4Prescaler                      0x080039a1   Thumb Code    26  stm32f10x_tim.o(.text)
    TIM_SetIC3Prescaler                      0x08003a3d   Thumb Code    18  stm32f10x_tim.o(.text)
    TIM_SetIC2Prescaler                      0x08003ac9   Thumb Code    26  stm32f10x_tim.o(.text)
    TIM_SetIC1Prescaler                      0x08003b65   Thumb Code    18  stm32f10x_tim.o(.text)
    TIM_ICInit                               0x08003be3   Thumb Code   150  stm32f10x_tim.o(.text)
    TIM_PWMIConfig                           0x08003c79   Thumb Code   124  stm32f10x_tim.o(.text)
    TIM_BDTRConfig                           0x08003cf5   Thumb Code    32  stm32f10x_tim.o(.text)
    TIM_TimeBaseStructInit                   0x08003d15   Thumb Code    18  stm32f10x_tim.o(.text)
    TIM_OCStructInit                         0x08003d27   Thumb Code    20  stm32f10x_tim.o(.text)
    TIM_ICStructInit                         0x08003d3b   Thumb Code    18  stm32f10x_tim.o(.text)
    TIM_BDTRStructInit                       0x08003d4d   Thumb Code    40  stm32f10x_tim.o(.text)
    TIM_Cmd                                  0x08003d75   Thumb Code    24  stm32f10x_tim.o(.text)
    TIM_CtrlPWMOutputs                       0x08003d8d   Thumb Code    30  stm32f10x_tim.o(.text)
    TIM_ITConfig                             0x08003dab   Thumb Code    18  stm32f10x_tim.o(.text)
    TIM_GenerateEvent                        0x08003dbd   Thumb Code     4  stm32f10x_tim.o(.text)
    TIM_DMAConfig                            0x08003dc1   Thumb Code    10  stm32f10x_tim.o(.text)
    TIM_DMACmd                               0x08003dcb   Thumb Code    18  stm32f10x_tim.o(.text)
    TIM_InternalClockConfig                  0x08003ddd   Thumb Code    12  stm32f10x_tim.o(.text)
    TIM_SelectInputTrigger                   0x08003de9   Thumb Code    18  stm32f10x_tim.o(.text)
    TIM_ITRxExternalClockConfig              0x08003dfb   Thumb Code    24  stm32f10x_tim.o(.text)
    TIM_TIxExternalClockConfig               0x08003e13   Thumb Code    62  stm32f10x_tim.o(.text)
    TIM_ETRConfig                            0x08003e51   Thumb Code    28  stm32f10x_tim.o(.text)
    TIM_ETRClockMode1Config                  0x08003e6d   Thumb Code    54  stm32f10x_tim.o(.text)
    TIM_ETRClockMode2Config                  0x08003ea3   Thumb Code    32  stm32f10x_tim.o(.text)
    TIM_PrescalerConfig                      0x08003ec3   Thumb Code     6  stm32f10x_tim.o(.text)
    TIM_CounterModeConfig                    0x08003ec9   Thumb Code    18  stm32f10x_tim.o(.text)
    TIM_EncoderInterfaceConfig               0x08003edb   Thumb Code    66  stm32f10x_tim.o(.text)
    TIM_ForcedOC1Config                      0x08003f1d   Thumb Code    18  stm32f10x_tim.o(.text)
    TIM_ForcedOC2Config                      0x08003f2f   Thumb Code    26  stm32f10x_tim.o(.text)
    TIM_ForcedOC3Config                      0x08003f49   Thumb Code    18  stm32f10x_tim.o(.text)
    TIM_ForcedOC4Config                      0x08003f5b   Thumb Code    26  stm32f10x_tim.o(.text)
    TIM_ARRPreloadConfig                     0x08003f75   Thumb Code    24  stm32f10x_tim.o(.text)
    TIM_SelectCOM                            0x08003f8d   Thumb Code    24  stm32f10x_tim.o(.text)
    TIM_SelectCCDMA                          0x08003fa5   Thumb Code    24  stm32f10x_tim.o(.text)
    TIM_CCPreloadControl                     0x08003fbd   Thumb Code    24  stm32f10x_tim.o(.text)
    TIM_OC1PreloadConfig                     0x08003fd5   Thumb Code    18  stm32f10x_tim.o(.text)
    TIM_OC2PreloadConfig                     0x08003fe7   Thumb Code    26  stm32f10x_tim.o(.text)
    TIM_OC3PreloadConfig                     0x08004001   Thumb Code    18  stm32f10x_tim.o(.text)
    TIM_OC4PreloadConfig                     0x08004013   Thumb Code    26  stm32f10x_tim.o(.text)
    TIM_OC1FastConfig                        0x0800402d   Thumb Code    18  stm32f10x_tim.o(.text)
    TIM_OC2FastConfig                        0x0800403f   Thumb Code    26  stm32f10x_tim.o(.text)
    TIM_OC3FastConfig                        0x08004059   Thumb Code    18  stm32f10x_tim.o(.text)
    TIM_OC4FastConfig                        0x0800406b   Thumb Code    26  stm32f10x_tim.o(.text)
    TIM_ClearOC1Ref                          0x08004085   Thumb Code    18  stm32f10x_tim.o(.text)
    TIM_ClearOC2Ref                          0x08004097   Thumb Code    24  stm32f10x_tim.o(.text)
    TIM_ClearOC3Ref                          0x080040af   Thumb Code    18  stm32f10x_tim.o(.text)
    TIM_ClearOC4Ref                          0x080040c1   Thumb Code    24  stm32f10x_tim.o(.text)
    TIM_OC1PolarityConfig                    0x080040d9   Thumb Code    18  stm32f10x_tim.o(.text)
    TIM_OC1NPolarityConfig                   0x080040eb   Thumb Code    18  stm32f10x_tim.o(.text)
    TIM_OC2PolarityConfig                    0x080040fd   Thumb Code    26  stm32f10x_tim.o(.text)
    TIM_OC2NPolarityConfig                   0x08004117   Thumb Code    26  stm32f10x_tim.o(.text)
    TIM_OC3PolarityConfig                    0x08004131   Thumb Code    26  stm32f10x_tim.o(.text)
    TIM_OC3NPolarityConfig                   0x0800414b   Thumb Code    26  stm32f10x_tim.o(.text)
    TIM_OC4PolarityConfig                    0x08004165   Thumb Code    26  stm32f10x_tim.o(.text)
    TIM_CCxCmd                               0x0800417f   Thumb Code    30  stm32f10x_tim.o(.text)
    TIM_CCxNCmd                              0x0800419d   Thumb Code    30  stm32f10x_tim.o(.text)
    TIM_SelectOCxM                           0x080041bb   Thumb Code    82  stm32f10x_tim.o(.text)
    TIM_UpdateDisableConfig                  0x0800420d   Thumb Code    24  stm32f10x_tim.o(.text)
    TIM_UpdateRequestConfig                  0x08004225   Thumb Code    24  stm32f10x_tim.o(.text)
    TIM_SelectHallSensor                     0x0800423d   Thumb Code    24  stm32f10x_tim.o(.text)
    TIM_SelectOnePulseMode                   0x08004255   Thumb Code    18  stm32f10x_tim.o(.text)
    TIM_SelectOutputTrigger                  0x08004267   Thumb Code    18  stm32f10x_tim.o(.text)
    TIM_SelectSlaveMode                      0x08004279   Thumb Code    18  stm32f10x_tim.o(.text)
    TIM_SelectMasterSlaveMode                0x0800428b   Thumb Code    18  stm32f10x_tim.o(.text)
    TIM_SetCounter                           0x0800429d   Thumb Code     4  stm32f10x_tim.o(.text)
    TIM_SetAutoreload                        0x080042a1   Thumb Code     4  stm32f10x_tim.o(.text)
    TIM_SetCompare1                          0x080042a5   Thumb Code     4  stm32f10x_tim.o(.text)
    TIM_SetCompare2                          0x080042a9   Thumb Code     4  stm32f10x_tim.o(.text)
    TIM_SetCompare3                          0x080042ad   Thumb Code     4  stm32f10x_tim.o(.text)
    TIM_SetCompare4                          0x080042b1   Thumb Code     6  stm32f10x_tim.o(.text)
    TIM_SetClockDivision                     0x080042b7   Thumb Code    18  stm32f10x_tim.o(.text)
    TIM_GetCapture1                          0x080042c9   Thumb Code     6  stm32f10x_tim.o(.text)
    TIM_GetCapture2                          0x080042cf   Thumb Code     6  stm32f10x_tim.o(.text)
    TIM_GetCapture3                          0x080042d5   Thumb Code     6  stm32f10x_tim.o(.text)
    TIM_GetCapture4                          0x080042db   Thumb Code     8  stm32f10x_tim.o(.text)
    TIM_GetCounter                           0x080042e3   Thumb Code     6  stm32f10x_tim.o(.text)
    TIM_GetPrescaler                         0x080042e9   Thumb Code     6  stm32f10x_tim.o(.text)
    TIM_GetFlagStatus                        0x080042ef   Thumb Code    18  stm32f10x_tim.o(.text)
    TIM_ClearFlag                            0x08004301   Thumb Code     6  stm32f10x_tim.o(.text)
    TIM_GetITStatus                          0x08004307   Thumb Code    34  stm32f10x_tim.o(.text)
    TIM_ClearITPendingBit                    0x08004329   Thumb Code     6  stm32f10x_tim.o(.text)
    USART_DeInit                             0x08004331   Thumb Code   134  stm32f10x_usart.o(.text)
    USART_Init                               0x080043b7   Thumb Code   210  stm32f10x_usart.o(.text)
    USART_StructInit                         0x08004489   Thumb Code    24  stm32f10x_usart.o(.text)
    USART_ClockInit                          0x080044a1   Thumb Code    34  stm32f10x_usart.o(.text)
    USART_ClockStructInit                    0x080044c3   Thumb Code    12  stm32f10x_usart.o(.text)
    USART_Cmd                                0x080044cf   Thumb Code    24  stm32f10x_usart.o(.text)
    USART_ITConfig                           0x080044e7   Thumb Code    74  stm32f10x_usart.o(.text)
    USART_DMACmd                             0x08004531   Thumb Code    18  stm32f10x_usart.o(.text)
    USART_SetAddress                         0x08004543   Thumb Code    18  stm32f10x_usart.o(.text)
    USART_WakeUpConfig                       0x08004555   Thumb Code    18  stm32f10x_usart.o(.text)
    USART_ReceiverWakeUpCmd                  0x08004567   Thumb Code    24  stm32f10x_usart.o(.text)
    USART_LINBreakDetectLengthConfig         0x0800457f   Thumb Code    18  stm32f10x_usart.o(.text)
    USART_LINCmd                             0x08004591   Thumb Code    24  stm32f10x_usart.o(.text)
    USART_SendData                           0x080045a9   Thumb Code     8  stm32f10x_usart.o(.text)
    USART_ReceiveData                        0x080045b1   Thumb Code    10  stm32f10x_usart.o(.text)
    USART_SendBreak                          0x080045bb   Thumb Code    10  stm32f10x_usart.o(.text)
    USART_SetGuardTime                       0x080045c5   Thumb Code    16  stm32f10x_usart.o(.text)
    USART_SetPrescaler                       0x080045d5   Thumb Code    16  stm32f10x_usart.o(.text)
    USART_SmartCardCmd                       0x080045e5   Thumb Code    24  stm32f10x_usart.o(.text)
    USART_SmartCardNACKCmd                   0x080045fd   Thumb Code    24  stm32f10x_usart.o(.text)
    USART_HalfDuplexCmd                      0x08004615   Thumb Code    24  stm32f10x_usart.o(.text)
    USART_OverSampling8Cmd                   0x0800462d   Thumb Code    22  stm32f10x_usart.o(.text)
    USART_OneBitMethodCmd                    0x08004643   Thumb Code    24  stm32f10x_usart.o(.text)
    USART_IrDAConfig                         0x0800465b   Thumb Code    18  stm32f10x_usart.o(.text)
    USART_IrDACmd                            0x0800466d   Thumb Code    24  stm32f10x_usart.o(.text)
    USART_GetFlagStatus                      0x08004685   Thumb Code    26  stm32f10x_usart.o(.text)
    USART_ClearFlag                          0x0800469f   Thumb Code    18  stm32f10x_usart.o(.text)
    USART_GetITStatus                        0x080046b1   Thumb Code    84  stm32f10x_usart.o(.text)
    USART_ClearITPendingBit                  0x08004705   Thumb Code    52  stm32f10x_usart.o(.text)
    Init_sys                                 0x08004739   Thumb Code    30  function.o(.text)
    itoa                                     0x08004757   Thumb Code   136  function.o(.text)
    fputc                                    0x080047df   Thumb Code    32  function.o(.text)
    mcu_reset                                0x080047ff   Thumb Code    32  function.o(.text)
    usart_send_byte                          0x08004859   Thumb Code    46  pack.o(.text)
    usart_send_enter                         0x08004887   Thumb Code    22  pack.o(.text)
    usart_send_data                          0x0800489d   Thumb Code    32  pack.o(.text)
    usart_send_str                           0x080048bd   Thumb Code    64  pack.o(.text)
    usart_rec_data                           0x080048fd   Thumb Code    88  pack.o(.text)
    rt_485                                   0x08004955   Thumb Code    88  pack.o(.text)
    WriteFlashOneWord                        0x080049ad   Thumb Code    54  pack.o(.text)
    ReadFlashNByte                           0x080049e3   Thumb Code    26  pack.o(.text)
    spi_readwrite_byte                       0x080049fd   Thumb Code   128  pack.o(.text)
    spi_readwrite_data                       0x08004a7d   Thumb Code    42  pack.o(.text)
    NMI_Handler                              0x08004add   Thumb Code     2  stm32f10x_it.o(.text)
    HardFault_Handler                        0x08004adf   Thumb Code     4  stm32f10x_it.o(.text)
    MemManage_Handler                        0x08004ae3   Thumb Code     4  stm32f10x_it.o(.text)
    BusFault_Handler                         0x08004ae7   Thumb Code     4  stm32f10x_it.o(.text)
    UsageFault_Handler                       0x08004aeb   Thumb Code     4  stm32f10x_it.o(.text)
    DebugMon_Handler                         0x08004aef   Thumb Code     2  stm32f10x_it.o(.text)
    USART1_IRQHandler                        0x08004af1   Thumb Code    64  stm32f10x_it.o(.text)
    USART2_IRQHandler                        0x08004b31   Thumb Code    96  stm32f10x_it.o(.text)
    TIM2_IRQHandler                          0x08004b91   Thumb Code    32  stm32f10x_it.o(.text)
    TIM3_IRQHandler                          0x08004bb1   Thumb Code    32  stm32f10x_it.o(.text)
    TIM4_IRQHandler                          0x08004bd1   Thumb Code    32  stm32f10x_it.o(.text)
    main                                     0x08004c1d   Thumb Code    24  main.o(.text)
    RCC_Config                               0x08004c3d   Thumb Code   116  module.o(.text)
    GPIO_Config                              0x08004cb1   Thumb Code   104  module.o(.text)
    USART_Config                             0x08004d19   Thumb Code   124  module.o(.text)
    SPI_Config                               0x08004d95   Thumb Code   250  module.o(.text)
    NVIC_TIM                                 0x08004e8f   Thumb Code   164  module.o(.text)
    TIM_Config                               0x08004f33   Thumb Code    68  module.o(.text)
    NVIC_Config                              0x08004f77   Thumb Code    78  module.o(.text)
    app_gpio                                 0x08004ff5   Thumb Code   130  app_config.o(.text)
    app_tim                                  0x08005077   Thumb Code    24  app_config.o(.text)
    default_setting                          0x080050a5   Thumb Code    70  app_plug.o(.text)
    project                                  0x080050eb   Thumb Code    12  app_plug.o(.text)
    resum                                    0x080050f7   Thumb Code    62  app_plug.o(.text)
    help                                     0x08005135   Thumb Code    62  app_plug.o(.text)
    restart                                  0x08005173   Thumb Code    72  app_plug.o(.text)
    analyze_u1rec_command                    0x080051bb   Thumb Code   160  app_plug.o(.text)
    app_sys_led                              0x080055f5   Thumb Code    76  application.o(.text)
    app_key                                  0x08005641   Thumb Code    94  application.o(.text)
    app_sericom                              0x0800569f   Thumb Code    40  application.o(.text)
    app_485                                  0x080056c7   Thumb Code    12  application.o(.text)
    app_sound                                0x080056d3   Thumb Code    40  application.o(.text)
    app_sms                                  0x080056fb   Thumb Code    74  application.o(.text)
    task7                                    0x08005769   Thumb Code     4  task_list.o(.text)
    task6                                    0x0800576d   Thumb Code     4  task_list.o(.text)
    task5                                    0x08005771   Thumb Code     4  task_list.o(.text)
    task3                                    0x08005775   Thumb Code     4  task_list.o(.text)
    task2                                    0x08005779   Thumb Code     4  task_list.o(.text)
    sys_led                                  0x0800577d   Thumb Code     4  task_list.o(.text)
    Init_task                                0x08005781   Thumb Code   114  task_list.o(.text)
    task4                                    0x080057f3   Thumb Code     2  task_list.o(.text)
    task8                                    0x080057f5   Thumb Code     2  task_list.o(.text)
    task9                                    0x080057f7   Thumb Code     2  task_list.o(.text)
    task10                                   0x080057f9   Thumb Code     2  task_list.o(.text)
    task11                                   0x080057fb   Thumb Code     2  task_list.o(.text)
    task12                                   0x080057fd   Thumb Code     2  task_list.o(.text)
    signal_state                             0x0800580d   Thumb Code    52  app_lib.o(.text)
    sys_state                                0x08005841   Thumb Code    52  app_lib.o(.text)
    key_get                                  0x08005875   Thumb Code   232  app_lib.o(.text)
    sound_control                            0x0800595d   Thumb Code    48  app_lib.o(.text)
    power_down                               0x0800598d   Thumb Code    48  app_lib.o(.text)
    app_spi                                  0x080059bd   Thumb Code    46  app_lib.o(.text)
    app_io                                   0x080059eb   Thumb Code   102  app_lib.o(.text)
    test_io                                  0x08005a51   Thumb Code    78  app_lib.o(.text)
    dir_485                                  0x08005a9f   Thumb Code    36  app_lib.o(.text)
    send_485                                 0x08005ac3   Thumb Code    26  app_lib.o(.text)
    analyze_485                              0x08005add   Thumb Code    42  app_lib.o(.text)
    power_control                            0x08005b07   Thumb Code    40  app_lib.o(.text)
    __aeabi_memcpy                           0x08005b8d   Thumb Code    36  memcpya.o(.text)
    __aeabi_memcpy4                          0x08005b8d   Thumb Code     0  memcpya.o(.text)
    __aeabi_memcpy8                          0x08005b8d   Thumb Code     0  memcpya.o(.text)
    __aeabi_memset                           0x08005bb1   Thumb Code    14  memseta.o(.text)
    __aeabi_memset4                          0x08005bb1   Thumb Code     0  memseta.o(.text)
    __aeabi_memset8                          0x08005bb1   Thumb Code     0  memseta.o(.text)
    __aeabi_memclr                           0x08005bbf   Thumb Code     4  memseta.o(.text)
    __aeabi_memclr4                          0x08005bbf   Thumb Code     0  memseta.o(.text)
    __aeabi_memclr8                          0x08005bbf   Thumb Code     0  memseta.o(.text)
    _memset$wrapper                          0x08005bc3   Thumb Code    18  memseta.o(.text)
    strlen                                   0x08005bd5   Thumb Code    14  strlen.o(.text)
    memcmp                                   0x08005be3   Thumb Code    26  memcmp.o(.text)
    strncmp                                  0x08005bfd   Thumb Code    30  strncmp.o(.text)
    __aeabi_uidiv                            0x08005c1b   Thumb Code     0  uidiv.o(.text)
    __aeabi_uidivmod                         0x08005c1b   Thumb Code    44  uidiv.o(.text)
    __scatterload                            0x08005c49   Thumb Code    28  init.o(.text)
    __scatterload_rt2                        0x08005c49   Thumb Code     0  init.o(.text)
    SVC_Count                                0x08005c6c   Data           4  SVC_Table.o(SVC_TABLE)
    SVC_Table                                0x08005c70   Data           0  SVC_Table.o(SVC_TABLE)
    __0printf$1                              0x08005c71   Thumb Code    22  printf1.o(i.__0printf$1)
    __1printf$1                              0x08005c71   Thumb Code     0  printf1.o(i.__0printf$1)
    __2printf                                0x08005c71   Thumb Code     0  printf1.o(i.__0printf$1)
    __scatterload_copy                       0x08005c91   Thumb Code    14  handlers.o(i.__scatterload_copy)
    __scatterload_null                       0x08005c9f   Thumb Code     2  handlers.o(i.__scatterload_null)
    __scatterload_zeroinit                   0x08005ca1   Thumb Code    14  handlers.o(i.__scatterload_zeroinit)
    _init_box                                0x08005caf   Thumb Code    70  rt_membox.o(i._init_box)
    dbg_init                                 0x08005e49   Thumb Code    34  hal_cm3.o(i.dbg_init)
    dbg_task_notify                          0x08005e79   Thumb Code    32  hal_cm3.o(i.dbg_task_notify)
    dbg_task_switch                          0x08005e99   Thumb Code    16  hal_cm3.o(i.dbg_task_switch)
    malloc                                   0x08005ea9   Thumb Code    92  malloc.o(i.malloc)
    os_tick_init                             0x08005f15   Thumb Code    32  rt_system.o(i.os_tick_init)
    os_tick_irqack                           0x08005f3d   Thumb Code     2  rt_system.o(i.os_tick_irqack)
    rt_alloc_box                             0x08005f3f   Thumb Code    26  rt_membox.o(i.rt_alloc_box)
    rt_block                                 0x08005f59   Thumb Code    48  rt_task.o(i.rt_block)
    rt_chk_robin                             0x08005f91   Thumb Code    60  rt_robin.o(i.rt_chk_robin)
    rt_dec_dly                               0x08005fd9   Thumb Code   106  rt_list.o(i.rt_dec_dly)
    rt_dispatch                              0x0800604d   Thumb Code    60  rt_task.o(i.rt_dispatch)
    rt_dly_wait                              0x08006091   Thumb Code     6  rt_time.o(i.rt_dly_wait)
    rt_evt_psh                               0x08006099   Thumb Code    72  rt_event.o(i.rt_evt_psh)
    rt_free_box                              0x080060e5   Thumb Code    32  rt_membox.o(i.rt_free_box)
    rt_get_first                             0x08006105   Thumb Code    40  rt_list.o(i.rt_get_first)
    rt_init_robin                            0x08006179   Thumb Code    14  rt_robin.o(i.rt_init_robin)
    rt_init_stack                            0x08006191   Thumb Code    70  hal_cm3.o(i.rt_init_stack)
    rt_mbx_psh                               0x080061e1   Thumb Code   188  rt_mailbox.o(i.rt_mbx_psh)
    rt_pop_req                               0x080062a1   Thumb Code   110  rt_system.o(i.rt_pop_req)
    rt_put_dly                               0x0800631d   Thumb Code    68  rt_list.o(i.rt_put_dly)
    rt_put_prio                              0x08006365   Thumb Code    54  rt_list.o(i.rt_put_prio)
    rt_put_rdy_first                         0x0800639d   Thumb Code    14  rt_list.o(i.rt_put_rdy_first)
    rt_resort_prio                           0x080063b1   Thumb Code    46  rt_list.o(i.rt_resort_prio)
    rt_rmv_dly                               0x080063e5   Thumb Code    40  rt_list.o(i.rt_rmv_dly)
    rt_rmv_list                              0x0800640d   Thumb Code    44  rt_list.o(i.rt_rmv_list)
    rt_sem_init                              0x0800643d   Thumb Code    12  rt_semaphore.o(i.rt_sem_init)
    rt_sem_psh                               0x08006449   Thumb Code    46  rt_semaphore.o(i.rt_sem_psh)
    rt_sem_send                              0x0800647d   Thumb Code    52  rt_semaphore.o(i.rt_sem_send)
    rt_sem_wait                              0x080064b5   Thumb Code    58  rt_semaphore.o(i.rt_sem_wait)
    rt_stk_check                             0x080064f5   Thumb Code    28  rt_system.o(i.rt_stk_check)
    rt_switch_req                            0x08006519   Thumb Code    30  rt_task.o(i.rt_switch_req)
    rt_sys_init                              0x08006541   Thumb Code   266  rt_task.o(i.rt_sys_init)
    rt_systick                               0x08006699   Thumb Code    50  rt_system.o(i.rt_systick)
    rt_tmr_tick                              0x080066d9   Thumb Code    56  rt_timer.o(i.rt_tmr_tick)
    rt_tsk_create                            0x08006719   Thumb Code   126  rt_task.o(i.rt_tsk_create)
    rt_tsk_delete                            0x080067ad   Thumb Code   336  rt_task.o(i.rt_tsk_delete)
    rt_tsk_prio                              0x08006919   Thumb Code   122  rt_task.o(i.rt_tsk_prio)
    os_maxtaskrun                            0x080069a4   Data           2  rtx_conf_cm.o(.constdata)
    os_stackinfo                             0x080069a8   Data           4  rtx_conf_cm.o(.constdata)
    os_rrobin                                0x080069ac   Data           4  rtx_conf_cm.o(.constdata)
    os_trv                                   0x080069b0   Data           4  rtx_conf_cm.o(.constdata)
    os_flags                                 0x080069b4   Data           1  rtx_conf_cm.o(.constdata)
    os_clockrate                             0x080069b8   Data           4  rtx_conf_cm.o(.constdata)
    os_timernum                              0x080069bc   Data           4  rtx_conf_cm.o(.constdata)
    mp_tcb_size                              0x080069c0   Data           2  rtx_conf_cm.o(.constdata)
    mp_stk_size                              0x080069c4   Data           4  rtx_conf_cm.o(.constdata)
    os_fifo_size                             0x080069c8   Data           1  rtx_conf_cm.o(.constdata)
    mp_tmr_size                              0x080069ca   Data           2  rtx_conf_cm.o(.constdata)
    RL_RTX_Version                           0x08006c34   Data           4  rt_system.o(.constdata)
    Region$$Table$$Base                      0x08006c38   Number         0  anon$$obj.o(Region$$Table)
    Region$$Table$$Limit                     0x08006c58   Number         0  anon$$obj.o(Region$$Table)
    SystemCoreClock                          0x20000000   Data           4  system_stm32f10x.o(.data)
    AHBPrescTable                            0x20000004   Data          16  system_stm32f10x.o(.data)
    m_tmr                                    0x20000014   Data           4  rtx_conf_cm.o(.data)
    u1_count                                 0x2000002c   Data           4  pack.o(.data)
    u2_count                                 0x20000030   Data           4  pack.o(.data)
    FLASHStatus                              0x20000034   Data           1  pack.o(.data)
    count                                    0x20000038   Data           4  pack.o(.data)
    value_count                              0x2000003c   Data           4  pack.o(.data)
    u1rec_i                                  0x20000040   Data           1  pack.o(.data)
    u2rec_i                                  0x20000041   Data           1  pack.o(.data)
    u1recsem                                 0x20000044   Data           8  app_config.o(.data)
    sound                                    0x2000004c   Data           8  app_config.o(.data)
    lt_led_config                            0x20000054   Data           1  application.o(.data)
    flt_led_config                           0x20000055   Data           1  application.o(.data)
    lc_config                                0x20000056   Data           1  application.o(.data)
    lt_value                                 0x20000058   Data           2  application.o(.data)
    flt_value                                0x2000005a   Data           2  application.o(.data)
    action_state                             0x2000005c   Data           3  application.o(.data)
    timer                                    0x20000060   Data           6  application.o(.data)
    os_tsk                                   0x20000068   Data           8  rt_task.o(.data)
    os_time                                  0x20000070   Data           4  rt_time.o(.data)
    dbg_msg                                  0x20000074   Data           1  hal_cm3.o(.data)
    os_tick_irqn                             0x2000007c   Data           4  rt_system.o(.data)
    os_robin                                 0x20000080   Data           8  rt_robin.o(.data)
    os_tmr                                   0x20000088   Data           8  rt_timer.o(.data)
    __stdout                                 0x20000090   Data           4  stdout.o(.data)
    __microlib_freelist                      0x20000094   Data           4  mvars.o(.data)
    __microlib_freelist_initialised          0x20000098   Data           4  mvars.o(.data)
    mp_tcb                                   0x200000a0   Data         572  rtx_conf_cm.o(.bss)
    mp_stk                                   0x200002e0   Data        5136  rtx_conf_cm.o(.bss)
    os_fifo                                  0x200016f0   Data         388  rtx_conf_cm.o(.bss)
    os_active_TCB                            0x20001874   Data          40  rtx_conf_cm.o(.bss)
    u1rec_buff                               0x2000189c   Data          20  pack.o(.bss)
    u2rec_buff                               0x200018b0   Data          20  pack.o(.bss)
    os_idle_TCB                              0x200018c4   Data          56  rt_task.o(.bss)
    os_rdy                                   0x200018fc   Data          24  rt_list.o(.bss)
    os_dly                                   0x20001914   Data          24  rt_list.o(.bss)
    __heap_base                              0x20001930   Data           0  startup_stm32f10x_md.o(HEAP)
    __heap_limit                             0x20001b30   Data           0  startup_stm32f10x_md.o(HEAP)
    __initial_sp                             0x20001f30   Data           0  startup_stm32f10x_md.o(STACK)



==============================================================================

Memory Map of the image

  Image Entry point : 0x080020ed

  Load Region LR_IROM1 (Base: 0x08002000, Size: 0x00004cf4, Max: 0x00020000, ABSOLUTE)

    Execution Region ER_IROM1 (Base: 0x08002000, Size: 0x00004c58, Max: 0x00020000, ABSOLUTE)

    Base Addr    Size         Type   Attr      Idx    E Section Name        Object

    0x08002000   0x000000ec   Data   RO           91    RESET               startup_stm32f10x_md.o
    0x080020ec   0x00000000   Code   RO         1042  * .ARM.Collect$$$$00000000  mc_w.l(entry.o)
    0x080020ec   0x00000004   Code   RO         1358    .ARM.Collect$$$$00000001  mc_w.l(entry2.o)
    0x080020f0   0x00000004   Code   RO         1361    .ARM.Collect$$$$00000004  mc_w.l(entry5.o)
    0x080020f4   0x00000000   Code   RO         1363    .ARM.Collect$$$$00000008  mc_w.l(entry7b.o)
    0x080020f4   0x00000000   Code   RO         1365    .ARM.Collect$$$$0000000A  mc_w.l(entry8b.o)
    0x080020f4   0x00000008   Code   RO         1366    .ARM.Collect$$$$0000000B  mc_w.l(entry9a.o)
    0x080020fc   0x00000000   Code   RO         1368    .ARM.Collect$$$$0000000D  mc_w.l(entry10a.o)
    0x080020fc   0x00000000   Code   RO         1370    .ARM.Collect$$$$0000000F  mc_w.l(entry11a.o)
    0x080020fc   0x00000004   Code   RO         1359    .ARM.Collect$$$$00002712  mc_w.l(entry2.o)
    0x08002100   0x00000154   Code   RO          662    .emb_text           RTX_CM3.LIB(hal_cm3.o)
    0x08002254   0x000001e8   Code   RO           17    .text               system_stm32f10x.o
    0x0800243c   0x0000000a   Code   RO           66    .text               rtx_conf_cm.o
    0x08002446   0x00000002   PAD
    0x08002448   0x00000024   Code   RO           92    .text               startup_stm32f10x_md.o
    0x0800246c   0x000000dc   Code   RO           96    .text               misc.o
    0x08002548   0x000005bc   Code   RO          137    .text               stm32f10x_flash.o
    0x08002b04   0x00000358   Code   RO          152    .text               stm32f10x_gpio.o
    0x08002e5c   0x000003ac   Code   RO          164    .text               stm32f10x_rcc.o
    0x08003208   0x0000030c   Code   RO          178    .text               stm32f10x_spi.o
    0x08003514   0x00000e1a   Code   RO          190    .text               stm32f10x_tim.o
    0x0800432e   0x00000002   PAD
    0x08004330   0x00000408   Code   RO          205    .text               stm32f10x_usart.o
    0x08004738   0x00000120   Code   RO          217    .text               function.o
    0x08004858   0x00000284   Code   RO          276    .text               pack.o
    0x08004adc   0x00000140   Code   RO          295    .text               stm32f10x_it.o
    0x08004c1c   0x00000020   Code   RO          311    .text               main.o
    0x08004c3c   0x000003b8   Code   RO          331    .text               module.o
    0x08004ff4   0x000000b0   Code   RO          343    .text               app_config.o
    0x080050a4   0x00000550   Code   RO          392    .text               app_plug.o
    0x080055f4   0x00000174   Code   RO          409    .text               application.o
    0x08005768   0x000000a4   Code   RO          428    .text               task_list.o
    0x0800580c   0x00000380   Code   RO          440    .text               app_lib.o
    0x08005b8c   0x00000024   Code   RO         1045    .text               mc_w.l(memcpya.o)
    0x08005bb0   0x00000024   Code   RO         1047    .text               mc_w.l(memseta.o)
    0x08005bd4   0x0000000e   Code   RO         1051    .text               mc_w.l(strlen.o)
    0x08005be2   0x0000001a   Code   RO         1055    .text               mc_w.l(memcmp.o)
    0x08005bfc   0x0000001e   Code   RO         1059    .text               mc_w.l(strncmp.o)
    0x08005c1a   0x0000002c   Code   RO         1373    .text               mc_w.l(uidiv.o)
    0x08005c46   0x00000002   PAD
    0x08005c48   0x00000024   Code   RO         1390    .text               mc_w.l(init.o)
    0x08005c6c   0x00000004   Code   RO          922    SVC_TABLE           RTX_CM3.LIB(SVC_Table.o)
    0x08005c70   0x00000020   Code   RO         1114    i.__0printf$1       mc_w.l(printf1.o)
    0x08005c90   0x0000000e   Code   RO         1402    i.__scatterload_copy  mc_w.l(handlers.o)
    0x08005c9e   0x00000002   Code   RO         1403    i.__scatterload_null  mc_w.l(handlers.o)
    0x08005ca0   0x0000000e   Code   RO         1404    i.__scatterload_zeroinit  mc_w.l(handlers.o)
    0x08005cae   0x00000046   Code   RO          889    i._init_box         RTX_CM3.LIB(rt_membox.o)
    0x08005cf4   0x00000154   Code   RO         1121    i._printf_core      mc_w.l(printf1.o)
    0x08005e48   0x00000030   Code   RO          663    i.dbg_init          RTX_CM3.LIB(hal_cm3.o)
    0x08005e78   0x00000020   Code   RO          664    i.dbg_task_notify   RTX_CM3.LIB(hal_cm3.o)
    0x08005e98   0x00000010   Code   RO          665    i.dbg_task_switch   RTX_CM3.LIB(hal_cm3.o)
    0x08005ea8   0x0000006c   Code   RO         1331    i.malloc            mc_w.l(malloc.o)
    0x08005f14   0x00000028   Code   RO          704    i.os_tick_init      RTX_CM3.LIB(rt_system.o)
    0x08005f3c   0x00000002   Code   RO          705    i.os_tick_irqack    RTX_CM3.LIB(rt_system.o)
    0x08005f3e   0x0000001a   Code   RO          890    i.rt_alloc_box      RTX_CM3.LIB(rt_membox.o)
    0x08005f58   0x00000038   Code   RO          490    i.rt_block          RTX_CM3.LIB(rt_task.o)
    0x08005f90   0x00000048   Code   RO          867    i.rt_chk_robin      RTX_CM3.LIB(rt_robin.o)
    0x08005fd8   0x00000074   Code   RO          788    i.rt_dec_dly        RTX_CM3.LIB(rt_list.o)
    0x0800604c   0x00000044   Code   RO          491    i.rt_dispatch       RTX_CM3.LIB(rt_task.o)
    0x08006090   0x00000006   Code   RO          629    i.rt_dly_wait       RTX_CM3.LIB(rt_time.o)
    0x08006096   0x00000002   PAD
    0x08006098   0x0000004c   Code   RO          928    i.rt_evt_psh        RTX_CM3.LIB(rt_event.o)
    0x080060e4   0x00000020   Code   RO          891    i.rt_free_box       RTX_CM3.LIB(rt_membox.o)
    0x08006104   0x00000028   Code   RO          789    i.rt_get_first      RTX_CM3.LIB(rt_list.o)
    0x0800612c   0x0000004c   Code   RO          492    i.rt_init_context   RTX_CM3.LIB(rt_task.o)
    0x08006178   0x00000018   Code   RO          868    i.rt_init_robin     RTX_CM3.LIB(rt_robin.o)
    0x08006190   0x00000050   Code   RO          666    i.rt_init_stack     RTX_CM3.LIB(hal_cm3.o)
    0x080061e0   0x000000c0   Code   RO          971    i.rt_mbx_psh        RTX_CM3.LIB(rt_mailbox.o)
    0x080062a0   0x0000007c   Code   RO          706    i.rt_pop_req        RTX_CM3.LIB(rt_system.o)
    0x0800631c   0x00000048   Code   RO          792    i.rt_put_dly        RTX_CM3.LIB(rt_list.o)
    0x08006364   0x00000036   Code   RO          793    i.rt_put_prio       RTX_CM3.LIB(rt_list.o)
    0x0800639a   0x00000002   PAD
    0x0800639c   0x00000014   Code   RO          794    i.rt_put_rdy_first  RTX_CM3.LIB(rt_list.o)
    0x080063b0   0x00000034   Code   RO          795    i.rt_resort_prio    RTX_CM3.LIB(rt_list.o)
    0x080063e4   0x00000028   Code   RO          796    i.rt_rmv_dly        RTX_CM3.LIB(rt_list.o)
    0x0800640c   0x00000030   Code   RO          797    i.rt_rmv_list       RTX_CM3.LIB(rt_list.o)
    0x0800643c   0x0000000c   Code   RO          590    i.rt_sem_init       RTX_CM3.LIB(rt_semaphore.o)
    0x08006448   0x00000034   Code   RO          591    i.rt_sem_psh        RTX_CM3.LIB(rt_semaphore.o)
    0x0800647c   0x00000038   Code   RO          592    i.rt_sem_send       RTX_CM3.LIB(rt_semaphore.o)
    0x080064b4   0x00000040   Code   RO          593    i.rt_sem_wait       RTX_CM3.LIB(rt_semaphore.o)
    0x080064f4   0x00000024   Code   RO          709    i.rt_stk_check      RTX_CM3.LIB(rt_system.o)
    0x08006518   0x00000028   Code   RO          493    i.rt_switch_req     RTX_CM3.LIB(rt_task.o)
    0x08006540   0x00000158   Code   RO          494    i.rt_sys_init       RTX_CM3.LIB(rt_task.o)
    0x08006698   0x00000040   Code   RO          711    i.rt_systick        RTX_CM3.LIB(rt_system.o)
    0x080066d8   0x00000040   Code   RO         1017    i.rt_tmr_tick       RTX_CM3.LIB(rt_timer.o)
    0x08006718   0x00000094   Code   RO          495    i.rt_tsk_create     RTX_CM3.LIB(rt_task.o)
    0x080067ac   0x0000016c   Code   RO          496    i.rt_tsk_delete     RTX_CM3.LIB(rt_task.o)
    0x08006918   0x0000008c   Code   RO          498    i.rt_tsk_prio       RTX_CM3.LIB(rt_task.o)
    0x080069a4   0x00000028   Data   RO           68    .constdata          rtx_conf_cm.o
    0x080069cc   0x00000266   Data   RO          393    .constdata          app_plug.o
    0x08006c32   0x00000002   PAD
    0x08006c34   0x00000004   Data   RO          714    .constdata          RTX_CM3.LIB(rt_system.o)
    0x08006c38   0x00000020   Data   RO         1400    Region$$Table       anon$$obj.o


    Execution Region RW_IRAM1 (Base: 0x20000000, Size: 0x00001f30, Max: 0x00005000, ABSOLUTE)

    Base Addr    Size         Type   Attr      Idx    E Section Name        Object

    0x20000000   0x00000014   Data   RW           18    .data               system_stm32f10x.o
    0x20000014   0x00000004   Data   RW           69    .data               rtx_conf_cm.o
    0x20000018   0x00000014   Data   RW          165    .data               stm32f10x_rcc.o
    0x2000002c   0x00000016   Data   RW          278    .data               pack.o
    0x20000042   0x00000002   PAD
    0x20000044   0x00000010   Data   RW          344    .data               app_config.o
    0x20000054   0x00000012   Data   RW          410    .data               application.o
    0x20000066   0x00000002   PAD
    0x20000068   0x00000008   Data   RW          501    .data               RTX_CM3.LIB(rt_task.o)
    0x20000070   0x00000004   Data   RW          633    .data               RTX_CM3.LIB(rt_time.o)
    0x20000074   0x00000001   Data   RW          667    .data               RTX_CM3.LIB(hal_cm3.o)
    0x20000075   0x00000003   PAD
    0x20000078   0x00000008   Data   RW          715    .data               RTX_CM3.LIB(rt_system.o)
    0x20000080   0x00000008   Data   RW          869    .data               RTX_CM3.LIB(rt_robin.o)
    0x20000088   0x00000008   Data   RW         1018    .data               RTX_CM3.LIB(rt_timer.o)
    0x20000090   0x00000004   Data   RW         1372    .data               mc_w.l(stdout.o)
    0x20000094   0x00000004   Data   RW         1377    .data               mc_w.l(mvars.o)
    0x20000098   0x00000004   Data   RW         1378    .data               mc_w.l(mvars.o)
    0x2000009c   0x00000004   PAD
    0x200000a0   0x000017fc   Zero   RW           67    .bss                rtx_conf_cm.o
    0x2000189c   0x00000028   Zero   RW          277    .bss                pack.o
    0x200018c4   0x00000038   Zero   RW          500    .bss                RTX_CM3.LIB(rt_task.o)
    0x200018fc   0x00000030   Zero   RW          798    .bss                RTX_CM3.LIB(rt_list.o)
    0x2000192c   0x00000004   PAD
    0x20001930   0x00000200   Zero   RW           90    HEAP                startup_stm32f10x_md.o
    0x20001b30   0x00000400   Zero   RW           89    STACK               startup_stm32f10x_md.o


==============================================================================

Image component sizes


      Code (inc. data)   RO Data    RW Data    ZI Data      Debug   Object Name

       176         22          0         16          0        808   app_config.o
       896         94          0          0          0       3244   app_lib.o
      1360        922        614          0          0       1319   app_plug.o
       372         36          0         18          0       1867   application.o
         0          0          0          0          0       4244   core_cm3.o
       288         58          0          0          0      24867   function.o
        32          8          0          0          0        387   main.o
       220         20          0          0          0     206325   misc.o
       952         48          0          0          0       2201   module.o
       644         54          0         22         40       3971   pack.o
        10          0         40          4       6140       9024   rtx_conf_cm.o
        36          8        236          0       1536        728   startup_stm32f10x_md.o
      1468         34          0          0          0      14246   stm32f10x_flash.o
       856         40          0          0          0       5553   stm32f10x_gpio.o
       320         44          0          0          0       1659   stm32f10x_it.o
       940         52          0         20          0       8680   stm32f10x_rcc.o
       780         14          0          0          0       6434   stm32f10x_spi.o
      3610         88          0          0          0      41124   stm32f10x_tim.o
      1032         22          0          0          0       8280   stm32f10x_usart.o
       488         50          0         20          0      31555   system_stm32f10x.o
       164         14          0          0          0       1389   task_list.o

    ----------------------------------------------------------------------
     14648       1628        924        104       7716     377905   Object Totals
         0          0         32          0          0          0   (incl. Generated)
         4          0          2          4          0          0   (incl. Padding)

    ----------------------------------------------------------------------

      Code (inc. data)   RO Data    RW Data    ZI Data      Debug   Library Member Name

         4          4          0          0          0        140   SVC_Table.o
       516         56          0          1          0       2481   hal_cm3.o
        76          4          0          0          0        509   rt_event.o
       442         30          0          0         48       3806   rt_list.o
       192          4          0          0          0        609   rt_mailbox.o
       128          0          0          0          0       1497   rt_membox.o
        96         22          0          8          0        974   rt_robin.o
       184         16          0          0          0       1863   rt_semaphore.o
       266         44          4          8          0       3025   rt_system.o
      1236        178          0          8         56       7128   rt_task.o
         6          0          0          4          0        504   rt_time.o
        64          8          0          8          0        583   rt_timer.o
         0          0          0          0          0          0   entry.o
         0          0          0          0          0          0   entry10a.o
         0          0          0          0          0          0   entry11a.o
         8          4          0          0          0          0   entry2.o
         4          0          0          0          0          0   entry5.o
         0          0          0          0          0          0   entry7b.o
         0          0          0          0          0          0   entry8b.o
         8          4          0          0          0          0   entry9a.o
        30          0          0          0          0          0   handlers.o
        36          8          0          0          0         68   init.o
       108         16          0          0          0         84   malloc.o
        26          0          0          0          0         80   memcmp.o
        36          0          0          0          0         68   memcpya.o
        36          0          0          0          0        108   memseta.o
         0          0          0          8          0          0   mvars.o
       372         16          0          0          0        180   printf1.o
         0          0          0          4          0          0   stdout.o
        14          0          0          0          0         68   strlen.o
        30          0          0          0          0         80   strncmp.o
        44          0          0          0          0         80   uidiv.o

    ----------------------------------------------------------------------
      3968        414          4         52        112      23935   Library Totals
         6          0          0          3          8          0   (incl. Padding)

    ----------------------------------------------------------------------

      Code (inc. data)   RO Data    RW Data    ZI Data      Debug   Library Name

      3210        366          4         37        104      23119   RTX_CM3.LIB
       752         48          0         12          0        816   mc_w.l

    ----------------------------------------------------------------------
      3968        414          4         52        112      23935   Library Totals

    ----------------------------------------------------------------------

==============================================================================


      Code (inc. data)   RO Data    RW Data    ZI Data      Debug   

     18616       2042        928        156       7828     397732   Grand Totals
     18616       2042        928        156       7828     397732   ELF Image Totals
     18616       2042        928        156          0          0   ROM Totals

==============================================================================

    Total RO  Size (Code + RO Data)                19544 (  19.09kB)
    Total RW  Size (RW Data + ZI Data)              7984 (   7.80kB)
    Total ROM Size (Code + RO Data + RW Data)      19700 (  19.24kB)

==============================================================================

