<html>
<body>
<pre>
<h1>礦ision Build Log</h1>
<h2>Project:</h2>
E:\工作文档\SIM808模块\x808模块驱动\x808模块.uvproj
Project File Date:  06/17/2015

<h2>Output:</h2>
Rebuild target 'x808模块'
compiling core_cm3.c...
compiling system_stm32f10x.c...
compiling RTX_Conf_CM.c...
assembling startup_stm32f10x_md.s...
compiling misc.c...
compiling stm32f10x_exti.c...
compiling stm32f10x_flash.c...
compiling stm32f10x_gpio.c...
compiling stm32f10x_rcc.c...
compiling stm32f10x_spi.c...
compiling stm32f10x_tim.c...
compiling stm32f10x_usart.c...
compiling function.c...
compiling pack.c...
compiling stm32f10x_it.c...
compiling main.c...
compiling module.c...
compiling app_config.c...
compiling app_plug.c...
compiling application.c...
compiling task_list.c...
compiling app_lib.c...
compiling gps_gprs.c...
compiling gps_gprs_lib.c...
linking...
Program Size: Code=18616 RO-data=928 RW-data=156 ZI-data=7828  
FromELF: creating hex file...
After Build - User command #1: fromelf.exe --bin -o./Object/x808模块.bin ./Object/x808模块.axf
After Build - User command #2: fromelf.exe --i32 -o./Object/x808模块.hex ./Object/x808模块.axf
".\Object\x808模块.axf" - 0 Error(s), 0 Warning(s).
</pre>
</body>
</html>
User command #2: fromelf.exe --i32 -o./Object/x808模块.hex ./Object/x808模块.axf
".\Object\x808模块.axf" - 0 Error(s), 1 Warning(s).
