ARM Linker, 5.03 [Build 24] [MDK-ARM Standard][RL-ARM]

==============================================================================

Section Cross References

    system_stm32f10x.o(.text) refers to system_stm32f10x.o(.data) for SystemCoreClock
    startup_stm32f10x_md.o(RESET) refers to startup_stm32f10x_md.o(STACK) for __initial_sp
    startup_stm32f10x_md.o(RESET) refers to startup_stm32f10x_md.o(.text) for Reset_Handler
    startup_stm32f10x_md.o(RESET) refers to stm32f10x_it.o(.text) for NMI_Handler
    startup_stm32f10x_md.o(RESET) refers to hal_cm3.o(.emb_text) for SVC_Handler
    startup_stm32f10x_md.o(.text) refers to system_stm32f10x.o(.text) for SystemInit
    startup_stm32f10x_md.o(.text) refers to entry.o(.ARM.Collect$$$$00000000) for __main
    main.o(.text) refers to function.o(.text) for Init_sys
    main.o(.text) refers to hal_cm3.o(.emb_text) for os_set_env
    main.o(.text) refers to task.o(.text) for Init_task
    main.o(.text) refers to rt_task.o(i.rt_sys_init) for rt_sys_init
    stm32f10x_it.o(.text) refers to stm32f10x_tim.o(.text) for TIM_Cmd
    stm32f10x_it.o(.text) refers to stm32f10x_usart.o(.text) for USART_GetITStatus
    stm32f10x_it.o(.text) refers to rt_semaphore.o(i.isr_sem_send) for isr_sem_send
    stm32f10x_it.o(.text) refers to task.o(.data) for u1_count
    stm32f10x_it.o(.text) refers to task.o(.bss) for u1rec_buff
    module.o(.text) refers to stm32f10x_rcc.o(.text) for RCC_DeInit
    module.o(.text) refers to stm32f10x_flash.o(.text) for FLASH_SetLatency
    module.o(.text) refers to stm32f10x_gpio.o(.text) for GPIO_Init
    module.o(.text) refers to stm32f10x_usart.o(.text) for USART_Init
    module.o(.text) refers to memcmp.o(.text) for memcmp
    module.o(.text) refers to stm32f10x_spi.o(.text) for SPI_Init
    module.o(.text) refers to misc.o(.text) for NVIC_SetVectorTable
    module.o(.text) refers to stm32f10x_tim.o(.text) for TIM_DeInit
    function.o(.text) refers to module.o(.text) for RCC_Config
    function.o(.text) refers to memseta.o(.text) for __aeabi_memclr4
    function.o(.text) refers to stm32f10x_gpio.o(.text) for GPIO_SetBits
    function.o(.text) refers to pack.o(.text) for usart_send_str
    function.o(.text) refers to dfltui.o(.text) for __aeabi_ui2d
    function.o(.text) refers to dmul.o(.text) for __aeabi_dmul
    function.o(.text) refers to ddiv.o(.text) for __aeabi_ddiv
    function.o(.text) refers to dfixui.o(.text) for __aeabi_d2uiz
    function.o(.text) refers to memcpya.o(.text) for __aeabi_memcpy4
    function.o(.text) refers to stm32f10x_usart.o(.text) for USART_SendData
    function.o(.text) refers to function.o(.bss) for test_t
    function.o(.text) refers to rt_time.o(i.rt_dly_wait) for rt_dly_wait
    function.o(.text) refers to task.o(.data) for refresh
    pack.o(.text) refers to stm32f10x_usart.o(.text) for USART_ClearFlag
    pack.o(.text) refers to strlen.o(.text) for strlen
    pack.o(.text) refers to stm32f10x_tim.o(.text) for TIM_Cmd
    pack.o(.text) refers to memseta.o(.text) for __aeabi_memclr
    pack.o(.text) refers to stm32f10x_flash.o(.text) for FLASH_UnlockBank1
    pack.o(.text) refers to memcmp.o(.text) for memcmp
    pack.o(.text) refers to stm32f10x_gpio.o(.text) for GPIO_ResetBits
    pack.o(.text) refers to stm32f10x_spi.o(.text) for SPI_I2S_GetFlagStatus
    pack.o(.text) refers to rt_time.o(i.rt_dly_wait) for rt_dly_wait
    pack.o(.text) refers to task.o(.data) for u1_count
    pack.o(.text) refers to task.o(.bss) for u1rec_buff
    pack.o(.text) refers to pack.o(.data) for FLASHStatus
    task.o(.text) refers to memseta.o(.text) for __aeabi_memclr
    task.o(.text) refers to pack.o(.text) for ReadFlashNByte
    task.o(.text) refers to function.o(.text) for change_data
    task.o(.text) refers to stm32f10x_gpio.o(.text) for GPIO_ResetBits
    task.o(.text) refers to stm32f10x_tim.o(.text) for TIM_Cmd
    task.o(.text) refers to app_pack.o(.text) for iotask_overtime
    task.o(.text) refers to app_plug.o(.text) for default_setting
    task.o(.text) refers to task.o(.data) for adcsem
    task.o(.text) refers to rt_semaphore.o(i.rt_sem_init) for rt_sem_init
    task.o(.text) refers to task.o(.bss) for view_detial
    task.o(.text) refers to rt_time.o(i.rt_dly_wait) for rt_dly_wait
    task.o(.text) refers to rt_semaphore.o(i.rt_sem_send) for rt_sem_send
    task.o(.text) refers to rt_semaphore.o(i.rt_sem_wait) for rt_sem_wait
    task.o(.text) refers to rt_task.o(i.rt_tsk_prio) for rt_tsk_prio
    task.o(.text) refers to rt_task.o(i.rt_tsk_create) for rt_tsk_create
    task.o(.text) refers to rt_task.o(i.rt_tsk_delete) for rt_tsk_delete
    app_plug.o(.text) refers to printfb.o(i.__0printf$bare) for __2printf
    app_plug.o(.text) refers to function.o(.text) for mcu_reset
    app_plug.o(.text) refers to malloc.o(i.malloc) for malloc
    app_plug.o(.text) refers to memseta.o(.text) for __aeabi_memclr4
    app_plug.o(.text) refers to pack.o(.text) for usart_rec_data
[...]
    Removing rt_event.o(i.rt_evt_wait), (60 bytes).
    Removing rt_mailbox.o(i.isr_mbx_receive), (84 bytes).
    Removing rt_mailbox.o(i.isr_mbx_send), (14 bytes).
    Removing rt_mailbox.o(i.rt_mbx_check), (8 bytes).
    Removing rt_mailbox.o(i.rt_mbx_init), (26 bytes).
    Removing rt_mailbox.o(i.rt_mbx_send), (160 bytes).
    Removing rt_mailbox.o(i.rt_mbx_wait), (184 bytes).
    Removing rt_timer.o(i.rt_tmr_create), (80 bytes).
    Removing rt_timer.o(i.rt_tmr_kill), (52 bytes).
    Removing dadd.o(.text), (334 bytes).
    Removing dfixul.o(.text), (48 bytes).
    Removing cdrcmple.o(.text), (40 bytes).

31 unused section(s) (total 2204 bytes) removed from the image.

==============================================================================

Image Symbol Table

    Local Symbols

    Symbol Name                              Value     Ov Type        Size  Object(Section)

    ../clib/microlib/ctype/ctype.c           0x00000000   Number         0  ispunct_o.o ABSOLUTE
    ../clib/microlib/ctype/ctype.c           0x00000000   Number         0  iscntrl_o.o ABSOLUTE
    ../clib/microlib/ctype/ctype.c           0x00000000   Number         0  isdigit_o.o ABSOLUTE
    ../clib/microlib/ctype/ctype.c           0x00000000   Number         0  isspace_o.o ABSOLUTE
    ../clib/microlib/ctype/ctype.c           0x00000000   Number         0  isupper_o.o ABSOLUTE
    ../clib/microlib/ctype/ctype.c           0x00000000   Number         0  isgraph_o.o ABSOLUTE
    ../clib/microlib/ctype/ctype.c           0x00000000   Number         0  isxdigit_o.o ABSOLUTE
    ../clib/microlib/ctype/ctype.c           0x00000000   Number         0  ctype_o.o ABSOLUTE
    ../clib/microlib/ctype/ctype.c           0x00000000   Number         0  islower_o.o ABSOLUTE
    ../clib/microlib/ctype/ctype.c           0x00000000   Number         0  isalnum_o.o ABSOLUTE
    ../clib/microlib/ctype/ctype.c           0x00000000   Number         0  isalpha_o.o ABSOLUTE
    ../clib/microlib/ctype/ctype.c           0x00000000   Number         0  isblank_o.o ABSOLUTE
    ../clib/microlib/ctype/ctype.c           0x00000000   Number         0  isprint_o.o ABSOLUTE
    ../clib/microlib/division.c              0x00000000   Number         0  uidiv.o ABSOLUTE
    ../clib/microlib/division.c              0x00000000   Number         0  uldiv.o ABSOLUTE
    ../clib/microlib/errno.c                 0x00000000   Number         0  errno.o ABSOLUTE
    ../clib/microlib/init/entry.s            0x00000000   Number         0  entry7b.o ABSOLUTE
    ../clib/microlib/init/entry.s            0x00000000   Number         0  entry10b.o ABSOLUTE
    ../clib/microlib/init/entry.s            0x00000000   Number         0  entry10a.o ABSOLUTE
    ../clib/microlib/init/entry.s            0x00000000   Number         0  entry9b.o ABSOLUTE
    ../clib/microlib/init/entry.s            0x00000000   Number         0  entry8b.o ABSOLUTE
    ../clib/microlib/init/entry.s            0x00000000   Number         0  entry8a.o ABSOLUTE
    ../clib/microlib/init/entry.s            0x00000000   Number         0  entry11a.o ABSOLUTE
    ../clib/microlib/init/entry.s            0x00000000   Number         0  entry7a.o ABSOLUTE
    ../clib/microlib/init/entry.s            0x00000000   Number         0  entry5.o ABSOLUTE
    ../clib/microlib/init/entry.s            0x00000000   Number         0  entry2.o ABSOLUTE
    ../clib/microlib/init/entry.s            0x00000000   Number         0  entry9a.o ABSOLUTE
    ../clib/microlib/init/entry.s            0x00000000   Number         0  entry.o ABSOLUTE
    ../clib/microlib/init/entry.s            0x00000000   Number         0  entry11b.o ABSOLUTE
    ../clib/microlib/longlong.c              0x00000000   Number         0  llsshr.o ABSOLUTE
    ../clib/microlib/longlong.c              0x00000000   Number         0  llshl.o ABSOLUTE
    ../clib/microlib/longlong.c              0x00000000   Number         0  llushr.o ABSOLUTE
    ../clib/microlib/malloc/malloc.c         0x00000000   Number         0  malloc.o ABSOLUTE
    ../clib/microlib/malloc/malloc.c         0x00000000   Number         0  mallocr.o ABSOLUTE
    ../clib/microlib/malloc/malloc.c         0x00000000   Number         0  malloca.o ABSOLUTE
    ../clib/microlib/malloc/malloc.c         0x00000000   Number         0  mallocra.o ABSOLUTE
    ../clib/microlib/malloc/mvars.c          0x00000000   Number         0  mvars.o ABSOLUTE
    ../clib/microlib/printf/printf.c         0x00000000   Number         0  printf7.o ABSOLUTE
    ../clib/microlib/printf/printf.c         0x00000000   Number         0  printf5.o ABSOLUTE
    ../clib/microlib/printf/printf.c         0x00000000   Number         0  printf4.o ABSOLUTE
    ../clib/microlib/printf/printf.c         0x00000000   Number         0  printf2.o ABSOLUTE
    ../clib/microlib/printf/printf.c         0x00000000   Number         0  printf1.o ABSOLUTE
    ../clib/microlib/printf/printf.c         0x00000000   Number         0  printf0.o ABSOLUTE
    ../clib/microlib/printf/printf.c         0x00000000   Number         0  printfb.o ABSOLUTE
    ../clib/microlib/printf/printf.c         0x00000000   Number         0  printfa.o ABSOLUTE
    ../clib/microlib/printf/printf.c         0x00000000   Number         0  printf8.o ABSOLUTE
    ../clib/microlib/printf/printf.c         0x00000000   Number         0  printf3.o ABSOLUTE
    ../clib/microlib/printf/printf.c         0x00000000   Number         0  printf6.o ABSOLUTE
    ../clib/microlib/stdio/streams.c         0x00000000   Number         0  stdout.o ABSOLUTE
    ../clib/microlib/string/memcmp.c         0x00000000   Number         0  memcmp.o ABSOLUTE
    ../clib/microlib/string/memcpy.c         0x00000000   Number         0  memcpya.o ABSOLUTE
    ../clib/microlib/string/memcpy.c         0x00000000   Number         0  memcpyb.o ABSOLUTE
    ../clib/microlib/string/memset.c         0x00000000   Number         0  memseta.o ABSOLUTE
    ../clib/microlib/string/strcmp.c         0x00000000   Number         0  strcmp.o ABSOLUTE
    ../clib/microlib/string/strcpy.c         0x00000000   Number         0  strcpy.o ABSOLUTE
    ../clib/microlib/string/strlen.c         0x00000000   Number         0  strlen.o ABSOLUTE
    ../clib/microlib/stubs.s                 0x00000000   Number         0  iusefp.o ABSOLUTE
    ../clib/scanf.c                          0x00000000   Number         0  atoi.o ABSOLUTE
    ../clib/scanf.c                          0x00000000   Number         0  strtol.o ABSOLUTE
    ../clib/scanf.c                          0x00000000   Number         0  _chval.o ABSOLUTE
    ../clib/scanf.c                          0x00000000   Number         0  _strtoul.o ABSOLUTE
    ../fplib/microlib/fpadd.c                0x00000000   Number         0  dadd.o ABSOLUTE
    ../fplib/microlib/fpdiv.c                0x00000000   Number         0  ddiv.o ABSOLUTE
    ../fplib/microlib/fpepilogue.c           0x00000000   Number         0  depilogue.o ABSOLUTE
    ../fplib/microlib/fpfix.c                0x00000000   Number         0  dfixui.o ABSOLUTE
    ../fplib/microlib/fpfix.c                0x00000000   Number         0  dfixul.o ABSOLUTE
    ../fplib/microlib/fpflt.c                0x00000000   Number         0  dfltui.o ABSOLUTE
    ../fplib/microlib/fpmul.c                0x00000000   Number         0  dmul.o ABSOLUTE
    C:\Keil\ARM\RL\RTX\Config\RTX_Conf_CM.c  0x00000000   Number         0  rtx_conf_cm.o ABSOLUTE
    CMSIS\\core_cm3.c                        0x00000000   Number         0  core_cm3.o ABSOLUTE
    CMSIS\core_cm3.c                         0x00000000   Number         0  core_cm3.o ABSOLUTE
    CMSIS\system_stm32f10x.c                 0x00000000   Number         0  system_stm32f10x.o ABSOLUTE
    SRC\CM\HAL_CM3.c                         0x00000000   Number         0  hal_cm3.o ABSOLUTE
    SRC\CM\SVC_Table.s                       0x00000000   Number         0  SVC_Table.o ABSOLUTE
    SRC\CM\rt_Event.c                        0x00000000   Number         0  rt_event.o ABSOLUTE
    SRC\CM\rt_List.c                         0x00000000   Number         0  rt_list.o ABSOLUTE
    SRC\CM\rt_Mailbox.c                      0x00000000   Number         0  rt_mailbox.o ABSOLUTE
    SRC\CM\rt_MemBox.c                       0x00000000   Number         0  rt_membox.o ABSOLUTE
    SRC\CM\rt_Robin.c                        0x00000000   Number         0  rt_robin.o ABSOLUTE
    SRC\CM\rt_Semaphore.c                    0x00000000   Number         0  rt_semaphore.o ABSOLUTE
    SRC\CM\rt_System.c                       0x00000000   Number         0  rt_system.o ABSOLUTE
    SRC\CM\rt_Task.c                         0x00000000   Number         0  rt_task.o ABSOLUTE
    SRC\CM\rt_Time.c                         0x00000000   Number         0  rt_time.o ABSOLUTE
    SRC\CM\rt_Timer.c                        0x00000000   Number         0  rt_timer.o ABSOLUTE
    SRC\\CM\\HAL_CM3.c                       0x00000000   Number         0  hal_cm3.o ABSOLUTE
    SRC\\CM\\rt_System.c                     0x00000000   Number         0  rt_system.o ABSOLUTE
    StartUp\startup_stm32f10x_md.s           0x00000000   Number         0  startup_stm32f10x_md.o ABSOLUTE
    StdPeriph_Driver\src\misc.c              0x00000000   Number         0  misc.o ABSOLUTE
    StdPeriph_Driver\src\stm32f10x_exti.c    0x00000000   Number         0  stm32f10x_exti.o ABSOLUTE
    StdPeriph_Driver\src\stm32f10x_flash.c   0x00000000   Number         0  stm32f10x_flash.o ABSOLUTE
    StdPeriph_Driver\src\stm32f10x_gpio.c    0x00000000   Number         0  stm32f10x_gpio.o ABSOLUTE
    StdPeriph_Driver\src\stm32f10x_rcc.c     0x00000000   Number         0  stm32f10x_rcc.o ABSOLUTE
    StdPeriph_Driver\src\stm32f10x_spi.c     0x00000000   Number         0  stm32f10x_spi.o ABSOLUTE
    StdPeriph_Driver\src\stm32f10x_tim.c     0x00000000   Number         0  stm32f10x_tim.o ABSOLUTE
    StdPeriph_Driver\src\stm32f10x_usart.c   0x00000000   Number         0  stm32f10x_usart.o ABSOLUTE
    User\app_pack.c                          0x00000000   Number         0  app_pack.o ABSOLUTE
    User\app_plug.c                          0x00000000   Number         0  app_plug.o ABSOLUTE
    User\function.c                          0x00000000   Number         0  function.o ABSOLUTE
    User\main.c                              0x00000000   Number         0  main.o ABSOLUTE
    User\module.c                            0x00000000   Number         0  module.o ABSOLUTE
    User\pack.c                              0x00000000   Number         0  pack.o ABSOLUTE
    User\project_config.c                    0x00000000   Number         0  project_config.o ABSOLUTE
    User\stm32f10x_it.c                      0x00000000   Number         0  stm32f10x_it.o ABSOLUTE
    User\task.c                              0x00000000   Number         0  task.o ABSOLUTE
    cdrcmple.s                               0x00000000   Number         0  cdrcmple.o ABSOLUTE
    dc.s                                     0x00000000   Number         0  dc.o ABSOLUTE
    debugger\debugger.c                      0x00000000   Number         0  debugger.o ABSOLUTE
    handlers.s                               0x00000000   Number         0  handlers.o ABSOLUTE
    init.s                                   0x00000000   Number         0  init.o ABSOLUTE
    RESET                                    0x08000000   Section      236  startup_stm32f10x_md.o(RESET)
    .ARM.Collect$$$$00000000                 0x080000ec   Section        0  entry.o(.ARM.Collect$$$$00000000)
    .ARM.Collect$$$$00000001                 0x080000ec   Section        4  entry2.o(.ARM.Collect$$$$00000001)
    .ARM.Collect$$$$00000004                 0x080000f0   Section        4  entry5.o(.ARM.Collect$$$$00000004)
    .ARM.Collect$$$$00000008                 0x080000f4   Section        0  entry7b.o(.ARM.Collect$$$$00000008)
    .ARM.Collect$$$$0000000A                 0x080000f4   Section        0  entry8b.o(.ARM.Collect$$$$0000000A)
    .ARM.Collect$$$$0000000B                 0x080000f4   Section        8  entry9a.o(.ARM.Collect$$$$0000000B)
    .ARM.Collect$$$$0000000D                 0x080000fc   Section        0  entry10a.o(.ARM.Collect$$$$0000000D)
    .ARM.Collect$$$$0000000F                 0x080000fc   Section        0  entry11a.o(.ARM.Collect$$$$0000000F)
    .ARM.Collect$$$$00002712                 0x080000fc   Section        4  entry2.o(.ARM.Collect$$$$00002712)
    __lit__00000000                          0x080000fc   Data           4  entry2.o(.ARM.Collect$$$$00002712)
    .emb_text                                0x08000100   Section      340  hal_cm3.o(.emb_text)
    .text                                    0x08000254   Section        0  system_stm32f10x.o(.text)
    SetSysClockTo72                          0x08000255   Thumb Code   212  system_stm32f10x.o(.text)
    SetSysClock                              0x08000329   Thumb Code     8  system_stm32f10x.o(.text)
    .text                                    0x08000438   Section        0  rtx_conf_cm.o(.text)
    .text                                    0x08000444   Section       36  startup_stm32f10x_md.o(.text)
    .text                                    0x08000468   Section        0  main.o(.text)
    .text                                    0x08000488   Section        0  stm32f10x_it.o(.text)
    .text                                    0x0800057c   Section        0  module.o(.text)
    .text                                    0x080009a0   Section        0  function.o(.text)
    .text                                    0x08000c60   Section        0  pack.o(.text)
    .text                                    0x08000e74   Section        0  task.o(.text)
    .text                                    0x080014e0   Section        0  app_plug.o(.text)
    .text                                    0x08001c3c   Section        0  app_pack.o(.text)
    .text                                    0x08001cb4   Section        0  stm32f10x_rcc.o(.text)
    .text                                    0x08002060   Section        0  stm32f10x_usart.o(.text)
    .text                                    0x08002468   Section        0  misc.o(.text)
    .text                                    0x08002544   Section        0  stm32f10x_gpio.o(.text)
    .text                                    0x0800289c   Section        0  stm32f10x_spi.o(.text)
    .text                                    0x08002ba8   Section        0  stm32f10x_flash.o(.text)
    .text                                    0x08003164   Section        0  stm32f10x_tim.o(.text)
    TI4_Config                               0x0800360b   Thumb Code   130  stm32f10x_tim.o(.text)
    TI3_Config                               0x0800369f   Thumb Code   122  stm32f10x_tim.o(.text)
    TI2_Config                               0x08003733   Thumb Code   130  stm32f10x_tim.o(.text)
    TI1_Config                               0x080037c7   Thumb Code   108  stm32f10x_tim.o(.text)
    .text                                    0x08003f7e   Section        0  memcpya.o(.text)
    .text                                    0x08003fa2   Section        0  memseta.o(.text)
    .text                                    0x08003fc6   Section        0  strlen.o(.text)
    .text                                    0x08003fd4   Section        0  strcmp.o(.text)
    .text                                    0x08003ff0   Section        0  memcmp.o(.text)
    .text                                    0x0800400a   Section        0  strcpy.o(.text)
    .text                                    0x0800401c   Section        0  atoi.o(.text)
    .text                                    0x08004036   Section        0  dmul.o(.text)
    .text                                    0x0800411a   Section        0  ddiv.o(.text)
    .text                                    0x080041f8   Section        0  dfltui.o(.text)
    .text                                    0x08004212   Section        0  dfixui.o(.text)
    .text                                    0x08004244   Section        0  llushr.o(.text)
    .text                                    0x08004264   Section        0  strtol.o(.text)
    .text                                    0x080042d4   Section        0  depilogue.o(.text)
    .text                                    0x080042d4   Section        0  iusefp.o(.text)
    .text                                    0x08004394   Section       36  init.o(.text)
    .text                                    0x080043b8   Section        0  llshl.o(.text)
    .text                                    0x080043d8   Section        0  ctype_o.o(.text)
    .text                                    0x080043e0   Section        0  _strtoul.o(.text)
    .text                                    0x0800447e   Section        0  _chval.o(.text)
    SVC_TABLE                                0x0800449c   Section        4  SVC_Table.o(SVC_TABLE)
    i.__0printf$bare                         0x080044a0   Section        0  printfb.o(i.__0printf$bare)
    i.__aeabi_errno_addr                     0x080044b0   Section        0  errno.o(i.__aeabi_errno_addr)
    i.__scatterload_copy                     0x080044b8   Section       14  handlers.o(i.__scatterload_copy)
    i.__scatterload_null                     0x080044c6   Section        2  handlers.o(i.__scatterload_null)
    i.__scatterload_zeroinit                 0x080044c8   Section       14  handlers.o(i.__scatterload_zeroinit)
    i._init_box                              0x080044d6   Section        0  rt_membox.o(i._init_box)
    i._printf_core                           0x0800451c   Section        0  printfb.o(i._printf_core)
    _printf_core                             0x0800451d   Thumb Code    34  printfb.o(i._printf_core)
    i.dbg_init                               0x08004540   Section        0  hal_cm3.o(i.dbg_init)
    i.dbg_task_notify                        0x08004570   Section        0  hal_cm3.o(i.dbg_task_notify)
    i.dbg_task_switch                        0x08004590   Section        0  hal_cm3.o(i.dbg_task_switch)
    i.isr_sem_send                           0x080045a0   Section        0  rt_semaphore.o(i.isr_sem_send)
    i.malloc                                 0x080045b0   Section        0  malloc.o(i.malloc)
    i.os_tick_init                           0x0800461c   Section        0  rt_system.o(i.os_tick_init)
    i.os_tick_irqack                         0x08004644   Section        0  rt_system.o(i.os_tick_irqack)
    i.rt_alloc_box                           0x08004646   Section        0  rt_membox.o(i.rt_alloc_box)
    i.rt_block                               0x08004660   Section        0  rt_task.o(i.rt_block)
    i.rt_chk_robin                           0x08004698   Section        0  rt_robin.o(i.rt_chk_robin)
    i.rt_dec_dly                             0x080046e0   Section        0  rt_list.o(i.rt_dec_dly)
    i.rt_dispatch                            0x08004754   Section        0  rt_task.o(i.rt_dispatch)
    i.rt_dly_wait                            0x08004798   Section        0  rt_time.o(i.rt_dly_wait)
    i.rt_evt_psh                             0x080047a0   Section        0  rt_event.o(i.rt_evt_psh)
    i.rt_free_box                            0x080047ec   Section        0  rt_membox.o(i.rt_free_box)
    i.rt_get_first                           0x0800480c   Section        0  rt_list.o(i.rt_get_first)
    i.rt_init_context                        0x08004834   Section        0  rt_task.o(i.rt_init_context)
    rt_init_context                          0x08004835   Thumb Code    64  rt_task.o(i.rt_init_context)
    i.rt_init_robin                          0x08004878   Section        0  rt_robin.o(i.rt_init_robin)
    i.rt_init_stack                          0x08004890   Section        0  hal_cm3.o(i.rt_init_stack)
    i.rt_mbx_psh                             0x080048e0   Section        0  rt_mailbox.o(i.rt_mbx_psh)
    i.rt_pop_req                             0x080049a0   Section        0  rt_system.o(i.rt_pop_req)
    i.rt_psh_req                             0x08004a18   Section        0  rt_system.o(i.rt_psh_req)
    i.rt_psq_enq                             0x08004a38   Section        0  rt_list.o(i.rt_psq_enq)
    i.rt_put_dly                             0x08004a90   Section        0  rt_list.o(i.rt_put_dly)
    i.rt_put_prio                            0x08004ad8   Section        0  rt_list.o(i.rt_put_prio)
    i.rt_put_rdy_first                       0x08004b10   Section        0  rt_list.o(i.rt_put_rdy_first)
    i.rt_resort_prio                         0x08004b24   Section        0  rt_list.o(i.rt_resort_prio)
    i.rt_rmv_dly                             0x08004b58   Section        0  rt_list.o(i.rt_rmv_dly)
    i.rt_rmv_list                            0x08004b80   Section        0  rt_list.o(i.rt_rmv_list)
    i.rt_sem_init                            0x08004bb0   Section        0  rt_semaphore.o(i.rt_sem_init)
    i.rt_sem_psh                             0x08004bbc   Section        0  rt_semaphore.o(i.rt_sem_psh)
    i.rt_sem_send                            0x08004bf0   Section        0  rt_semaphore.o(i.rt_sem_send)
    i.rt_sem_wait                            0x08004c28   Section        0  rt_semaphore.o(i.rt_sem_wait)
    i.rt_stk_check                           0x08004c64   Section        0  rt_system.o(i.rt_stk_check)
    i.rt_switch_req                          0x08004c88   Section        0  rt_task.o(i.rt_switch_req)
    i.rt_sys_init                            0x08004cb0   Section        0  rt_task.o(i.rt_sys_init)
    i.rt_systick                             0x08004e08   Section        0  rt_system.o(i.rt_systick)
    i.rt_tmr_tick                            0x08004e44   Section        0  rt_timer.o(i.rt_tmr_tick)
    i.rt_tsk_create                          0x08004e84   Section        0  rt_task.o(i.rt_tsk_create)
    i.rt_tsk_delete                          0x08004f18   Section        0  rt_task.o(i.rt_tsk_delete)
    i.rt_tsk_prio                            0x08004fd4   Section        0  rt_task.o(i.rt_tsk_prio)
    .constdata                               0x08005054   Section       40  rtx_conf_cm.o(.constdata)
    __tagsym$$used                           0x08005068   Number         0  rtx_conf_cm.o(.constdata)
    __tagsym$$used                           0x0800506c   Number         0  rtx_conf_cm.o(.constdata)
    .constdata                               0x0800507c   Section      802  app_plug.o(.constdata)
    .constdata                               0x0800539e   Section      129  ctype_o.o(.constdata)
    .constdata                               0x08005420   Section        4  ctype_o.o(.constdata)
    table                                    0x08005420   Data           4  ctype_o.o(.constdata)
    .data                                    0x20000000   Section       20  system_stm32f10x.o(.data)
    .data                                    0x20000014   Section        4  rtx_conf_cm.o(.data)
    .data                                    0x20000018   Section        1  pack.o(.data)
    .data                                    0x2000001c   Section       96  task.o(.data)
    .data                                    0x2000007c   Section       20  stm32f10x_rcc.o(.data)
    APBAHBPrescTable                         0x2000007c   Data          16  stm32f10x_rcc.o(.data)
    ADCPrescTable                            0x2000008c   Data           4  stm32f10x_rcc.o(.data)
    .data                                    0x20000090   Section        8  rt_task.o(.data)
    .data                                    0x20000098   Section        4  rt_time.o(.data)
    .data                                    0x2000009c   Section        1  hal_cm3.o(.data)
    .data                                    0x200000a0   Section        8  rt_system.o(.data)
    os_lock                                  0x200000a0   Data           1  rt_system.o(.data)
    os_psh_flag                              0x200000a1   Data           1  rt_system.o(.data)
    pend_flags                               0x200000a2   Data           1  rt_system.o(.data)
    .data                                    0x200000a8   Section        8  rt_robin.o(.data)
    .data                                    0x200000b0   Section        8  rt_timer.o(.data)
    .data                                    0x200000b8   Section        4  stdout.o(.data)
    .data                                    0x200000bc   Section        4  mvars.o(.data)
    .data                                    0x200000c0   Section        4  mvars.o(.data)
    .data                                    0x200000c4   Section        4  errno.o(.data)
    _errno                                   0x200000c4   Data           4  errno.o(.data)
    .bss                                     0x200000c8   Section     6060  rtx_conf_cm.o(.bss)
    .bss                                     0x20001874   Section       40  function.o(.bss)
    .bss                                     0x2000189c   Section      560  task.o(.bss)
    .bss                                     0x20001acc   Section       48  rt_task.o(.bss)
    .bss                                     0x20001afc   Section       48  rt_list.o(.bss)
    HEAP                                     0x20001b30   Section      512  startup_stm32f10x_md.o(HEAP)
    STACK                                    0x20001d30   Section     1024  startup_stm32f10x_md.o(STACK)

    Global Symbols

    Symbol Name                              Value     Ov Type        Size  Object(Section)

    BuildAttributes$$THM_ISAv4$P$D$K$B$S$PE$A:L22UL41UL21$X:L11$S22US41US21$IEEE1$IW$USESV6$~STKCKD$USESV7$~SHL$OSPACE$ROPI$EBA8$MICROLIB$REQ8$PRES8$EABIv2 0x00000000   Number         0  anon$$obj.o ABSOLUTE
    __ARM_use_no_argv                        0x00000000   Number         0  main.o ABSOLUTE
    __cpp_initialize__aeabi_                  - Undefined Weak Reference
    __cxa_finalize                            - Undefined Weak Reference
    __decompress                              - Undefined Weak Reference
    _clock_init                               - Undefined Weak Reference
    _microlib_exit                            - Undefined Weak Reference
    __Vectors_Size                           0x000000ec   Number         0  startup_stm32f10x_md.o ABSOLUTE
    __RL_RTX_VER                             0x00000470   Number         0  rt_system.o ABSOLUTE
    __Vectors                                0x08000000   Data           4  startup_stm32f10x_md.o(RESET)
    __Vectors_End                            0x080000ec   Data           0  startup_stm32f10x_md.o(RESET)
    __main                                   0x080000ed   Thumb Code     0  entry.o(.ARM.Collect$$$$00000000)
    _main_stk                                0x080000ed   Thumb Code     0  entry2.o(.ARM.Collect$$$$00000001)
    _main_scatterload                        0x080000f1   Thumb Code     0  entry5.o(.ARM.Collect$$$$00000004)
    __main_after_scatterload                 0x080000f5   Thumb Code     0  entry5.o(.ARM.Collect$$$$00000004)
    _main_clock                              0x080000f5   Thumb Code     0  entry7b.o(.ARM.Collect$$$$00000008)
    _main_cpp_init                           0x080000f5   Thumb Code     0  entry8b.o(.ARM.Collect$$$$0000000A)
    _main_init                               0x080000f5   Thumb Code     0  entry9a.o(.ARM.Collect$$$$0000000B)
    __rt_final_cpp                           0x080000fd   Thumb Code     0  entry10a.o(.ARM.Collect$$$$0000000D)
    __rt_final_exit                          0x080000fd   Thumb Code     0  entry11a.o(.ARM.Collect$$$$0000000F)
    rt_set_PSP                               0x08000101   Thumb Code     6  hal_cm3.o(.emb_text)
    rt_get_PSP                               0x08000107   Thumb Code     6  hal_cm3.o(.emb_text)
    os_set_env                               0x0800010d   Thumb Code    24  hal_cm3.o(.emb_text)
    _alloc_box                               0x08000129   Thumb Code    28  hal_cm3.o(.emb_text)
    _free_box                                0x08000149   Thumb Code    28  hal_cm3.o(.emb_text)
    SVC_Handler                              0x08000169   Thumb Code   124  hal_cm3.o(.emb_text)
    PendSV_Handler                           0x080001f1   Thumb Code    76  hal_cm3.o(.emb_text)
    SysTick_Handler                          0x08000241   Thumb Code     8  hal_cm3.o(.emb_text)
    OS_Tick_Handler                          0x08000249   Thumb Code    12  hal_cm3.o(.emb_text)
    SystemInit                               0x08000331   Thumb Code    78  system_stm32f10x.o(.text)
    SystemCoreClockUpdate                    0x0800037f   Thumb Code   142  system_stm32f10x.o(.text)
    os_idle_demon                            0x08000439   Thumb Code     4  rtx_conf_cm.o(.text)
    os_tmr_call                              0x0800043d   Thumb Code     2  rtx_conf_cm.o(.text)
    os_error                                 0x0800043f   Thumb Code     4  rtx_conf_cm.o(.text)
    Reset_Handler                            0x08000445   Thumb Code     8  startup_stm32f10x_md.o(.text)
    ADC1_2_IRQHandler                        0x0800045f   Thumb Code     0  startup_stm32f10x_md.o(.text)
    CAN1_RX1_IRQHandler                      0x0800045f   Thumb Code     0  startup_stm32f10x_md.o(.text)
    CAN1_SCE_IRQHandler                      0x0800045f   Thumb Code     0  startup_stm32f10x_md.o(.text)
    DMA1_Channel1_IRQHandler                 0x0800045f   Thumb Code     0  startup_stm32f10x_md.o(.text)
    DMA1_Channel2_IRQHandler                 0x0800045f   Thumb Code     0  startup_stm32f10x_md.o(.text)
    DMA1_Channel3_IRQHandler                 0x0800045f   Thumb Code     0  startup_stm32f10x_md.o(.text)
    DMA1_Channel4_IRQHandler                 0x0800045f   Thumb Code     0  startup_stm32f10x_md.o(.text)
    DMA1_Channel5_IRQHandler                 0x0800045f   Thumb Code     0  startup_stm32f10x_md.o(.text)
    DMA1_Channel6_IRQHandler                 0x0800045f   Thumb Code     0  startup_stm32f10x_md.o(.text)
    DMA1_Channel7_IRQHandler                 0x0800045f   Thumb Code     0  startup_stm32f10x_md.o(.text)
    EXTI0_IRQHandler                         0x0800045f   Thumb Code     0  startup_stm32f10x_md.o(.text)
    EXTI15_10_IRQHandler                     0x0800045f   Thumb Code     0  startup_stm32f10x_md.o(.text)
    EXTI1_IRQHandler                         0x0800045f   Thumb Code     0  startup_stm32f10x_md.o(.text)
    EXTI2_IRQHandler                         0x0800045f   Thumb Code     0  startup_stm32f10x_md.o(.text)
    EXTI3_IRQHandler                         0x0800045f   Thumb Code     0  startup_stm32f10x_md.o(.text)
    EXTI4_IRQHandler                         0x0800045f   Thumb Code     0  startup_stm32f10x_md.o(.text)
    EXTI9_5_IRQHandler                       0x0800045f   Thumb Code     0  startup_stm32f10x_md.o(.text)
    FLASH_IRQHandler                         0x0800045f   Thumb Code     0  startup_stm32f10x_md.o(.text)
    I2C1_ER_IRQHandler                       0x0800045f   Thumb Code     0  startup_stm32f10x_md.o(.text)
    I2C1_EV_IRQHandler                       0x0800045f   Thumb Code     0  startup_stm32f10x_md.o(.text)
    I2C2_ER_IRQHandler                       0x0800045f   Thumb Code     0  startup_stm32f10x_md.o(.text)
    I2C2_EV_IRQHandler                       0x0800045f   Thumb Code     0  startup_stm32f10x_md.o(.text)
    PVD_IRQHandler                           0x0800045f   Thumb Code     0  startup_stm32f10x_md.o(.text)
    RCC_IRQHandler                           0x0800045f   Thumb Code     0  startup_stm32f10x_md.o(.text)
    RTCAlarm_IRQHandler                      0x0800045f   Thumb Code     0  startup_stm32f10x_md.o(.text)
    RTC_IRQHandler                           0x0800045f   Thumb Code     0  startup_stm32f10x_md.o(.text)
    SPI1_IRQHandler                          0x0800045f   Thumb Code     0  startup_stm32f10x_md.o(.text)
    SPI2_IRQHandler                          0x0800045f   Thumb Code     0  startup_stm32f10x_md.o(.text)
    TAMPER_IRQHandler                        0x0800045f   Thumb Code     0  startup_stm32f10x_md.o(.text)
    TIM1_BRK_IRQHandler                      0x0800045f   Thumb Code     0  startup_stm32f10x_md.o(.text)
    TIM1_CC_IRQHandler                       0x0800045f   Thumb Code     0  startup_stm32f10x_md.o(.text)
    TIM1_TRG_COM_IRQHandler                  0x0800045f   Thumb Code     0  startup_stm32f10x_md.o(.text)
    TIM1_UP_IRQHandler                       0x0800045f   Thumb Code     0  startup_stm32f10x_md.o(.text)
    USART2_IRQHandler                        0x0800045f   Thumb Code     0  startup_stm32f10x_md.o(.text)
    USART3_IRQHandler                        0x0800045f   Thumb Code     0  startup_stm32f10x_md.o(.text)
    USBWakeUp_IRQHandler                     0x0800045f   Thumb Code     0  startup_stm32f10x_md.o(.text)
    USB_HP_CAN1_TX_IRQHandler                0x0800045f   Thumb Code     0  startup_stm32f10x_md.o(.text)
    USB_LP_CAN1_RX0_IRQHandler               0x0800045f   Thumb Code     0  startup_stm32f10x_md.o(.text)
    WWDG_IRQHandler                          0x0800045f   Thumb Code     0  startup_stm32f10x_md.o(.text)
    main                                     0x08000469   Thumb Code    24  main.o(.text)
    NMI_Handler                              0x08000489   Thumb Code     2  stm32f10x_it.o(.text)
    HardFault_Handler                        0x0800048b   Thumb Code     4  stm32f10x_it.o(.text)
    MemManage_Handler                        0x0800048f   Thumb Code     4  stm32f10x_it.o(.text)
    BusFault_Handler                         0x08000493   Thumb Code     4  stm32f10x_it.o(.text)
    UsageFault_Handler                       0x08000497   Thumb Code     4  stm32f10x_it.o(.text)
    DebugMon_Handler                         0x0800049b   Thumb Code     2  stm32f10x_it.o(.text)
    USART1_IRQHandler                        0x0800049d   Thumb Code    90  stm32f10x_it.o(.text)
    TIM2_IRQHandler                          0x080004f7   Thumb Code    32  stm32f10x_it.o(.text)
    TIM3_IRQHandler                          0x08000517   Thumb Code    32  stm32f10x_it.o(.text)
    TIM4_IRQHandler                          0x08000537   Thumb Code    32  stm32f10x_it.o(.text)
    RCC_Config                               0x0800057d   Thumb Code   116  module.o(.text)
    GPIO_Config                              0x080005f1   Thumb Code   202  module.o(.text)
    USART_Config                             0x080006bb   Thumb Code   128  module.o(.text)
    SPI_Config                               0x0800073b   Thumb Code   250  module.o(.text)
    NVIC_TIM                                 0x08000835   Thumb Code   164  module.o(.text)
    TIM_Config                               0x080008d9   Thumb Code    68  module.o(.text)
    NVIC_Config                              0x0800091d   Thumb Code    78  module.o(.text)
    Init_sys                                 0x080009a1   Thumb Code    46  function.o(.text)
    sys_led                                  0x080009cf   Thumb Code     2  function.o(.text)
    led_test_task                            0x080009d1   Thumb Code    56  function.o(.text)
    deal_value                               0x08000a09   Thumb Code    66  function.o(.text)
    change_data                              0x08000a4b   Thumb Code    68  function.o(.text)
    deal_time                                0x08000a8f   Thumb Code    42  function.o(.text)
    get_diasensor_state                      0x08000ab9   Thumb Code    18  function.o(.text)
    give_single_state                        0x08000acb   Thumb Code    32  function.o(.text)
    deal_coin                                0x08000aeb   Thumb Code    62  function.o(.text)
    itoa                                     0x08000b29   Thumb Code   136  function.o(.text)
    fputc                                    0x08000bb1   Thumb Code    32  function.o(.text)
    mcu_reset                                0x08000bd1   Thumb Code    32  function.o(.text)
    usart_send_byte                          0x08000c61   Thumb Code    46  pack.o(.text)
    usart_send_enter                         0x08000c8f   Thumb Code    22  pack.o(.text)
    usart_send_data                          0x08000ca5   Thumb Code    32  pack.o(.text)
    usart_send_str                           0x08000cc5   Thumb Code    58  pack.o(.text)
    usart_rec_data                           0x08000cff   Thumb Code    86  pack.o(.text)
    WriteFlashOneWord                        0x08000d55   Thumb Code    54  pack.o(.text)
    ReadFlashNByte                           0x08000d8b   Thumb Code    26  pack.o(.text)
    spi_readwrite_byte                       0x08000da5   Thumb Code   128  pack.o(.text)
    spi_readwrite_data                       0x08000e25   Thumb Code    42  pack.o(.text)
    get_adc_value                            0x08000e75   Thumb Code   504  task.o(.text)
    io_keep_time                             0x0800106d   Thumb Code   330  task.o(.text)
    u1recive                                 0x080011b7   Thumb Code    68  task.o(.text)
    single_jb                                0x080011fb   Thumb Code    46  task.o(.text)
    send_result                              0x08001229   Thumb Code   428  task.o(.text)
    Init_task                                0x080013d5   Thumb Code   112  task.o(.text)
    upload_refresh_data                      0x08001445   Thumb Code    96  task.o(.text)
    default_setting                          0x080014e1   Thumb Code    86  app_plug.o(.text)
    resum                                    0x08001537   Thumb Code    62  app_plug.o(.text)
    help                                     0x08001575   Thumb Code    62  app_plug.o(.text)
    restart                                  0x080015b3   Thumb Code    72  app_plug.o(.text)
    limitup_help                             0x080015fb   Thumb Code    34  app_plug.o(.text)
    analyze_u1rec_command                    0x0800161d   Thumb Code  1378  app_plug.o(.text)
    iotask_overtime                          0x08001c3d   Thumb Code    72  app_pack.o(.text)
    RCC_DeInit                               0x08001cb5   Thumb Code    64  stm32f10x_rcc.o(.text)
    RCC_HSEConfig                            0x08001cf5   Thumb Code    70  stm32f10x_rcc.o(.text)
    RCC_GetFlagStatus                        0x08001d3b   Thumb Code    56  stm32f10x_rcc.o(.text)
    RCC_WaitForHSEStartUp                    0x08001d73   Thumb Code    56  stm32f10x_rcc.o(.text)
    RCC_AdjustHSICalibrationValue            0x08001dab   Thumb Code    20  stm32f10x_rcc.o(.text)
    RCC_HSICmd                               0x08001dbf   Thumb Code     6  stm32f10x_rcc.o(.text)
    RCC_PLLConfig                            0x08001dc5   Thumb Code    24  stm32f10x_rcc.o(.text)
    RCC_PLLCmd                               0x08001ddd   Thumb Code     6  stm32f10x_rcc.o(.text)
    RCC_SYSCLKConfig                         0x08001de3   Thumb Code    18  stm32f10x_rcc.o(.text)
    RCC_GetSYSCLKSource                      0x08001df5   Thumb Code    10  stm32f10x_rcc.o(.text)
    RCC_HCLKConfig                           0x08001dff   Thumb Code    18  stm32f10x_rcc.o(.text)
    RCC_PCLK1Config                          0x08001e11   Thumb Code    18  stm32f10x_rcc.o(.text)
    RCC_PCLK2Config                          0x08001e23   Thumb Code    20  stm32f10x_rcc.o(.text)
    RCC_ITConfig                             0x08001e37   Thumb Code    26  stm32f10x_rcc.o(.text)
    RCC_USBCLKConfig                         0x08001e51   Thumb Code     6  stm32f10x_rcc.o(.text)
    RCC_ADCCLKConfig                         0x08001e57   Thumb Code    18  stm32f10x_rcc.o(.text)
    RCC_LSEConfig                            0x08001e69   Thumb Code    44  stm32f10x_rcc.o(.text)
    RCC_LSICmd                               0x08001e95   Thumb Code     6  stm32f10x_rcc.o(.text)
    RCC_RTCCLKConfig                         0x08001e9b   Thumb Code    12  stm32f10x_rcc.o(.text)
    RCC_RTCCLKCmd                            0x08001ea7   Thumb Code     8  stm32f10x_rcc.o(.text)
    RCC_GetClocksFreq                        0x08001eaf   Thumb Code   192  stm32f10x_rcc.o(.text)
    RCC_AHBPeriphClockCmd                    0x08001f6f   Thumb Code    26  stm32f10x_rcc.o(.text)
    RCC_APB2PeriphClockCmd                   0x08001f89   Thumb Code    26  stm32f10x_rcc.o(.text)
    RCC_APB1PeriphClockCmd                   0x08001fa3   Thumb Code    26  stm32f10x_rcc.o(.text)
    RCC_APB2PeriphResetCmd                   0x08001fbd   Thumb Code    26  stm32f10x_rcc.o(.text)
    RCC_APB1PeriphResetCmd                   0x08001fd7   Thumb Code    26  stm32f10x_rcc.o(.text)
    RCC_BackupResetCmd                       0x08001ff1   Thumb Code     8  stm32f10x_rcc.o(.text)
    RCC_ClockSecuritySystemCmd               0x08001ff9   Thumb Code     6  stm32f10x_rcc.o(.text)
    RCC_MCOConfig                            0x08001fff   Thumb Code     6  stm32f10x_rcc.o(.text)
    RCC_ClearFlag                            0x08002005   Thumb Code    14  stm32f10x_rcc.o(.text)
    RCC_GetITStatus                          0x08002013   Thumb Code    20  stm32f10x_rcc.o(.text)
    RCC_ClearITPendingBit                    0x08002027   Thumb Code     6  stm32f10x_rcc.o(.text)
    USART_DeInit                             0x08002061   Thumb Code   134  stm32f10x_usart.o(.text)
    USART_Init                               0x080020e7   Thumb Code   210  stm32f10x_usart.o(.text)
    USART_StructInit                         0x080021b9   Thumb Code    24  stm32f10x_usart.o(.text)
    USART_ClockInit                          0x080021d1   Thumb Code    34  stm32f10x_usart.o(.text)
    USART_ClockStructInit                    0x080021f3   Thumb Code    12  stm32f10x_usart.o(.text)
    USART_Cmd                                0x080021ff   Thumb Code    24  stm32f10x_usart.o(.text)
    USART_ITConfig                           0x08002217   Thumb Code    74  stm32f10x_usart.o(.text)
    USART_DMACmd                             0x08002261   Thumb Code    18  stm32f10x_usart.o(.text)
    USART_SetAddress                         0x08002273   Thumb Code    18  stm32f10x_usart.o(.text)
    USART_WakeUpConfig                       0x08002285   Thumb Code    18  stm32f10x_usart.o(.text)
    USART_ReceiverWakeUpCmd                  0x08002297   Thumb Code    24  stm32f10x_usart.o(.text)
    USART_LINBreakDetectLengthConfig         0x080022af   Thumb Code    18  stm32f10x_usart.o(.text)
    USART_LINCmd                             0x080022c1   Thumb Code    24  stm32f10x_usart.o(.text)
    USART_SendData                           0x080022d9   Thumb Code     8  stm32f10x_usart.o(.text)
    USART_ReceiveData                        0x080022e1   Thumb Code    10  stm32f10x_usart.o(.text)
    USART_SendBreak                          0x080022eb   Thumb Code    10  stm32f10x_usart.o(.text)
    USART_SetGuardTime                       0x080022f5   Thumb Code    16  stm32f10x_usart.o(.text)
    USART_SetPrescaler                       0x08002305   Thumb Code    16  stm32f10x_usart.o(.text)
    USART_SmartCardCmd                       0x08002315   Thumb Code    24  stm32f10x_usart.o(.text)
    USART_SmartCardNACKCmd                   0x0800232d   Thumb Code    24  stm32f10x_usart.o(.text)
    USART_HalfDuplexCmd                      0x08002345   Thumb Code    24  stm32f10x_usart.o(.text)
    USART_OverSampling8Cmd                   0x0800235d   Thumb Code    22  stm32f10x_usart.o(.text)
    USART_OneBitMethodCmd                    0x08002373   Thumb Code    24  stm32f10x_usart.o(.text)
    USART_IrDAConfig                         0x0800238b   Thumb Code    18  stm32f10x_usart.o(.text)
    USART_IrDACmd                            0x0800239d   Thumb Code    24  stm32f10x_usart.o(.text)
    USART_GetFlagStatus                      0x080023b5   Thumb Code    26  stm32f10x_usart.o(.text)
    USART_ClearFlag                          0x080023cf   Thumb Code    18  stm32f10x_usart.o(.text)
    USART_GetITStatus                        0x080023e1   Thumb Code    84  stm32f10x_usart.o(.text)
    USART_ClearITPendingBit                  0x08002435   Thumb Code    52  stm32f10x_usart.o(.text)
    NVIC_PriorityGroupConfig                 0x08002469   Thumb Code    10  misc.o(.text)
    NVIC_Init                                0x08002473   Thumb Code   102  misc.o(.text)
    NVIC_SetVectorTable                      0x080024d9   Thumb Code    14  misc.o(.text)
    NVIC_SystemLPConfig                      0x080024e7   Thumb Code    34  misc.o(.text)
    SysTick_CLKSourceConfig                  0x08002509   Thumb Code    40  misc.o(.text)
    GPIO_DeInit                              0x08002545   Thumb Code   172  stm32f10x_gpio.o(.text)
    GPIO_AFIODeInit                          0x080025f1   Thumb Code    20  stm32f10x_gpio.o(.text)
    GPIO_Init                                0x08002605   Thumb Code   274  stm32f10x_gpio.o(.text)
    GPIO_StructInit                          0x08002717   Thumb Code    16  stm32f10x_gpio.o(.text)
    GPIO_ReadInputDataBit                    0x08002727   Thumb Code    18  stm32f10x_gpio.o(.text)
    GPIO_ReadInputData                       0x08002739   Thumb Code     8  stm32f10x_gpio.o(.text)
    GPIO_ReadOutputDataBit                   0x08002741   Thumb Code    18  stm32f10x_gpio.o(.text)
    GPIO_ReadOutputData                      0x08002753   Thumb Code     8  stm32f10x_gpio.o(.text)
    GPIO_SetBits                             0x0800275b   Thumb Code     4  stm32f10x_gpio.o(.text)
    GPIO_ResetBits                           0x0800275f   Thumb Code     4  stm32f10x_gpio.o(.text)
    GPIO_WriteBit                            0x08002763   Thumb Code    10  stm32f10x_gpio.o(.text)
    GPIO_Write                               0x0800276d   Thumb Code     4  stm32f10x_gpio.o(.text)
    GPIO_PinLockConfig                       0x08002771   Thumb Code    18  stm32f10x_gpio.o(.text)
    GPIO_EventOutputConfig                   0x08002783   Thumb Code    26  stm32f10x_gpio.o(.text)
    GPIO_EventOutputCmd                      0x0800279d   Thumb Code     6  stm32f10x_gpio.o(.text)
    GPIO_PinRemapConfig                      0x080027a3   Thumb Code   138  stm32f10x_gpio.o(.text)
    GPIO_EXTILineConfig                      0x0800282d   Thumb Code    66  stm32f10x_gpio.o(.text)
    GPIO_ETH_MediaInterfaceConfig            0x0800286f   Thumb Code     6  stm32f10x_gpio.o(.text)
    SPI_I2S_DeInit                           0x0800289d   Thumb Code    76  stm32f10x_spi.o(.text)
    SPI_Init                                 0x080028e9   Thumb Code    60  stm32f10x_spi.o(.text)
    I2S_Init                                 0x08002925   Thumb Code   226  stm32f10x_spi.o(.text)
    SPI_StructInit                           0x08002a07   Thumb Code    24  stm32f10x_spi.o(.text)
    I2S_StructInit                           0x08002a1f   Thumb Code    20  stm32f10x_spi.o(.text)
    SPI_Cmd                                  0x08002a33   Thumb Code    24  stm32f10x_spi.o(.text)
    I2S_Cmd                                  0x08002a4b   Thumb Code    24  stm32f10x_spi.o(.text)
    SPI_I2S_ITConfig                         0x08002a63   Thumb Code    32  stm32f10x_spi.o(.text)
    SPI_I2S_DMACmd                           0x08002a83   Thumb Code    18  stm32f10x_spi.o(.text)
    SPI_I2S_SendData                         0x08002a95   Thumb Code     4  stm32f10x_spi.o(.text)
    SPI_I2S_ReceiveData                      0x08002a99   Thumb Code     6  stm32f10x_spi.o(.text)
    SPI_NSSInternalSoftwareConfig            0x08002a9f   Thumb Code    30  stm32f10x_spi.o(.text)
    SPI_SSOutputCmd                          0x08002abd   Thumb Code    24  stm32f10x_spi.o(.text)
    SPI_DataSizeConfig                       0x08002ad5   Thumb Code    18  stm32f10x_spi.o(.text)
    SPI_TransmitCRC                          0x08002ae7   Thumb Code    10  stm32f10x_spi.o(.text)
    SPI_CalculateCRC                         0x08002af1   Thumb Code    24  stm32f10x_spi.o(.text)
    SPI_GetCRC                               0x08002b09   Thumb Code    16  stm32f10x_spi.o(.text)
    SPI_GetCRCPolynomial                     0x08002b19   Thumb Code     6  stm32f10x_spi.o(.text)
    SPI_BiDirectionalLineConfig              0x08002b1f   Thumb Code    28  stm32f10x_spi.o(.text)
    SPI_I2S_GetFlagStatus                    0x08002b3b   Thumb Code    18  stm32f10x_spi.o(.text)
    SPI_I2S_ClearFlag                        0x08002b4d   Thumb Code     6  stm32f10x_spi.o(.text)
    SPI_I2S_GetITStatus                      0x08002b53   Thumb Code    52  stm32f10x_spi.o(.text)
    SPI_I2S_ClearITPendingBit                0x08002b87   Thumb Code    20  stm32f10x_spi.o(.text)
    FLASH_SetLatency                         0x08002ba9   Thumb Code    18  stm32f10x_flash.o(.text)
    FLASH_HalfCycleAccessCmd                 0x08002bbb   Thumb Code    22  stm32f10x_flash.o(.text)
    FLASH_PrefetchBufferCmd                  0x08002bd1   Thumb Code    22  stm32f10x_flash.o(.text)
    FLASH_Unlock                             0x08002be7   Thumb Code    12  stm32f10x_flash.o(.text)
    FLASH_UnlockBank1                        0x08002bf3   Thumb Code    12  stm32f10x_flash.o(.text)
    FLASH_Lock                               0x08002bff   Thumb Code    14  stm32f10x_flash.o(.text)
    FLASH_LockBank1                          0x08002c0d   Thumb Code    14  stm32f10x_flash.o(.text)
    FLASH_GetBank1Status                     0x08002c1b   Thumb Code    48  stm32f10x_flash.o(.text)
    FLASH_WaitForLastOperation               0x08002c4b   Thumb Code    38  stm32f10x_flash.o(.text)
    FLASH_ErasePage                          0x08002c71   Thumb Code    72  stm32f10x_flash.o(.text)
    FLASH_EraseAllPages                      0x08002cb9   Thumb Code    68  stm32f10x_flash.o(.text)
    FLASH_WaitForLastBank1Operation          0x08002cfd   Thumb Code    38  stm32f10x_flash.o(.text)
    FLASH_EraseAllBank1Pages                 0x08002d23   Thumb Code    68  stm32f10x_flash.o(.text)
    FLASH_GetReadOutProtectionStatus         0x08002d67   Thumb Code    20  stm32f10x_flash.o(.text)
    FLASH_EraseOptionBytes                   0x08002d7b   Thumb Code   150  stm32f10x_flash.o(.text)
    FLASH_ProgramWord                        0x08002e11   Thumb Code   102  stm32f10x_flash.o(.text)
    FLASH_ProgramHalfWord                    0x08002e77   Thumb Code    60  stm32f10x_flash.o(.text)
    FLASH_ProgramOptionByteData              0x08002eb3   Thumb Code    72  stm32f10x_flash.o(.text)
    FLASH_EnableWriteProtection              0x08002efb   Thumb Code   200  stm32f10x_flash.o(.text)
    FLASH_ReadOutProtection                  0x08002fc3   Thumb Code   156  stm32f10x_flash.o(.text)
    FLASH_UserOptionByteConfig               0x0800305f   Thumb Code    88  stm32f10x_flash.o(.text)
    FLASH_GetUserOptionByte                  0x080030b7   Thumb Code     8  stm32f10x_flash.o(.text)
    FLASH_GetWriteProtectionOptionByte       0x080030bf   Thumb Code     6  stm32f10x_flash.o(.text)
    FLASH_GetPrefetchBufferStatus            0x080030c5   Thumb Code    20  stm32f10x_flash.o(.text)
    FLASH_ITConfig                           0x080030d9   Thumb Code    26  stm32f10x_flash.o(.text)
    FLASH_GetFlagStatus                      0x080030f3   Thumb Code    42  stm32f10x_flash.o(.text)
    FLASH_ClearFlag                          0x0800311d   Thumb Code     6  stm32f10x_flash.o(.text)
    FLASH_GetStatus                          0x08003123   Thumb Code    48  stm32f10x_flash.o(.text)
    TIM_DeInit                               0x08003165   Thumb Code   424  stm32f10x_tim.o(.text)
    TIM_TimeBaseInit                         0x0800330d   Thumb Code   122  stm32f10x_tim.o(.text)
    TIM_OC1Init                              0x08003387   Thumb Code   132  stm32f10x_tim.o(.text)
    TIM_OC2Init                              0x0800340b   Thumb Code   154  stm32f10x_tim.o(.text)
    TIM_OC3Init                              0x080034a5   Thumb Code   150  stm32f10x_tim.o(.text)
    TIM_OC4Init                              0x0800353b   Thumb Code   182  stm32f10x_tim.o(.text)
    TIM_SetIC4Prescaler                      0x080035f1   Thumb Code    26  stm32f10x_tim.o(.text)
    TIM_SetIC3Prescaler                      0x0800368d   Thumb Code    18  stm32f10x_tim.o(.text)
    TIM_SetIC2Prescaler                      0x08003719   Thumb Code    26  stm32f10x_tim.o(.text)
    TIM_SetIC1Prescaler                      0x080037b5   Thumb Code    18  stm32f10x_tim.o(.text)
    TIM_ICInit                               0x08003833   Thumb Code   150  stm32f10x_tim.o(.text)
    TIM_PWMIConfig                           0x080038c9   Thumb Code   124  stm32f10x_tim.o(.text)
    TIM_BDTRConfig                           0x08003945   Thumb Code    32  stm32f10x_tim.o(.text)
    TIM_TimeBaseStructInit                   0x08003965   Thumb Code    18  stm32f10x_tim.o(.text)
    TIM_OCStructInit                         0x08003977   Thumb Code    20  stm32f10x_tim.o(.text)
    TIM_ICStructInit                         0x0800398b   Thumb Code    18  stm32f10x_tim.o(.text)
    TIM_BDTRStructInit                       0x0800399d   Thumb Code    40  stm32f10x_tim.o(.text)
    TIM_Cmd                                  0x080039c5   Thumb Code    24  stm32f10x_tim.o(.text)
    TIM_CtrlPWMOutputs                       0x080039dd   Thumb Code    30  stm32f10x_tim.o(.text)
    TIM_ITConfig                             0x080039fb   Thumb Code    18  stm32f10x_tim.o(.text)
    TIM_GenerateEvent                        0x08003a0d   Thumb Code     4  stm32f10x_tim.o(.text)
    TIM_DMAConfig                            0x08003a11   Thumb Code    10  stm32f10x_tim.o(.text)
    TIM_DMACmd                               0x08003a1b   Thumb Code    18  stm32f10x_tim.o(.text)
    TIM_InternalClockConfig                  0x08003a2d   Thumb Code    12  stm32f10x_tim.o(.text)
    TIM_SelectInputTrigger                   0x08003a39   Thumb Code    18  stm32f10x_tim.o(.text)
    TIM_ITRxExternalClockConfig              0x08003a4b   Thumb Code    24  stm32f10x_tim.o(.text)
    TIM_TIxExternalClockConfig               0x08003a63   Thumb Code    62  stm32f10x_tim.o(.text)
    TIM_ETRConfig                            0x08003aa1   Thumb Code    28  stm32f10x_tim.o(.text)
    TIM_ETRClockMode1Config                  0x08003abd   Thumb Code    54  stm32f10x_tim.o(.text)
    TIM_ETRClockMode2Config                  0x08003af3   Thumb Code    32  stm32f10x_tim.o(.text)
    TIM_PrescalerConfig                      0x08003b13   Thumb Code     6  stm32f10x_tim.o(.text)
    TIM_CounterModeConfig                    0x08003b19   Thumb Code    18  stm32f10x_tim.o(.text)
    TIM_EncoderInterfaceConfig               0x08003b2b   Thumb Code    66  stm32f10x_tim.o(.text)
    TIM_ForcedOC1Config                      0x08003b6d   Thumb Code    18  stm32f10x_tim.o(.text)
    TIM_ForcedOC2Config                      0x08003b7f   Thumb Code    26  stm32f10x_tim.o(.text)
    TIM_ForcedOC3Config                      0x08003b99   Thumb Code    18  stm32f10x_tim.o(.text)
    TIM_ForcedOC4Config                      0x08003bab   Thumb Code    26  stm32f10x_tim.o(.text)
    TIM_ARRPreloadConfig                     0x08003bc5   Thumb Code    24  stm32f10x_tim.o(.text)
    TIM_SelectCOM                            0x08003bdd   Thumb Code    24  stm32f10x_tim.o(.text)
    TIM_SelectCCDMA                          0x08003bf5   Thumb Code    24  stm32f10x_tim.o(.text)
    TIM_CCPreloadControl                     0x08003c0d   Thumb Code    24  stm32f10x_tim.o(.text)
    TIM_OC1PreloadConfig                     0x08003c25   Thumb Code    18  stm32f10x_tim.o(.text)
    TIM_OC2PreloadConfig                     0x08003c37   Thumb Code    26  stm32f10x_tim.o(.text)
    TIM_OC3PreloadConfig                     0x08003c51   Thumb Code    18  stm32f10x_tim.o(.text)
    TIM_OC4PreloadConfig                     0x08003c63   Thumb Code    26  stm32f10x_tim.o(.text)
    TIM_OC1FastConfig                        0x08003c7d   Thumb Code    18  stm32f10x_tim.o(.text)
    TIM_OC2FastConfig                        0x08003c8f   Thumb Code    26  stm32f10x_tim.o(.text)
    TIM_OC3FastConfig                        0x08003ca9   Thumb Code    18  stm32f10x_tim.o(.text)
    TIM_OC4FastConfig                        0x08003cbb   Thumb Code    26  stm32f10x_tim.o(.text)
    TIM_ClearOC1Ref                          0x08003cd5   Thumb Code    18  stm32f10x_tim.o(.text)
    TIM_ClearOC2Ref                          0x08003ce7   Thumb Code    24  stm32f10x_tim.o(.text)
    TIM_ClearOC3Ref                          0x08003cff   Thumb Code    18  stm32f10x_tim.o(.text)
    TIM_ClearOC4Ref                          0x08003d11   Thumb Code    24  stm32f10x_tim.o(.text)
    TIM_OC1PolarityConfig                    0x08003d29   Thumb Code    18  stm32f10x_tim.o(.text)
    TIM_OC1NPolarityConfig                   0x08003d3b   Thumb Code    18  stm32f10x_tim.o(.text)
    TIM_OC2PolarityConfig                    0x08003d4d   Thumb Code    26  stm32f10x_tim.o(.text)
    TIM_OC2NPolarityConfig                   0x08003d67   Thumb Code    26  stm32f10x_tim.o(.text)
    TIM_OC3PolarityConfig                    0x08003d81   Thumb Code    26  stm32f10x_tim.o(.text)
    TIM_OC3NPolarityConfig                   0x08003d9b   Thumb Code    26  stm32f10x_tim.o(.text)
    TIM_OC4PolarityConfig                    0x08003db5   Thumb Code    26  stm32f10x_tim.o(.text)
    TIM_CCxCmd                               0x08003dcf   Thumb Code    30  stm32f10x_tim.o(.text)
    TIM_CCxNCmd                              0x08003ded   Thumb Code    30  stm32f10x_tim.o(.text)
    TIM_SelectOCxM                           0x08003e0b   Thumb Code    82  stm32f10x_tim.o(.text)
    TIM_UpdateDisableConfig                  0x08003e5d   Thumb Code    24  stm32f10x_tim.o(.text)
    TIM_UpdateRequestConfig                  0x08003e75   Thumb Code    24  stm32f10x_tim.o(.text)
    TIM_SelectHallSensor                     0x08003e8d   Thumb Code    24  stm32f10x_tim.o(.text)
    TIM_SelectOnePulseMode                   0x08003ea5   Thumb Code    18  stm32f10x_tim.o(.text)
    TIM_SelectOutputTrigger                  0x08003eb7   Thumb Code    18  stm32f10x_tim.o(.text)
    TIM_SelectSlaveMode                      0x08003ec9   Thumb Code    18  stm32f10x_tim.o(.text)
    TIM_SelectMasterSlaveMode                0x08003edb   Thumb Code    18  stm32f10x_tim.o(.text)
    TIM_SetCounter                           0x08003eed   Thumb Code     4  stm32f10x_tim.o(.text)
    TIM_SetAutoreload                        0x08003ef1   Thumb Code     4  stm32f10x_tim.o(.text)
    TIM_SetCompare1                          0x08003ef5   Thumb Code     4  stm32f10x_tim.o(.text)
    TIM_SetCompare2                          0x08003ef9   Thumb Code     4  stm32f10x_tim.o(.text)
    TIM_SetCompare3                          0x08003efd   Thumb Code     4  stm32f10x_tim.o(.text)
    TIM_SetCompare4                          0x08003f01   Thumb Code     6  stm32f10x_tim.o(.text)
    TIM_SetClockDivision                     0x08003f07   Thumb Code    18  stm32f10x_tim.o(.text)
    TIM_GetCapture1                          0x08003f19   Thumb Code     6  stm32f10x_tim.o(.text)
    TIM_GetCapture2                          0x08003f1f   Thumb Code     6  stm32f10x_tim.o(.text)
    TIM_GetCapture3                          0x08003f25   Thumb Code     6  stm32f10x_tim.o(.text)
    TIM_GetCapture4                          0x08003f2b   Thumb Code     8  stm32f10x_tim.o(.text)
    TIM_GetCounter                           0x08003f33   Thumb Code     6  stm32f10x_tim.o(.text)
    TIM_GetPrescaler                         0x08003f39   Thumb Code     6  stm32f10x_tim.o(.text)
    TIM_GetFlagStatus                        0x08003f3f   Thumb Code    18  stm32f10x_tim.o(.text)
    TIM_ClearFlag                            0x08003f51   Thumb Code     6  stm32f10x_tim.o(.text)
    TIM_GetITStatus                          0x08003f57   Thumb Code    34  stm32f10x_tim.o(.text)
    TIM_ClearITPendingBit                    0x08003f79   Thumb Code     6  stm32f10x_tim.o(.text)
    __aeabi_memcpy                           0x08003f7f   Thumb Code    36  memcpya.o(.text)
    __aeabi_memcpy4                          0x08003f7f   Thumb Code     0  memcpya.o(.text)
    __aeabi_memcpy8                          0x08003f7f   Thumb Code     0  memcpya.o(.text)
    __aeabi_memset                           0x08003fa3   Thumb Code    14  memseta.o(.text)
    __aeabi_memset4                          0x08003fa3   Thumb Code     0  memseta.o(.text)
    __aeabi_memset8                          0x08003fa3   Thumb Code     0  memseta.o(.text)
    __aeabi_memclr                           0x08003fb1   Thumb Code     4  memseta.o(.text)
    __aeabi_memclr4                          0x08003fb1   Thumb Code     0  memseta.o(.text)
    __aeabi_memclr8                          0x08003fb1   Thumb Code     0  memseta.o(.text)
    _memset$wrapper                          0x08003fb5   Thumb Code    18  memseta.o(.text)
    strlen                                   0x08003fc7   Thumb Code    14  strlen.o(.text)
    strcmp                                   0x08003fd5   Thumb Code    28  strcmp.o(.text)
    memcmp                                   0x08003ff1   Thumb Code    26  memcmp.o(.text)
    strcpy                                   0x0800400b   Thumb Code    18  strcpy.o(.text)
    atoi                                     0x0800401d   Thumb Code    26  atoi.o(.text)
    __aeabi_dmul                             0x08004037   Thumb Code   228  dmul.o(.text)
    __aeabi_ddiv                             0x0800411b   Thumb Code   222  ddiv.o(.text)
    __aeabi_ui2d                             0x080041f9   Thumb Code    26  dfltui.o(.text)
    __aeabi_d2uiz                            0x08004213   Thumb Code    50  dfixui.o(.text)
    __aeabi_llsr                             0x08004245   Thumb Code    32  llushr.o(.text)
    _ll_ushift_r                             0x08004245   Thumb Code     0  llushr.o(.text)
    strtol                                   0x08004265   Thumb Code   112  strtol.o(.text)
    __I$use$fp                               0x080042d5   Thumb Code     0  iusefp.o(.text)
    _double_round                            0x080042d5   Thumb Code    26  depilogue.o(.text)
    _double_epilogue                         0x080042ef   Thumb Code   164  depilogue.o(.text)
    __scatterload                            0x08004395   Thumb Code    28  init.o(.text)
    __scatterload_rt2                        0x08004395   Thumb Code     0  init.o(.text)
    __aeabi_llsl                             0x080043b9   Thumb Code    30  llshl.o(.text)
    _ll_shift_l                              0x080043b9   Thumb Code     0  llshl.o(.text)
    __rt_ctype_table                         0x080043d9   Thumb Code     4  ctype_o.o(.text)
    _strtoul                                 0x080043e1   Thumb Code   158  _strtoul.o(.text)
    _chval                                   0x0800447f   Thumb Code    28  _chval.o(.text)
    SVC_Count                                0x0800449c   Data           4  SVC_Table.o(SVC_TABLE)
    SVC_Table                                0x080044a0   Data           0  SVC_Table.o(SVC_TABLE)
    __0printf$bare                           0x080044a1   Thumb Code     8  printfb.o(i.__0printf$bare)
    __1printf$bare                           0x080044a1   Thumb Code     0  printfb.o(i.__0printf$bare)
    __2printf                                0x080044a1   Thumb Code     0  printfb.o(i.__0printf$bare)
    __aeabi_errno_addr                       0x080044b1   Thumb Code     4  errno.o(i.__aeabi_errno_addr)
    __rt_errno_addr                          0x080044b1   Thumb Code     0  errno.o(i.__aeabi_errno_addr)
    __scatterload_copy                       0x080044b9   Thumb Code    14  handlers.o(i.__scatterload_copy)
    __scatterload_null                       0x080044c7   Thumb Code     2  handlers.o(i.__scatterload_null)
    __scatterload_zeroinit                   0x080044c9   Thumb Code    14  handlers.o(i.__scatterload_zeroinit)
    _init_box                                0x080044d7   Thumb Code    70  rt_membox.o(i._init_box)
    dbg_init                                 0x08004541   Thumb Code    34  hal_cm3.o(i.dbg_init)
    dbg_task_notify                          0x08004571   Thumb Code    32  hal_cm3.o(i.dbg_task_notify)
    dbg_task_switch                          0x08004591   Thumb Code    16  hal_cm3.o(i.dbg_task_switch)
    isr_sem_send                             0x080045a1   Thumb Code    16  rt_semaphore.o(i.isr_sem_send)
    malloc                                   0x080045b1   Thumb Code    92  malloc.o(i.malloc)
    os_tick_init                             0x0800461d   Thumb Code    32  rt_system.o(i.os_tick_init)
    os_tick_irqack                           0x08004645   Thumb Code     2  rt_system.o(i.os_tick_irqack)
    rt_alloc_box                             0x08004647   Thumb Code    26  rt_membox.o(i.rt_alloc_box)
    rt_block                                 0x08004661   Thumb Code    48  rt_task.o(i.rt_block)
    rt_chk_robin                             0x08004699   Thumb Code    60  rt_robin.o(i.rt_chk_robin)
    rt_dec_dly                               0x080046e1   Thumb Code   106  rt_list.o(i.rt_dec_dly)
    rt_dispatch                              0x08004755   Thumb Code    60  rt_task.o(i.rt_dispatch)
    rt_dly_wait                              0x08004799   Thumb Code     6  rt_time.o(i.rt_dly_wait)
    rt_evt_psh                               0x080047a1   Thumb Code    72  rt_event.o(i.rt_evt_psh)
    rt_free_box                              0x080047ed   Thumb Code    32  rt_membox.o(i.rt_free_box)
    rt_get_first                             0x0800480d   Thumb Code    40  rt_list.o(i.rt_get_first)
    rt_init_robin                            0x08004879   Thumb Code    14  rt_robin.o(i.rt_init_robin)
    rt_init_stack                            0x08004891   Thumb Code    70  hal_cm3.o(i.rt_init_stack)
    rt_mbx_psh                               0x080048e1   Thumb Code   188  rt_mailbox.o(i.rt_mbx_psh)
    rt_pop_req                               0x080049a1   Thumb Code   106  rt_system.o(i.rt_pop_req)
    rt_psh_req                               0x08004a19   Thumb Code    22  rt_system.o(i.rt_psh_req)
    rt_psq_enq                               0x08004a39   Thumb Code    82  rt_list.o(i.rt_psq_enq)
    rt_put_dly                               0x08004a91   Thumb Code    68  rt_list.o(i.rt_put_dly)
    rt_put_prio                              0x08004ad9   Thumb Code    54  rt_list.o(i.rt_put_prio)
    rt_put_rdy_first                         0x08004b11   Thumb Code    14  rt_list.o(i.rt_put_rdy_first)
    rt_resort_prio                           0x08004b25   Thumb Code    46  rt_list.o(i.rt_resort_prio)
    rt_rmv_dly                               0x08004b59   Thumb Code    40  rt_list.o(i.rt_rmv_dly)
    rt_rmv_list                              0x08004b81   Thumb Code    44  rt_list.o(i.rt_rmv_list)
    rt_sem_init                              0x08004bb1   Thumb Code    12  rt_semaphore.o(i.rt_sem_init)
    rt_sem_psh                               0x08004bbd   Thumb Code    46  rt_semaphore.o(i.rt_sem_psh)
    rt_sem_send                              0x08004bf1   Thumb Code    52  rt_semaphore.o(i.rt_sem_send)
    rt_sem_wait                              0x08004c29   Thumb Code    56  rt_semaphore.o(i.rt_sem_wait)
    rt_stk_check                             0x08004c65   Thumb Code    28  rt_system.o(i.rt_stk_check)
    rt_switch_req                            0x08004c89   Thumb Code    30  rt_task.o(i.rt_switch_req)
    rt_sys_init                              0x08004cb1   Thumb Code   266  rt_task.o(i.rt_sys_init)
    rt_systick                               0x08004e09   Thumb Code    48  rt_system.o(i.rt_systick)
    rt_tmr_tick                              0x08004e45   Thumb Code    56  rt_timer.o(i.rt_tmr_tick)
    rt_tsk_create                            0x08004e85   Thumb Code   126  rt_task.o(i.rt_tsk_create)
    rt_tsk_delete                            0x08004f19   Thumb Code   162  rt_task.o(i.rt_tsk_delete)
    rt_tsk_prio                              0x08004fd5   Thumb Code   110  rt_task.o(i.rt_tsk_prio)
    os_maxtaskrun                            0x08005054   Data           2  rtx_conf_cm.o(.constdata)
    os_stackinfo                             0x08005058   Data           4  rtx_conf_cm.o(.constdata)
    os_rrobin                                0x0800505c   Data           4  rtx_conf_cm.o(.constdata)
    os_trv                                   0x08005060   Data           4  rtx_conf_cm.o(.constdata)
    os_flags                                 0x08005064   Data           1  rtx_conf_cm.o(.constdata)
    os_clockrate                             0x08005068   Data           4  rtx_conf_cm.o(.constdata)
    os_timernum                              0x0800506c   Data           4  rtx_conf_cm.o(.constdata)
    mp_tcb_size                              0x08005070   Data           2  rtx_conf_cm.o(.constdata)
    mp_stk_size                              0x08005074   Data           4  rtx_conf_cm.o(.constdata)
    os_fifo_size                             0x08005078   Data           1  rtx_conf_cm.o(.constdata)
    mp_tmr_size                              0x0800507a   Data           2  rtx_conf_cm.o(.constdata)
    __ctype_table                            0x0800539e   Data         129  ctype_o.o(.constdata)
    Region$$Table$$Base                      0x08005424   Number         0  anon$$obj.o(Region$$Table)
    Region$$Table$$Limit                     0x08005444   Number         0  anon$$obj.o(Region$$Table)
    SystemCoreClock                          0x20000000   Data           4  system_stm32f10x.o(.data)
    AHBPrescTable                            0x20000004   Data          16  system_stm32f10x.o(.data)
    m_tmr                                    0x20000014   Data           4  rtx_conf_cm.o(.data)
    FLASHStatus                              0x20000018   Data           1  pack.o(.data)
    count                                    0x2000001c   Data           4  task.o(.data)
    u1_count                                 0x20000020   Data           4  task.o(.data)
    value_count                              0x20000024   Data           4  task.o(.data)
    b_kind                                   0x20000028   Data           1  task.o(.data)
    adc_value                                0x2000002a   Data           2  task.o(.data)
    limitup                                  0x2000002c   Data           2  task.o(.data)
    view_value                               0x2000002e   Data           2  task.o(.data)
    add_count                                0x20000030   Data           1  task.o(.data)
    view_i                                   0x20000031   Data           1  task.o(.data)
    view_j                                   0x20000032   Data           1  task.o(.data)
    u1rec_i                                  0x20000033   Data           1  task.o(.data)
    send_config                              0x20000034   Data           1  task.o(.data)
    t1                                       0x20000036   Data           2  task.o(.data)
    t2                                       0x20000038   Data           2  task.o(.data)
    i                                        0x2000003a   Data           2  task.o(.data)
    refresh                                  0x2000003c   Data           8  task.o(.data)
    coin_kind                                0x20000044   Data           5  task.o(.data)
    adc_value1                               0x2000004a   Data           2  task.o(.data)
    adcsem                                   0x2000004c   Data           8  task.o(.data)
    iosem                                    0x20000054   Data           8  task.o(.data)
    resultsem                                0x2000005c   Data           8  task.o(.data)
    rfsem                                    0x20000064   Data           8  task.o(.data)
    jbsem                                    0x2000006c   Data           8  task.o(.data)
    u1recsem                                 0x20000074   Data           8  task.o(.data)
    os_tsk                                   0x20000090   Data           8  rt_task.o(.data)
    os_time                                  0x20000098   Data           4  rt_time.o(.data)
    dbg_msg                                  0x2000009c   Data           1  hal_cm3.o(.data)
    os_tick_irqn                             0x200000a4   Data           4  rt_system.o(.data)
    os_robin                                 0x200000a8   Data           8  rt_robin.o(.data)
    os_tmr                                   0x200000b0   Data           8  rt_timer.o(.data)
    __stdout                                 0x200000b8   Data           4  stdout.o(.data)
    __microlib_freelist                      0x200000bc   Data           4  mvars.o(.data)
    __microlib_freelist_initialised          0x200000c0   Data           4  mvars.o(.data)
    mp_tcb                                   0x200000c8   Data         492  rtx_conf_cm.o(.bss)
    mp_stk                                   0x200002b8   Data        5136  rtx_conf_cm.o(.bss)
    os_fifo                                  0x200016c8   Data         388  rtx_conf_cm.o(.bss)
    os_active_TCB                            0x2000184c   Data          40  rtx_conf_cm.o(.bss)
    test_t                                   0x20001874   Data          40  function.o(.bss)
    view_detial                              0x2000189c   Data         530  task.o(.bss)
    view_send                                0x20001aae   Data          10  task.o(.bss)
    u1rec_buff                               0x20001ab8   Data          20  task.o(.bss)
    os_idle_TCB                              0x20001acc   Data          48  rt_task.o(.bss)
    os_rdy                                   0x20001afc   Data          24  rt_list.o(.bss)
    os_dly                                   0x20001b14   Data          24  rt_list.o(.bss)
    __heap_base                              0x20001b30   Data           0  startup_stm32f10x_md.o(HEAP)
    __heap_limit                             0x20001d30   Data           0  startup_stm32f10x_md.o(HEAP)
    __initial_sp                             0x20002130   Data           0  startup_stm32f10x_md.o(STACK)



==============================================================================

Memory Map of the image

  Image Entry point : 0x080000ed

  Load Region LR_IROM1 (Base: 0x08000000, Size: 0x0000550c, Max: 0x0000f000, ABSOLUTE)

    Execution Region ER_IROM1 (Base: 0x08000000, Size: 0x00005444, Max: 0x0000f000, ABSOLUTE)

    Base Addr    Size         Type   Attr      Idx    E Section Name        Object

    0x08000000   0x000000ec   Data   RO           91    RESET               startup_stm32f10x_md.o
    0x080000ec   0x00000000   Code   RO          982  * .ARM.Collect$$$$00000000  mc_w.l(entry.o)
    0x080000ec   0x00000004   Code   RO         1297    .ARM.Collect$$$$00000001  mc_w.l(entry2.o)
    0x080000f0   0x00000004   Code   RO         1300    .ARM.Collect$$$$00000004  mc_w.l(entry5.o)
    0x080000f4   0x00000000   Code   RO         1302    .ARM.Collect$$$$00000008  mc_w.l(entry7b.o)
    0x080000f4   0x00000000   Code   RO         1304    .ARM.Collect$$$$0000000A  mc_w.l(entry8b.o)
    0x080000f4   0x00000008   Code   RO         1305    .ARM.Collect$$$$0000000B  mc_w.l(entry9a.o)
    0x080000fc   0x00000000   Code   RO         1307    .ARM.Collect$$$$0000000D  mc_w.l(entry10a.o)
    0x080000fc   0x00000000   Code   RO         1309    .ARM.Collect$$$$0000000F  mc_w.l(entry11a.o)
    0x080000fc   0x00000004   Code   RO         1298    .ARM.Collect$$$$00002712  mc_w.l(entry2.o)
    0x08000100   0x00000154   Code   RO          603    .emb_text           RTX_CM3.LIB(hal_cm3.o)
    0x08000254   0x000001e4   Code   RO           17    .text               system_stm32f10x.o
    0x08000438   0x0000000a   Code   RO           66    .text               rtx_conf_cm.o
    0x08000442   0x00000002   PAD
    0x08000444   0x00000024   Code   RO           92    .text               startup_stm32f10x_md.o
    0x08000468   0x00000020   Code   RO          102    .text               main.o
    0x08000488   0x000000f4   Code   RO          174    .text               stm32f10x_it.o
    0x0800057c   0x00000424   Code   RO          190    .text               module.o
    0x080009a0   0x000002c0   Code   RO          202    .text               function.o
    0x08000c60   0x00000214   Code   RO          224    .text               pack.o
    0x08000e74   0x0000066c   Code   RO          239    .text               task.o
    0x080014e0   0x0000075c   Code   RO          265    .text               app_plug.o
    0x08001c3c   0x00000078   Code   RO          278    .text               app_pack.o
    0x08001cb4   0x000003ac   Code   RO          290    .text               stm32f10x_rcc.o
    0x08002060   0x00000408   Code   RO          304    .text               stm32f10x_usart.o
    0x08002468   0x000000dc   Code   RO          316    .text               misc.o
    0x08002544   0x00000358   Code   RO          328    .text               stm32f10x_gpio.o
    0x0800289c   0x0000030c   Code   RO          352    .text               stm32f10x_spi.o
    0x08002ba8   0x000005bc   Code   RO          364    .text               stm32f10x_flash.o
    0x08003164   0x00000e1a   Code   RO          376    .text               stm32f10x_tim.o
    0x08003f7e   0x00000024   Code   RO          985    .text               mc_w.l(memcpya.o)
    0x08003fa2   0x00000024   Code   RO          987    .text               mc_w.l(memseta.o)
    0x08003fc6   0x0000000e   Code   RO          989    .text               mc_w.l(strlen.o)
    0x08003fd4   0x0000001c   Code   RO          991    .text               mc_w.l(strcmp.o)
    0x08003ff0   0x0000001a   Code   RO          993    .text               mc_w.l(memcmp.o)
    0x0800400a   0x00000012   Code   RO          995    .text               mc_w.l(strcpy.o)
    0x0800401c   0x0000001a   Code   RO         1287    .text               mc_w.l(atoi.o)
    0x08004036   0x000000e4   Code   RO         1289    .text               mf_w.l(dmul.o)
    0x0800411a   0x000000de   Code   RO         1291    .text               mf_w.l(ddiv.o)
    0x080041f8   0x0000001a   Code   RO         1293    .text               mf_w.l(dfltui.o)
    0x08004212   0x00000032   Code   RO         1295    .text               mf_w.l(dfixui.o)
    0x08004244   0x00000020   Code   RO         1316    .text               mc_w.l(llushr.o)
    0x08004264   0x00000070   Code   RO         1327    .text               mc_w.l(strtol.o)
    0x080042d4   0x00000000   Code   RO         1329    .text               mc_w.l(iusefp.o)
    0x080042d4   0x000000be   Code   RO         1330    .text               mf_w.l(depilogue.o)
    0x08004392   0x00000002   PAD
    0x08004394   0x00000024   Code   RO         1338    .text               mc_w.l(init.o)
    0x080043b8   0x0000001e   Code   RO         1340    .text               mc_w.l(llshl.o)
    0x080043d6   0x00000002   PAD
    0x080043d8   0x00000008   Code   RO         1344    .text               mc_w.l(ctype_o.o)
    0x080043e0   0x0000009e   Code   RO         1372    .text               mc_w.l(_strtoul.o)
    0x0800447e   0x0000001c   Code   RO         1374    .text               mc_w.l(_chval.o)
    0x0800449a   0x00000002   PAD
    0x0800449c   0x00000004   Code   RO          862    SVC_TABLE           RTX_CM3.LIB(SVC_Table.o)
    0x080044a0   0x00000010   Code   RO         1000    i.__0printf$bare    mc_w.l(printfb.o)
    0x080044b0   0x00000008   Code   RO         1320    i.__aeabi_errno_addr  mc_w.l(errno.o)
    0x080044b8   0x0000000e   Code   RO         1378    i.__scatterload_copy  mc_w.l(handlers.o)
    0x080044c6   0x00000002   Code   RO         1379    i.__scatterload_null  mc_w.l(handlers.o)
    0x080044c8   0x0000000e   Code   RO         1380    i.__scatterload_zeroinit  mc_w.l(handlers.o)
    0x080044d6   0x00000046   Code   RO          829    i._init_box         RTX_CM3.LIB(rt_membox.o)
    0x0800451c   0x00000022   Code   RO         1007    i._printf_core      mc_w.l(printfb.o)
    0x0800453e   0x00000002   PAD
    0x08004540   0x00000030   Code   RO          604    i.dbg_init          RTX_CM3.LIB(hal_cm3.o)
    0x08004570   0x00000020   Code   RO          605    i.dbg_task_notify   RTX_CM3.LIB(hal_cm3.o)
    0x08004590   0x00000010   Code   RO          606    i.dbg_task_switch   RTX_CM3.LIB(hal_cm3.o)
    0x080045a0   0x00000010   Code   RO          530    i.isr_sem_send      RTX_CM3.LIB(rt_semaphore.o)
    0x080045b0   0x0000006c   Code   RO         1260    i.malloc            mc_w.l(malloc.o)
    0x0800461c   0x00000028   Code   RO          645    i.os_tick_init      RTX_CM3.LIB(rt_system.o)
    0x08004644   0x00000002   Code   RO          646    i.os_tick_irqack    RTX_CM3.LIB(rt_system.o)
    0x08004646   0x0000001a   Code   RO          830    i.rt_alloc_box      RTX_CM3.LIB(rt_membox.o)
    0x08004660   0x00000038   Code   RO          431    i.rt_block          RTX_CM3.LIB(rt_task.o)
    0x08004698   0x00000048   Code   RO          807    i.rt_chk_robin      RTX_CM3.LIB(rt_robin.o)
    0x080046e0   0x00000074   Code   RO          728    i.rt_dec_dly        RTX_CM3.LIB(rt_list.o)
    0x08004754   0x00000044   Code   RO          432    i.rt_dispatch       RTX_CM3.LIB(rt_task.o)
    0x08004798   0x00000006   Code   RO          570    i.rt_dly_wait       RTX_CM3.LIB(rt_time.o)
    0x0800479e   0x00000002   PAD
    0x080047a0   0x0000004c   Code   RO          868    i.rt_evt_psh        RTX_CM3.LIB(rt_event.o)
    0x080047ec   0x00000020   Code   RO          831    i.rt_free_box       RTX_CM3.LIB(rt_membox.o)
    0x0800480c   0x00000028   Code   RO          729    i.rt_get_first      RTX_CM3.LIB(rt_list.o)
    0x08004834   0x00000044   Code   RO          433    i.rt_init_context   RTX_CM3.LIB(rt_task.o)
    0x08004878   0x00000018   Code   RO          808    i.rt_init_robin     RTX_CM3.LIB(rt_robin.o)
    0x08004890   0x00000050   Code   RO          607    i.rt_init_stack     RTX_CM3.LIB(hal_cm3.o)
    0x080048e0   0x000000c0   Code   RO          911    i.rt_mbx_psh        RTX_CM3.LIB(rt_mailbox.o)
    0x080049a0   0x00000078   Code   RO          647    i.rt_pop_req        RTX_CM3.LIB(rt_system.o)
    0x08004a18   0x00000020   Code   RO          648    i.rt_psh_req        RTX_CM3.LIB(rt_system.o)
    0x08004a38   0x00000058   Code   RO          731    i.rt_psq_enq        RTX_CM3.LIB(rt_list.o)
    0x08004a90   0x00000048   Code   RO          732    i.rt_put_dly        RTX_CM3.LIB(rt_list.o)
    0x08004ad8   0x00000036   Code   RO          733    i.rt_put_prio       RTX_CM3.LIB(rt_list.o)
    0x08004b0e   0x00000002   PAD
    0x08004b10   0x00000014   Code   RO          734    i.rt_put_rdy_first  RTX_CM3.LIB(rt_list.o)
    0x08004b24   0x00000034   Code   RO          735    i.rt_resort_prio    RTX_CM3.LIB(rt_list.o)
    0x08004b58   0x00000028   Code   RO          736    i.rt_rmv_dly        RTX_CM3.LIB(rt_list.o)
    0x08004b80   0x00000030   Code   RO          737    i.rt_rmv_list       RTX_CM3.LIB(rt_list.o)
    0x08004bb0   0x0000000c   Code   RO          531    i.rt_sem_init       RTX_CM3.LIB(rt_semaphore.o)
    0x08004bbc   0x00000034   Code   RO          532    i.rt_sem_psh        RTX_CM3.LIB(rt_semaphore.o)
    0x08004bf0   0x00000038   Code   RO          533    i.rt_sem_send       RTX_CM3.LIB(rt_semaphore.o)
    0x08004c28   0x0000003c   Code   RO          534    i.rt_sem_wait       RTX_CM3.LIB(rt_semaphore.o)
    0x08004c64   0x00000024   Code   RO          650    i.rt_stk_check      RTX_CM3.LIB(rt_system.o)
    0x08004c88   0x00000028   Code   RO          434    i.rt_switch_req     RTX_CM3.LIB(rt_task.o)
    0x08004cb0   0x00000158   Code   RO          435    i.rt_sys_init       RTX_CM3.LIB(rt_task.o)
    0x08004e08   0x0000003c   Code   RO          652    i.rt_systick        RTX_CM3.LIB(rt_system.o)
    0x08004e44   0x00000040   Code   RO          957    i.rt_tmr_tick       RTX_CM3.LIB(rt_timer.o)
    0x08004e84   0x00000094   Code   RO          436    i.rt_tsk_create     RTX_CM3.LIB(rt_task.o)
    0x08004f18   0x000000bc   Code   RO          437    i.rt_tsk_delete     RTX_CM3.LIB(rt_task.o)
    0x08004fd4   0x00000080   Code   RO          439    i.rt_tsk_prio       RTX_CM3.LIB(rt_task.o)
    0x08005054   0x00000028   Data   RO           68    .constdata          rtx_conf_cm.o
    0x0800507c   0x00000322   Data   RO          266    .constdata          app_plug.o
    0x0800539e   0x00000081   Data   RO         1345    .constdata          mc_w.l(ctype_o.o)
    0x0800541f   0x00000001   PAD
    0x08005420   0x00000004   Data   RO         1346    .constdata          mc_w.l(ctype_o.o)
    0x08005424   0x00000020   Data   RO         1376    Region$$Table       anon$$obj.o


    Execution Region RW_IRAM1 (Base: 0x20000000, Size: 0x00002130, Max: 0x00005000, ABSOLUTE)

    Base Addr    Size         Type   Attr      Idx    E Section Name        Object

    0x20000000   0x00000014   Data   RW           18    .data               system_stm32f10x.o
    0x20000014   0x00000004   Data   RW           69    .data               rtx_conf_cm.o
    0x20000018   0x00000001   Data   RW          225    .data               pack.o
    0x20000019   0x00000003   PAD
    0x2000001c   0x00000060   Data   RW          241    .data               task.o
    0x2000007c   0x00000014   Data   RW          291    .data               stm32f10x_rcc.o
    0x20000090   0x00000008   Data   RW          442    .data               RTX_CM3.LIB(rt_task.o)
    0x20000098   0x00000004   Data   RW          574    .data               RTX_CM3.LIB(rt_time.o)
    0x2000009c   0x00000001   Data   RW          608    .data               RTX_CM3.LIB(hal_cm3.o)
    0x2000009d   0x00000003   PAD
    0x200000a0   0x00000008   Data   RW          655    .data               RTX_CM3.LIB(rt_system.o)
    0x200000a8   0x00000008   Data   RW          809    .data               RTX_CM3.LIB(rt_robin.o)
    0x200000b0   0x00000008   Data   RW          958    .data               RTX_CM3.LIB(rt_timer.o)
    0x200000b8   0x00000004   Data   RW         1311    .data               mc_w.l(stdout.o)
    0x200000bc   0x00000004   Data   RW         1318    .data               mc_w.l(mvars.o)
    0x200000c0   0x00000004   Data   RW         1319    .data               mc_w.l(mvars.o)
    0x200000c4   0x00000004   Data   RW         1323    .data               mc_w.l(errno.o)
    0x200000c8   0x000017ac   Zero   RW           67    .bss                rtx_conf_cm.o
    0x20001874   0x00000028   Zero   RW          203    .bss                function.o
    0x2000189c   0x00000230   Zero   RW          240    .bss                task.o
    0x20001acc   0x00000030   Zero   RW          441    .bss                RTX_CM3.LIB(rt_task.o)
    0x20001afc   0x00000030   Zero   RW          738    .bss                RTX_CM3.LIB(rt_list.o)
    0x20001b2c   0x00000004   PAD
    0x20001b30   0x00000200   Zero   RW           90    HEAP                startup_stm32f10x_md.o
    0x20001d30   0x00000400   Zero   RW           89    STACK               startup_stm32f10x_md.o


==============================================================================

Image component sizes


      Code (inc. data)   RO Data    RW Data    ZI Data      Debug   Object Name

       120         48          0          0          0        438   app_pack.o
      1884       1170        802          0          0       1884   app_plug.o
         0          0          0          0          0       4244   core_cm3.o
       704        112          0          0         40      18435   function.o
        32          8          0          0          0     238387   main.o
       220         20          0          0          0       1717   misc.o
      1060         54          0          0          0       2265   module.o
       532         38          0          1          0       3326   pack.o
        10          0         40          4       6060       8520   rtx_conf_cm.o
        36          8        236          0       1536        736   startup_stm32f10x_md.o
      1468         34          0          0          0       7950   stm32f10x_flash.o
       856         40          0          0          0       5561   stm32f10x_gpio.o
       244         38          0          0          0       1513   stm32f10x_it.o
       940         52          0         20          0       8692   stm32f10x_rcc.o
       780         14          0          0          0       6442   stm32f10x_spi.o
      3610         88          0          0          0      22048   stm32f10x_tim.o
      1032         22          0          0          0       8288   stm32f10x_usart.o
       484         44          0         20          0      31579   system_stm32f10x.o
      1644        180          0         96        560       3757   task.o

    ----------------------------------------------------------------------
     15658       1970       1110        144       8196     375782   Object Totals
         0          0         32          0          0          0   (incl. Generated)
         2          0          0          3          0          0   (incl. Padding)

    ----------------------------------------------------------------------

      Code (inc. data)   RO Data    RW Data    ZI Data      Debug   Library Member Name

         4          4          0          0          0        140   SVC_Table.o
       516         56          0          1          0       2477   hal_cm3.o
        76          4          0          0          0        509   rt_event.o
       530         36          0          0         48       6805   rt_list.o
       192          4          0          0          0        609   rt_mailbox.o
       128          0          0          0          0       1497   rt_membox.o
        96         22          0          8          0        974   rt_robin.o
       196         14          0          0          0       2282   rt_semaphore.o
       290         52          0          8          0       3343   rt_system.o
      1040        174          0          8         48       6860   rt_task.o
         6          0          0          4          0        504   rt_time.o
        64          8          0          8          0        583   rt_timer.o
        28          0          0          0          0         68   _chval.o
       158          0          0          0          0         92   _strtoul.o
        26          0          0          0          0         80   atoi.o
         8          4        133          0          0         68   ctype_o.o
         0          0          0          0          0          0   entry.o
         0          0          0          0          0          0   entry10a.o
         0          0          0          0          0          0   entry11a.o
         8          4          0          0          0          0   entry2.o
         4          0          0          0          0          0   entry5.o
         0          0          0          0          0          0   entry7b.o
         0          0          0          0          0          0   entry8b.o
         8          4          0          0          0          0   entry9a.o
         8          4          0          4          0         68   errno.o
        30          0          0          0          0          0   handlers.o
        36          8          0          0          0         68   init.o
         0          0          0          0          0          0   iusefp.o
        30          0          0          0          0         68   llshl.o
        32          0          0          0          0         68   llushr.o
       108         16          0          0          0         84   malloc.o
        26          0          0          0          0         80   memcmp.o
        36          0          0          0          0         68   memcpya.o
        36          0          0          0          0        108   memseta.o
         0          0          0          8          0          0   mvars.o
        50          8          0          0          0        152   printfb.o
         0          0          0          4          0          0   stdout.o
        28          0          0          0          0         76   strcmp.o
        18          0          0          0          0         68   strcpy.o
        14          0          0          0          0         68   strlen.o
       112          0          0          0          0         88   strtol.o
       222          0          0          0          0        100   ddiv.o
       190          0          0          0          0        176   depilogue.o
        50          0          0          0          0         76   dfixui.o
        26          0          0          0          0         76   dfltui.o
       228          0          0          0          0         92   dmul.o

    ----------------------------------------------------------------------
      4670        422        134         56        100      28475   Library Totals
        12          0          1          3          4          0   (incl. Padding)

    ----------------------------------------------------------------------

      Code (inc. data)   RO Data    RW Data    ZI Data      Debug   Library Name

      3138        374          0         37         96      26583   RTX_CM3.LIB
       804         48        133         16          0       1372   mc_w.l
       716          0          0          0          0        520   mf_w.l

    ----------------------------------------------------------------------
      4670        422        134         56        100      28475   Library Totals

    ----------------------------------------------------------------------

==============================================================================


      Code (inc. data)   RO Data    RW Data    ZI Data      Debug   

     20328       2392       1244        200       8296     399369   Grand Totals
     20328       2392       1244        200       8296     399369   ELF Image Totals
     20328       2392       1244        200          0          0   ROM Totals

==============================================================================

    Total RO  Size (Code + RO Data)                21572 (  21.07kB)
    Total RW  Size (RW Data + ZI Data)              8496 (   8.30kB)
    Total ROM Size (Code + RO Data + RW Data)      21772 (  21.26kB)

==============================================================================

